02-11 14:31:28.037  4811  5255 V FaceDetectorV2Jni: detectFacesImageByteBufferMultiPlanes.start()
02-11 14:31:28.038  1646  2558 D VRI[ScreenDecorOverlayBottom]@3d902ad: mThreadedRenderer.initialize() mSurface={isValid=true 0xb4000071a12fa710} hwInitialized=true
02-11 14:31:28.038   851   851 I SurfaceFlinger: [ScreenDecorOverlayBottom$_1646#473410] attach to parent LayerHierarchy{RequestedLayerState{65939cd ScreenDecorOverlayBottom#473408 parentId=473407} 1 children}
02-11 14:31:28.038  1646  2558 D VRI[ScreenDecorOverlayBottom]@3d902ad: reportNextDraw android.view.ViewRootImpl.performTraversals:5443 android.view.ViewRootImpl.doTraversal:3924 android.view.ViewRootImpl$TraversalRunnable.run:12903 android.view.Choreographer$CallbackRecord.run:1901 android.view.Choreographer$CallbackRecord.run:1910 
02-11 14:31:28.039  1646  2558 D VRI[ScreenDecorOverlayBottom]@3d902ad: Setup new sync=wmsSync-VRI[ScreenDecorOverlayBottom]@3d902ad#2
02-11 14:31:28.039  1646  2558 I VRI[ScreenDecorOverlayBottom]@3d902ad: Creating new active sync group VRI[ScreenDecorOverlayBottom]@3d902ad#3
02-11 14:31:28.039  1199  2765 D SurfaceComposerClient: setCornerRadius ## 716cab8 com.talkar.app/com.talkar.app.MainActivity#473394 cornerRadius=0.000000
02-11 14:31:28.039  4811  5255 I tflite  : Replacing 65 out of 65 node(s) with delegate (TfLiteXNNPackDelegate) node, yielding 1 partitions for the whole graph.
02-11 14:31:28.042  1646  1646 I VRI[ScreenDecorOverlayBottom]@3d902ad: Resizing android.view.ViewRootImpl@5840906: frame = [0,2249][1080,2340] reportDraw = true forceLayout = false syncSeqId = -1
02-11 14:31:28.045  1199  2765 D SurfaceComposerClient: setCornerRadius ## 716cab8 com.talkar.app/com.talkar.app.MainActivity#473394 cornerRadius=0.000000
02-11 14:31:28.047  1646  2558 D VRI[ScreenDecorOverlayBottom]@3d902ad: registerCallbacksForSync syncBuffer=false
02-11 14:31:28.047  1646  2029 D VRI[ScreenDecorOverlayBottom]@3d902ad: Received frameDrawingCallback syncResult=0 frameNum=1.
02-11 14:31:28.050  1646  2029 I VRI[ScreenDecorOverlayBottom]@3d902ad: mWNT: t=0xb4000071e0db6a50 mBlastBufferQueue=0xb4000070e133ab10 fn= 1 HdrRenderState mRenderHdrSdrRatio=1.0 caller= android.view.ViewRootImpl$12.onFrameDraw:15441 android.view.ThreadedRenderer$1.onFrameDraw:718 <bottom of call stack> 
02-11 14:31:28.050  1646  2029 I VRI[ScreenDecorOverlayBottom]@3d902ad: Setting up sync and frameCommitCallback
02-11 14:31:28.051  1646  2030 I BLASTBufferQueue: [VRI[ScreenDecorOverlayBottom]@3d902ad#19450](f:0,a:0,s:0) onFrameAvailable the first frame is available
02-11 14:31:28.052  1646  2030 I VRI[ScreenDecorOverlayBottom]@3d902ad: Received frameCommittedCallback lastAttemptedDrawFrameNum=1 didProduceBuffer=true
02-11 14:31:28.052   851  1104 I SurfaceFlinger: [ScreenDecorOverlayBottom$_1646#473410] setTransactionState with the first frame. bufferData(ID: 7069516390320, frameNumber: 1)
02-11 14:31:28.052  1646  2030 D HWUI    : CFMS:: SetUp Pid : 1646    Tid : 2030
02-11 14:31:28.052  1646  2558 D VRI[ScreenDecorOverlayBottom]@3d902ad: reportDrawFinished seqId=0
02-11 14:31:28.053  1646  2030 D HWUI    : HWUI - treat SMPTE_170M as sRGB
02-11 14:31:28.053  1199  4767 D WindowManager: finishDrawingWindow: Window{65939cd u0 ScreenDecorOverlayBottom} mDrawState=DRAW_PENDING seqId=0
02-11 14:31:28.053  1199  1226 D SurfaceComposerClient: setCornerRadius ## 716cab8 com.talkar.app/com.talkar.app.MainActivity#473394 cornerRadius=0.000000
02-11 14:31:28.054  1199  1226 V WindowManager: performShowLocked: mDrawState=HAS_DRAWN in Window{65939cd u0 ScreenDecorOverlayBottom}
02-11 14:31:28.055   851   851 I SurfaceFlinger: RequestedLayer [ScreenDecorOverlay$_1646#473409] hidden!! flag  from(1) --> to(0)
02-11 14:31:28.055  1199  1226 D SurfaceComposerClient: setCornerRadius ## 716cab8 com.talkar.app/com.talkar.app.MainActivity#473394 cornerRadius=0.000000
02-11 14:31:28.058  4811  5255 I tflite  : Replacing 65 out of 65 node(s) with delegate (TfLiteXNNPackDelegate) node, yielding 1 partitions for the whole graph.
02-11 14:31:28.062   851   851 D SurfaceFlinger: Display 4633128672291735932 HWC layers:
02-11 14:31:28.062   851   851 D SurfaceFlinger:        DEVICE |           20663087661061 | 00000102 | 0x0000022    |    0.0  133.0 1440.0  947.0 |    0  429 1080 2340 | f958bbe SurfaceView[com.talkar.app/c[...]ar.app.MainActivity]@0(BLAST)#473402 (63)
02-11 14:31:28.062   851   851 D SurfaceFlinger:        DEVICE |           20663087661057 | 00002100 | RGBA_8888    |    0.0    0.0 1080.0 2340.0 |    0    0 1080 2340 | com.talkar.app/com.talkar.app.MainActivity$_4811#473395 (7)
02-11 14:31:28.062   851   851 D SurfaceFlinger:        CLIENT |           89373974463209 | 00002100 | RGBA_8888    |    0.0    0.0    1.0    1.0 |  540 1215  541 1216 | $_20809#237 (3440)
02-11 14:31:28.062   851   851 D SurfaceFlinger:        DEVICE |            7069516390289 | 00002100 | RGBA_8888    |    0.0    0.0 1080.0   91.0 |    0    0 1080   91 | StatusBar$_1646#103 (699836)
02-11 14:31:28.062   851   851 D SurfaceFlinger:        DEVICE |           10574209567160 | 00002100 | RGBA_8888    |    0.0    0.0   67.0  346.0 | 1013  379 1080  725 | com.sec.android.app.launcher/com.sam[...].app.CocktailBarService$_2462#473363 (1)
02-11 14:31:28.062   851   851 D SurfaceFlinger:        DEVICE |            7069516390313 | 00002100 | RGBA_8888    |    0.0    0.0 1080.0  135.0 |    0 2
02-11 14:31:28.062   851   851 D SurfaceFlinger: 205 1080 2340 | NavigationBar0$_1646#99 (537102)
02-11 14:31:28.062   851   851 D SurfaceFlinger:        DEVICE |            7069516390315 | 00002140 | RGBA_8888    |    0.0    0.0 1080.0   91.0 |    0    0 1080   91 | ScreenDecorOverlay$_1646#473409 (1)
02-11 14:31:28.062   851   851 D SurfaceFlinger: 
02-11 14:31:28.064  4811  5255 V FaceDetectorV2Jni: detectFacesImageByteBuffer.end()
02-11 14:31:28.064  4811  5255 V FaceDetectorV2Jni: detectFacesImageByteBufferMultiPlanes.start()
02-11 14:31:28.068  1646  2558 I VRI[ScreenDecorOverlayBottom]@3d902ad: handleResized, frames=ClientWindowFrames{frame=[0,2249][1080,2340] display=[0,0][1080,2340] parentFrame=[0,0][0,0]} displayId=0 dragResizing=false compatScale=1.0 frameChanged=false attachedFrameChanged=false configChanged=false displayChanged=false compatScaleChanged=false dragResizingChanged=false
02-11 14:31:28.068  1646  2558 I VRI[ScreenDecorOverlayBottom]@3d902ad: handleResized mSyncSeqId = 0
02-11 14:31:28.068  1646  2558 D VRI[ScreenDecorOverlayBottom]@3d902ad: reportNextDraw android.view.ViewRootImpl.handleResized:2983 android.view.ViewRootImpl.-$$Nest$mhandleResized:0 android.view.ViewRootImpl$ViewRootHandler.handleMessageImpl:8341 android.view.ViewRootImpl$ViewRootHandler.handleMessage:8301 android.os.Handler.dispatchMessage:110 
02-11 14:31:28.070  4811  5255 V FaceDetectorV2Jni: detectFacesImageByteBuffer.end()
02-11 14:31:28.071   851   851 I SurfaceFlinger: RequestedLayer [ScreenDecorOverlayBottom$_1646#473410] hidden!! flag  from(1) --> to(0)
02-11 14:31:28.072  1646  2558 D VRI[ScreenDecorOverlayBottom]@3d902ad: Setup new sync=wmsSync-VRI[ScreenDecorOverlayBottom]@3d902ad#4
02-11 14:31:28.073  1646  2558 I VRI[ScreenDecorOverlayBottom]@3d902ad: Creating new active sync group VRI[ScreenDecorOverlayBottom]@3d902ad#5
02-11 14:31:28.074   575   575 D io_stats: !@   8,0 r 498307869 9943504484 w 122976059 1206618996 d 16741751 650272112 f 10628367 9228361 iot 232310704 0 th 0 0 0 pt 0 inp 0 0 1879215.241
02-11 14:31:28.074   575   575 D io_stats: !@ Read_top(KB): binder:818_2(818) 37656 ng.android.scpm(5070) 12260 tcamerasettings(4939) 8688
02-11 14:31:28.074   575   575 D io_stats: !@ Write_top(KB): kworker/u16:0(32292) 484 stagram.android(660) 332 f2fs_ckpt-254:5(617) 332
02-11 14:31:28.074  4811  4811 D SimplifiedCamera: Diagnostics: Face=false, Match=false
02-11 14:31:28.078   851   851 D SurfaceFlinger: Display 4633128672291735932 HWC layers:
02-11 14:31:28.078   851   851 D SurfaceFlinger:        DEVICE |           20663087661061 | 00000102 | 0x0000022    |    0.0  133.0 1440.0  947.0 |    0  429 1080 2340 | f958bbe SurfaceView[com.talkar.app/c[...]ar.app.MainActivity]@0(BLAST)#473402 (63)
02-11 14:31:28.078   851   851 D SurfaceFlinger:        DEVICE |           20663087661057 | 00002100 | RGBA_8888    |    0.0    0.0 1080.0 2340.0 |    0    0 1080 2340 | com.talkar.app/com.talkar.app.MainActivity$_4811#473395 (7)
02-11 14:31:28.078   851   851 D SurfaceFlinger:        CLIENT |           89373974463209 | 00002100 | RGBA_8888    |    0.0    0.0    1.0    1.0 |  540 1215  541 1216 | $_20809#237 (3440)
02-11 14:31:28.078   851   851 D SurfaceFlinger:        DEVICE |            7069516390270 | 00002100 | RGBA_8888    |    0.0    0.0 1080.0   91.0 |    0    0 1080   91 | StatusBar$_1646#103 (699837)
02-11 14:31:28.078   851   851 D SurfaceFlinger:        DEVICE |           10574209567160 | 00002100 | RGBA_8888    |    0.0    0.0   67.0  346.0 | 1013  379 1080  725 | com.sec.android.app.launcher/com.sam[...].app.CocktailBarService$_2462#473363 (1)
02-11 14:31:28.078   851   851 D SurfaceFlinger:        DEVICE |            7069516390313 | 00002100 | RGBA_8888    |    0.0    0.0 1080.0  135.0 |    0 2
02-11 14:31:28.078   851   851 D SurfaceFlinger: 205 1080 2340 | NavigationBar0$_1646#99 (537102)
02-11 14:31:28.078   851   851 D SurfaceFlinger:        DEVICE |            7069516390317 | 00002140 | RGBA_8888    |    0.0    0.0 1080.0   91.0 |    0    0 1080   91 | ScreenDecorOverlay$_1646#473409 (2)
02-11 14:31:28.078   851   851 D SurfaceFlinger:        DEVICE |            7069516390321 | 00002140 | RGBA_8888    |    0.0    0.0 1080.0   91.0 |    0 2249 1080 2340 | ScreenDecorOverlayBottom$_1646#473410 (2)
02-11 14:31:28.078   851   851 D SurfaceFlinger: 
02-11 14:31:28.081  1646  2558 D VRI[ScreenDecorOverlayBottom]@3d902ad: registerCallbacksForSync syncBuffer=false
02-11 14:31:28.081  1646  2028 D VRI[ScreenDecorOverlayBottom]@3d902ad: Received frameDrawingCallback syncResult=0 frameNum=3.
02-11 14:31:28.081  1646  2028 I VRI[ScreenDecorOverlayBottom]@3d902ad: Setting up sync and frameCommitCallback
02-11 14:31:28.084  1646  2030 I VRI[ScreenDecorOverlayBottom]@3d902ad: Received frameCommittedCallback lastAttemptedDrawFrameNum=3 didProduceBuffer=true
02-11 14:31:28.084  1646  2558 D VRI[ScreenDecorOverlayBottom]@3d902ad: reportDrawFinished seqId=0
02-11 14:31:28.085  1199  2765 D WindowManager: finishDrawingWindow: Window{65939cd u0 ScreenDecorOverlayBottom} mDrawState=HAS_DRAWN seqId=0
02-11 14:31:28.086  1199  1226 D SurfaceComposerClient: setCornerRadius ## 716cab8 com.talkar.app/com.talkar.app.MainActivity#473394 cornerRadius=0.000000
02-11 14:31:28.086  1199  1226 D SurfaceComposerClient: setCornerRadius ## 716cab8 com.talkar.app/com.talkar.app.MainActivity#473394 cornerRadius=0.000000
02-11 14:31:28.090  4811  4914 V FaceDetectorV2Jni: detectFacesImageByteBufferMultiPlanes.start()
02-11 14:31:28.093  4811  4914 I tflite  : Replacing 65 out of 65 node(s) with delegate (TfLiteXNNPackDelegate) node, yielding 1 partitions for the whole graph.
02-11 14:31:28.111  4811  4914 I tflite  : Replacing 65 out of 65 node(s) with delegate (TfLiteXNNPackDelegate) node, yielding 1 partitions for the whole graph.
02-11 14:31:28.116  4811  4914 V FaceDetectorV2Jni: detectFacesImageByteBuffer.end()
02-11 14:31:28.117  4811  4914 V FaceDetectorV2Jni: detectFacesImageByteBufferMultiPlanes.start()
02-11 14:31:28.122  4811  4914 V FaceDetectorV2Jni: detectFacesImageByteBuffer.end()
02-11 14:31:28.124  4811  4811 D SimplifiedCamera: Diagnostics: Face=false, Match=false
02-11 14:31:28.126   818  5111 I ENN_FRAMEWORK: 2.1.19: * ExecuteModel: 0x332B2000000
02-11 14:31:28.141  4811  5228 V FaceDetectorV2Jni: detectFacesImageByteBufferMultiPlanes.start()
02-11 14:31:28.143  4811  5228 I tflite  : Replacing 65 out of 65 node(s) with delegate (TfLiteXNNPackDelegate) node, yielding 1 partitions for the whole graph.
02-11 14:31:28.149  1199  1508 D SemWifiTrafficPoller: getSoftApTotalTrafficInBytes:43500902
02-11 14:31:28.160  4811  5228 I tflite  : Replacing 65 out of 65 node(s) with delegate (TfLiteXNNPackDelegate) node, yielding 1 partitions for the whole graph.
02-11 14:31:28.165  4811  5228 V FaceDetectorV2Jni: detectFacesImageByteBuffer.end()
02-11 14:31:28.166  4811  5228 V FaceDetectorV2Jni: detectFacesImageByteBufferMultiPlanes.start()
02-11 14:31:28.171  4811  5228 V FaceDetectorV2Jni: detectFacesImageByteBuffer.end()
02-11 14:31:28.175  4811  4811 D SimplifiedCamera: Diagnostics: Face=false, Match=false
02-11 14:31:28.191  4811  5242 V FaceDetectorV2Jni: detectFacesImageByteBufferMultiPlanes.start()
02-11 14:31:28.193  4811  5242 I tflite  : Replacing 65 out of 65 node(s) with delegate (TfLiteXNNPackDelegate) node, yielding 1 partitions for the whole graph.
02-11 14:31:28.213  4811  5242 I tflite  : Replacing 65 out of 65 node(s) with delegate (TfLiteXNNPackDelegate) node, yielding 1 partitions for the whole graph.
02-11 14:31:28.218  4811  5242 V FaceDetectorV2Jni: detectFacesImageByteBuffer.end()
02-11 14:31:28.218  4811  5242 V FaceDetectorV2Jni: detectFacesImageByteBufferMultiPlanes.start()
02-11 14:31:28.223  4811  5242 V FaceDetectorV2Jni: detectFacesImageByteBuffer.end()
02-11 14:31:28.227  4811  4811 D SimplifiedCamera: Diagnostics: Face=false, Match=false
02-11 14:31:28.239  4811  5243 V FaceDetectorV2Jni: detectFacesImageByteBufferMultiPlanes.start()
02-11 14:31:28.241  4811  5243 I tflite  : Replacing 65 out of 65 node(s) with delegate (TfLiteXNNPackDelegate) node, yielding 1 partitions for the whole graph.
02-11 14:31:28.259  4811  5243 I tflite  : Replacing 65 out of 65 node(s) with delegate (TfLiteXNNPackDelegate) node, yielding 1 partitions for the whole graph.
02-11 14:31:28.264  4811  5243 V FaceDetectorV2Jni: detectFacesImageByteBuffer.end()
02-11 14:31:28.265  4811  5243 V FaceDetectorV2Jni: detectFacesImageByteBufferMultiPlanes.start()
02-11 14:31:28.270  4811  5243 V FaceDetectorV2Jni: detectFacesImageByteBuffer.end()
02-11 14:31:28.273  1605  2240 D Am      : Broadcasting: Intent { act=com.samsung.intent.action.BIG_DATA_INFO (has extras) }
02-11 14:31:28.274  1605  1605 D TelephonyManager: requestModemActivityInfo: Sending result to app: ModemActivityInfo{ mTimestamp=2631186968 mSleepTimeMs=1367420319 mIdleTimeMs=199136672 mActivityStatsTechSpecificInfo=[{mRat=UNKNOWN,mFrequencyRange=UNKNOWN,mTxTimeMs[]=[9758131, 2458807, 8103071, 4126744, 5239703],mRxTimeMs=601088854}]}
02-11 14:31:28.276  4811  4811 D SimplifiedCamera: Diagnostics: Face=false, Match=false
02-11 14:31:28.282  1199  1448 I NSLocationMonitor: Broadcast receiver, action=com.samsung.intent.action.BIG_DATA_INFO
02-11 14:31:28.284  1605  1605 D SemBigDataInfoController: Intent: com.samsung.intent.action.BIG_DATA_INFO
02-11 14:31:28.285  1605  1605 D SemBigDataInfoController: BIG_DATA insertLog slot: 0, feature: CMAI
02-11 14:31:28.286  1199  1244 D BatteryStatsImpl: SemModemActivityInfo{ SleepTimeMs=3817 IdleTimeMs=546 mNr=MobileActivity{ txTimeMs[]=[5, 108, 84, 123, 248] rxTimeMs=10750 txBytes=158864 rxBytes=308008 } mLc=MobileActivity{ txTimeMs[]=[0, 0, 0, 0, 0] rxTimeMs=0 txBytes=0 rxBytes=0 } }
02-11 14:31:28.288  1605  1605 D SemBigDataInfoController: Intent: com.samsung.intent.action.BIG_DATA_INFO
02-11 14:31:28.290  4811  5244 V FaceDetectorV2Jni: detectFacesImageByteBufferMultiPlanes.start()
02-11 14:31:28.292  4811  5244 I tflite  : Replacing 65 out of 65 node(s) with delegate (TfLiteXNNPackDelegate) node, yielding 1 partitions for the whole graph.
02-11 14:31:28.295  1605  2240 D Am      : Broadcast completed: result=0
02-11 14:31:28.309  3469  3492 I AidlLazyServiceRegistrar: Process has 0 (of 1 available) client(s) in use after notification artd has clients: 0
02-11 14:31:28.309  1199  4767 I EDMNativeHelperService: isCameraEnabled
02-11 14:31:28.309  3469  3492 I AidlLazyServiceRegistrar: Trying to shut down the service. No clients in use for any service in process.
02-11 14:31:28.309  1199  4767 D EDMNativeHelper: isCameraEnabled
02-11 14:31:28.309  1199  4767 D EDMNativeHelper: checking for camera in EnterpriseDeviceManagerService
02-11 14:31:28.309  1199  4767 D EnterpriseDeviceManagerService: isCameraEnabledNative
02-11 14:31:28.309  1199  4767 D EnterpriseDeviceManagerService: checking for camera in restriction policy
02-11 14:31:28.309  1199  4767 D RestrictionPolicy: isCameraEnabled ret(true) userId(0) cxtInfo.mCallerUid(10433) cxtInfo.mContainerId(0)
02-11 14:31:28.310  4811  5244 I tflite  : Replacing 65 out of 65 node(s) with delegate (TfLiteXNNPackDelegate) node, yielding 1 partitions for the whole graph.
02-11 14:31:28.311  3469  3492 I AidlLazyServiceRegistrar: Unregistered all clients and exiting
02-11 14:31:28.315  4811  5244 V FaceDetectorV2Jni: detectFacesImageByteBuffer.end()
02-11 14:31:28.316  4811  5244 V FaceDetectorV2Jni: detectFacesImageByteBufferMultiPlanes.start()
02-11 14:31:28.321  4811  5244 V FaceDetectorV2Jni: detectFacesImageByteBuffer.end()
02-11 14:31:28.326  1605  2284 D SatelliteController: isInCarrierRoamingNbIotNtn: satellite is disabled
02-11 14:31:28.326  1199  1508 D SemCellularStateManager: onSignalStrengthsChanged: mCellularSignalLevel=2
02-11 14:31:28.329  4811  4811 D SimplifiedCamera: Diagnostics: Face=false, Match=false
02-11 14:31:28.344  4811  5249 V FaceDetectorV2Jni: detectFacesImageByteBufferMultiPlanes.start()
02-11 14:31:28.346  4811  5249 I tflite  : Replacing 65 out of 65 node(s) with delegate (TfLiteXNNPackDelegate) node, yielding 1 partitions for the whole graph.
02-11 14:31:28.348  1730  1758 W CrashLoopRemedyLog: unable to delete remedy log, instaCrash: true
02-11 14:31:28.365  4811  5249 I tflite  : Replacing 65 out of 65 node(s) with delegate (TfLiteXNNPackDelegate) node, yielding 1 partitions for the whole graph.
02-11 14:31:28.370  4811  5249 V FaceDetectorV2Jni: detectFacesImageByteBuffer.end()
02-11 14:31:28.370  4811  5249 V FaceDetectorV2Jni: detectFacesImageByteBufferMultiPlanes.start()
02-11 14:31:28.376  4811  5249 V FaceDetectorV2Jni: detectFacesImageByteBuffer.end()
02-11 14:31:28.378  4811  4811 D SimplifiedCamera: Diagnostics: Face=false, Match=false
02-11 14:31:28.389  4811  5254 V FaceDetectorV2Jni: detectFacesImageByteBufferMultiPlanes.start()
02-11 14:31:28.390  1646  1646 I BLASTBufferQueue_Java: update, w= 1080 h= 91 mName = VRI[StatusBar]@e6e5879 mNativeObject= 0xb4000070e0dd14d0 sc.mNativeObject= 0xb4000071f0cb6590 format= -3 caller= android.view.ViewRootImpl.updateBlastSurfaceIfNeeded:3574 android.view.ViewRootImpl.relayoutWindow:11685 android.view.ViewRootImpl.performTraversals:4804 android.view.ViewRootImpl.doTraversal:3924 android.view.ViewRootImpl$TraversalRunnable.run:12903 android.view.Choreographer$CallbackRecord.run:1901 
02-11 14:31:28.390  1646  1646 I VRI[StatusBar]@e6e5879: Relayout returned: old=(0,0,1080,91) new=(0,0,1080,91) relayoutAsync=true req=(1080,91)0 dur=1 res=0x0 s={true 0xb4000071a0e3cf90} ch=false seqId=217
02-11 14:31:28.391  1646  1646 I VRI[StatusBar]@e6e5879: registerCallbackForPendingTransactions
02-11 14:31:28.391  4811  5254 I tflite  : Replacing 65 out of 65 node(s) with delegate (TfLiteXNNPackDelegate) node, yielding 1 partitions for the whole graph.
02-11 14:31:28.391  1199  4767 I WindowManager: Relayout Window{48754b7 u0 StatusBar}: viewVisibility=0 req=1080x91 ty=2000 d0
02-11 14:31:28.392  1199  4767 D SurfaceComposerClient: setCornerRadius ## 716cab8 com.talkar.app/com.talkar.app.MainActivity#473394 cornerRadius=0.000000
02-11 14:31:28.394  1199  4767 I WindowManager: Cancelling animation restarting=true, leash=Surface(name=Surface(name=48754b7 StatusBar)/@0x128ce30 - animation-leash of insets_animation)/@0xae8cc9e
02-11 14:31:28.394  1199  4767 I WindowManager: Reparenting to original parent: Surface(name=WindowToken{adf0fb6 type=2000 android.os.BinderProxy@32d878})/@0x6529aa9, destroy=false, surface=Surface(name=48754b7 StatusBar)/@0x128ce30
02-11 14:31:28.395  1199  4767 I WindowManager: Reparenting to leash, surface=Surface(name=48754b7 StatusBar)/@0x128ce30, leashParent=Surface(name=WindowToken{adf0fb6 type=2000 android.os.BinderProxy@32d878})/@0x6529aa9
02-11 14:31:28.395   851  1105 I SurfaceFlinger: id=473411 createSurf, flag=24000, Surface(name=48754b7 StatusBar)/@0x128ce30 - animation-leash of insets_animation#473411
02-11 14:31:28.396  1646  2029 I VRI[StatusBar]@e6e5879: mWNT: t=0xb4000071e0de76d0 mBlastBufferQueue=0xb4000070e0dd14d0 fn= 699858 HdrRenderState mRenderHdrSdrRatio=1.0 caller= android.view.ViewRootImpl$10.onFrameDraw:6536 android.view.ViewRootImpl$4.onFrameDraw:2489 android.view.ThreadedRenderer$1.onFrameDraw:718 
02-11 14:31:28.398  1199  4767 D WindowManager: makeSurface duration=3 leash=Surface(name=Surface(name=48754b7 StatusBar)/@0x128ce30 - animation-leash of insets_animation)/@0x76e4501
02-11 14:31:28.398  1199  4767 D InsetsSourceProvider: updateControlForTarget: control=InsetsSourceControl: {a1400000 mType=statusBars initiallyVisible mSurfacePosition=Point(0, 0) mInsetsHint=Insets{left=0, top=91, right=0, bottom=0}}, target=Window{716cab8 u0 com.talkar.app/com.talkar.app.MainActivity}, from=com.android.server.wm.InsetsStateController.onControlTargetChanged:83 com.android.server.wm.InsetsPolicy.updateBarControlTarget:212 com.android.server.wm.DisplayPolicy.updateSystemBarAttributes:262 com.android.server.wm.DisplayPolicy.finishPostLayoutPolicyLw:17 com.android.server.wm.RootWindowContainer.applySurfaceChangesTransaction$1:195 
02-11 14:31:28.399  1199  4767 D InsetsSourceProvider: updateFakeControlTarget: fakeControl=InsetsSourceControl: {a1400000 mType=statusBars mSurfacePosition=Point(0, 0) mInsetsHint=Insets{left=0, top=0, right=0, bottom=0}}, fakeTarget=null
02-11 14:31:28.400  1199  4767 D SurfaceComposerClient: setCornerRadius ## 716cab8 com.talkar.app/com.talkar.app.MainActivity#473394 cornerRadius=0.000000
02-11 14:31:28.403  1199  4767 I WindowManager: Relayout hash=48754b7, pid=0, syncId=-1: mAttrs={(0,0)(fillx91) gr=TOP CENTER_VERTICAL sim={adjust=pan} layoutInDisplayCutoutMode=always ty=STATUS_BAR fmt=TRANSLUCENT
02-11 14:31:28.403  1199  4767 I WindowManager:   fl=81000008
02-11 14:31:28.403  1199  4767 I WindowManager:   pfl=11000000
02-11 14:31:28.403  1199  4767 I WindowManager:   bhv=1
02-11 14:31:28.403  1199  4767 I WindowManager:   providedInsets:
02-11 14:31:28.403  1199  4767 I WindowManager:     InsetsFrameProvider: {id=#a1400000, index=0, type=statusBars, source=FRAME, flags=[], insetsSize=Insets{left=0, top=91, right=0, bottom=0}}
02-11 14:31:28.403  1199  4767 I WindowManager:     InsetsFrameProvider: {id=#a1400006, index=0, type=tappableElement, source=FRAME, flags=[], insetsSize=Insets{left=0, top=91, right=0, bottom=0}}
02-11 14:31:28.403  1199  4767 I WindowManager:     InsetsFrameProvider: {id=#a1400005, index=0, type=mandatorySystemGestures, source=FRAME, flags=[], mMinimalInsetsSizeInDisplayCutoutSafe=Insets{left=0, top=34, right=0, bottom=0}}
02-11 14:31:28.403  1199  4767 I WindowManager:   frameRateBoostOnTouch=true
02-11 14:31:28.403  1199  4767 I WindowManager:   dvrrWindowFrameRateHint=true
02-11 14:31:28.403  1199  4767 I WindowManager:   paramsForRotation:
02-11 14:31:28.403  1199  4767 I WindowManager:     ROTATION_0={(0,0)(fillx91) gr=TOP CENTER_VERTICAL layoutInDisplayCutoutMode=always ty=STATUS_BAR fmt=TRANSLUCENT
02-11 14:31:28.403  1199  4767 I WindowManager:       fl=80000008
02-11 14:31:28.403  1199  4767 I WindowManager:       pfl=11000000
02-11 14:31:28.403  1199  4767 I WindowManager:       bhv=1
02-11 14:31:28.403  1199  4767 I WindowManager:       providedInsets:
02-11 14:31:28.403  1199  4767 I WindowManager:         InsetsFrameProvider: {id=#a1400000, index=0, type=statusBars, source=FRAME, flags=[], insetsSize=Insets{left=0, top=91, right=0, bottom=0}}
02-11 14:31:28.403  1199  4767 I WindowManager:         InsetsFrameProvider: {id=#a1400006, index=0, type=tappableElement, source=FRAME, flags=[], insetsSize=Insets{left=0, top=91, right=0, bottom=0}}
02-11 14:31:28.403  1199  4767 I WindowManager:         InsetsFrameProvider: {id=#a1400005, index=0, type=mandatorySystemGestures, source=FRAME, flags=[], insetsSize=Insets{left=0, top=91, right=0, bottom=0}, mMinimalInsetsSizeInDisplayCutoutSafe=Insets{left=0, top=34, right=0, bottom=0}}
02-11 14:31:28.403  1199  4767 I WindowManager:       frameRateBoostOnTouch=true
02-11 14:31:28.403  1199  4767 I WindowManager:       dvrrWindowFrameRateHint=true naviIconColor=0}
02-11 14:31:28.403  1199  4767 I WindowManager:     ROTATION_90={(0,0)(fillx84) gr=TOP CENTER_VERTICAL layoutInDisplayCutoutMode=always ty=STATUS_BAR fmt=TRANSLUCENT
02-11 14:31:28.403  1199  4767 I WindowManager:       fl=80000008
02-11 14:31:28.403  1199  4767 I WindowManager:       pfl=11000000
02-11 14:31:28.403  1199  4767 I WindowManager:       bhv=1
02-11 14:31:28.403  1199  4767 I WindowManager:       providedInsets:
02-11 14:31:28.403  1199  4767 I WindowManager:         InsetsFrameProvider: {id=#a1400000, index=0, type=statusBars, source=FRAME, flags=[], insetsSize=Insets{left=0, top=84, right=0, bottom=0}}
02-11 14:31:28.403  1199  4767 I WindowManager:         InsetsFrameProvider: {id=#a1400006, index=0, type=tappableElement, source=FRAME, flags=[], insetsSize=Insets{left=0, top=84, right=0, bottom=0}}
02-11 14:31:28.403  1199  4767 I WindowManager:         InsetsFrameProvider: {id=#a1400005, index=0, type=mandatorySystemGestures, source=FRAME, flags=[], insetsSize=Insets{left=0, top=84, right=0, bottom=0}, mMinimalInsetsSizeInDisplayCutoutSafe=Insets{left=0, top=34, right=0, bottom=0}}
02-11 14:31:28.403  1199  4767 I WindowManager:       frameRateBoostOnTouch=true
02-11 14:31:28.403  1199  4767 I WindowManager:       dvrrWindowFrameRateHint=true naviIconColor=0}
02-11 14:31:28.403  1199  4767 I WindowManager:     ROTATION_180={(0,0)(fillx91) gr=TOP CENTER_VERTICAL layoutInDisplayCutoutMode=always ty=STATUS_BAR fmt=TRANSLUCENT
02-11 14:31:28.403  1199  4767 I WindowManager:       fl=80000008
02-11 14:31:28.403  1199  4767 I WindowManager:       pfl=11000000
02-11 14:31:28.403  1199  4767 I WindowManager:       bhv=1
02-11 14:31:28.403  1199  4767 I WindowManager:       providedInsets:
02-11 14:31:28.403  1199  4767 I WindowManager:         InsetsFrameProvider: {id=#a1400000, index=0, type=statusBars, source=FRAME, flags=[], insetsSize=Insets{left=0, top=91, right=0, bottom=0}}
02-11 14:31:28.403  1199  4767 I WindowManager:         InsetsFrameProvider: {id=#a1400006, index=0, type=tappableElement, source=FRAME, flags=[], insetsSize=Insets{left=0, top=91, right=0, bottom=0}}
02-11 14:31:28.403  1199  4767 I WindowManager:         InsetsFrameProvider: {id=#a1400005, index=0, type=mandatorySystemGestures, source=FRAME, flags=[], insetsSize=Insets{left=0, top=91, right=0, bottom=0}, mMinimalInsetsSizeInDisplayCutoutSafe=Insets{left=0, top=34, right=0, bottom=0}}
02-11 14:31:28.403  1199  4767 I WindowManager:       frameRateBoostOnTouch=true
02-11 14:31:28.403  1199  4767 I WindowManager:       dvrrWindowFrameRateHint=true naviIconColor=0}
02-11 14:31:28.403  1199  4767 I WindowManager:     ROTATION_270={(0,0)(fillx84) gr=TOP CENTER_VERTICAL layoutInDisplayCutoutMode=always ty=STATUS_BAR fmt=TRANSLUCENT
02-11 14:31:28.403  1199  4767 I WindowManager:       fl=80000008
02-11 14:31:28.403  1199  4767 I WindowManager:       pfl=11000000
02-11 14:31:28.403  1199  4767 I WindowManager:       bhv=1
02-11 14:31:28.403  1199  4767 I WindowManager:       providedInsets:
02-11 14:31:28.403  1199  4767 I WindowManager:         InsetsFrameProvider: {id=#a1400000, index=0, type=statusBars, source=FRAME, flags=[], insetsSize=Insets{left=0, top=84, right=0, bottom=0}}
02-11 14:31:28.403  1199  4767 I WindowManager:         InsetsFrameProvider: {id=#a1400006, index=0, type=tappableElement, source=FRAME, flags=[], insetsSize=Insets{left=0, top=84, right=0, bottom=0}}
02-11 14:31:28.403  1199  4767 I WindowManager:         InsetsFrameProvider: {id=#a1400005, index=0, type=mandatorySystemGestures, source=FRAME, flags=[], insetsSize=Insets{left=0, top=84, right=0, bottom=0}, mMinimalInsetsSizeInDisplayCutoutSafe=Insets{left=0, top=34, right=0, bottom=0}}
02-11 14:31:28.403  1199  4767 I WindowManager:       frameRateBoostOnTouch=true
02-11 14:31:28.403  1199  4767 I WindowManager:       dvrrWindowFrameRateHint=true naviIconColor=0} naviIconColor=0}
02-11 14:31:28.405   851   851 I SurfaceFlinger: [Surface(name=48754b7 StatusBar)/@0x128ce30 - animation-leash of insets_animation#473411] attach to parent LayerHierarchy{RequestedLayerState{WindowToken{adf0fb6 type=2000 android.os.BinderProxy@32d878}#95 parentId=17} 2 children}
02-11 14:31:28.411  4811  5254 I tflite  : Replacing 65 out of 65 node(s) with delegate (TfLiteXNNPackDelegate) node, yielding 1 partitions for the whole graph.
02-11 14:31:28.416  4811  5254 V FaceDetectorV2Jni: detectFacesImageByteBuffer.end()
02-11 14:31:28.417  4811  5254 V FaceDetectorV2Jni: detectFacesImageByteBufferMultiPlanes.start()
02-11 14:31:28.422   851   851 I SurfaceFlinger: [LayerHierarchy{RequestedLayerState{48754b7 StatusBar#96 parentId=473411} 1 children}] reparent to LayerHierarchy{RequestedLayerState{Surface(name=48754b7 StatusBar)/@0x128ce30 - animation-leash of insets_animation#473411 parentId=95} 1 children}
02-11 14:31:28.422   851   851 I SurfaceFlinger: [LayerHierarchy{RequestedLayerState{Surface(name=48754b7 StatusBar)/@0x128ce30 - animation-leash of insets_animation#473404} no children}] reparent to OffscreenRoot
02-11 14:31:28.422   851   851 I SurfaceFlinger: [LayerHierarchy{RequestedLayerState{Surface(name=48754b7 StatusBar)/@0x128ce30 - animation-leash of insets_animation#473404} no children}] RelativeParent to null
02-11 14:31:28.422  4811  5254 V FaceDetectorV2Jni: detectFacesImageByteBuffer.end()
02-11 14:31:28.426  4811  4811 D SimplifiedCamera: Diagnostics: Face=false, Match=false
02-11 14:31:28.427   851   915 I SurfaceFlinger: id=473404 Removed Surface(name=48754b7 StatusBar)/@0x128ce30 - animation-leash of insets_animation#473404 (469)
02-11 14:31:28.429  4811  4811 I InsetsSourceConsumer: applyRequestedVisibilityToControl: visible=true, type=statusBars, host=com.talkar.app/com.talkar.app.MainActivity
02-11 14:31:28.438   851   851 I SurfaceFlinger: destroyed Surface(name=48754b7 StatusBar)/@0x128ce30 - animation-leash of insets_animation#473404
02-11 14:31:28.439  4811  5255 V FaceDetectorV2Jni: detectFacesImageByteBufferMultiPlanes.start()
02-11 14:31:28.441   851   851 I Layer   : id=473404 Destroyed Surface(name=48754b7 StatusBar)/@0x128ce30 - animation-leash of insets_animation#473404
02-11 14:31:28.441  4811  5255 I tflite  : Replacing 65 out of 65 node(s) with delegate (TfLiteXNNPackDelegate) node, yielding 1 partitions for the whole graph.
02-11 14:31:28.459  4811  5255 I tflite  : Replacing 65 out of 65 node(s) with delegate (TfLiteXNNPackDelegate) node, yielding 1 partitions for the whole graph.
02-11 14:31:28.464  4811  5255 V FaceDetectorV2Jni: detectFacesImageByteBuffer.end()
02-11 14:31:28.464  4811  5255 V FaceDetectorV2Jni: detectFacesImageByteBufferMultiPlanes.start()
02-11 14:31:28.469  4811  5255 V FaceDetectorV2Jni: detectFacesImageByteBuffer.end()
02-11 14:31:28.471  4811  4811 D SimplifiedCamera: Diagnostics: Face=false, Match=false
02-11 14:31:28.480   660  1275 D BufferPoolAccessor2.0: bufferpool2 0xb4000070d0e011b8 : 0(0 size) total buffers - 0(0 size) used buffers - 713/718 (recycle/alloc) - 10/713 (fetch/transfer)
02-11 14:31:28.480   660  1275 D BufferPoolAccessor2.0: evictor expired: 1, evicted: 1
02-11 14:31:28.482  4811  4914 V FaceDetectorV2Jni: detectFacesImageByteBufferMultiPlanes.start()
02-11 14:31:28.483  4811  4914 I tflite  : Replacing 65 out of 65 node(s) with delegate (TfLiteXNNPackDelegate) node, yielding 1 partitions for the whole graph.
02-11 14:31:28.502  4811  4914 I tflite  : Replacing 65 out of 65 node(s) with delegate (TfLiteXNNPackDelegate) node, yielding 1 partitions for the whole graph.
02-11 14:31:28.506   851   851 D SurfaceFlinger: GPIS:: requestGpisForClientComposition
02-11 14:31:28.507  4811  4914 V FaceDetectorV2Jni: detectFacesImageByteBuffer.end()
02-11 14:31:28.507  4811  4914 V FaceDetectorV2Jni: detectFacesImageByteBufferMultiPlanes.start()
02-11 14:31:28.512  4811  4914 V FaceDetectorV2Jni: detectFacesImageByteBuffer.end()
02-11 14:31:28.513  4811  4811 D SimplifiedCamera: Diagnostics: Face=false, Match=false
02-11 14:31:28.525  4811  5228 V FaceDetectorV2Jni: detectFacesImageByteBufferMultiPlanes.start()
02-11 14:31:28.527  4811  5228 I tflite  : Replacing 65 out of 65 node(s) with delegate (TfLiteXNNPackDelegate) node, yielding 1 partitions for the whole graph.
02-11 14:31:28.545  4811  5228 I tflite  : Replacing 65 out of 65 node(s) with delegate (TfLiteXNNPackDelegate) node, yielding 1 partitions for the whole graph.
02-11 14:31:28.550  4811  5228 V FaceDetectorV2Jni: detectFacesImageByteBuffer.end()
02-11 14:31:28.550  4811  5228 V FaceDetectorV2Jni: detectFacesImageByteBufferMultiPlanes.start()
02-11 14:31:28.555  4811  5228 V FaceDetectorV2Jni: detectFacesImageByteBuffer.end()
02-11 14:31:28.557  4811  4811 D SimplifiedCamera: Diagnostics: Face=false, Match=false
02-11 14:31:28.568  4811  5242 V FaceDetectorV2Jni: detectFacesImageByteBufferMultiPlanes.start()
02-11 14:31:28.569  4811  5242 I tflite  : Replacing 65 out of 65 node(s) with delegate (TfLiteXNNPackDelegate) node, yielding 1 partitions for the whole graph.
02-11 14:31:28.586  4811  5242 I tflite  : Replacing 65 out of 65 node(s) with delegate (TfLiteXNNPackDelegate) node, yielding 1 partitions for the whole graph.
02-11 14:31:28.592  4811  5242 V FaceDetectorV2Jni: detectFacesImageByteBuffer.end()
02-11 14:31:28.592  4811  5242 V FaceDetectorV2Jni: detectFacesImageByteBufferMultiPlanes.start()
02-11 14:31:28.597  4811  5242 V FaceDetectorV2Jni: detectFacesImageByteBuffer.end()
02-11 14:31:28.599  4811  4811 D SimplifiedCamera: Diagnostics: Face=false, Match=false
02-11 14:31:28.610  4811  5243 V FaceDetectorV2Jni: detectFacesImageByteBufferMultiPlanes.start()
02-11 14:31:28.612  4811  5243 I tflite  : Replacing 65 out of 65 node(s) with delegate (TfLiteXNNPackDelegate) node, yielding 1 partitions for the whole graph.
02-11 14:31:28.629  4811  5243 I tflite  : Replacing 65 out of 65 node(s) with delegate (TfLiteXNNPackDelegate) node, yielding 1 partitions for the whole graph.
02-11 14:31:28.634  4811  5243 V FaceDetectorV2Jni: detectFacesImageByteBuffer.end()
02-11 14:31:28.634  4811  5243 V FaceDetectorV2Jni: detectFacesImageByteBufferMultiPlanes.start()
02-11 14:31:28.639  4811  5243 V FaceDetectorV2Jni: detectFacesImageByteBuffer.end()
02-11 14:31:28.641  4811  4811 D SimplifiedCamera: Diagnostics: Face=false, Match=false
02-11 14:31:28.653  4811  5244 V FaceDetectorV2Jni: detectFacesImageByteBufferMultiPlanes.start()
02-11 14:31:28.654  4811  5244 I tflite  : Replacing 65 out of 65 node(s) with delegate (TfLiteXNNPackDelegate) node, yielding 1 partitions for the whole graph.
02-11 14:31:28.659  1014  1148 D BufferPoolAccessor2.0: bufferpool2 0xb400007aadd0a218 : 0(0 size) total buffers - 0(0 size) used buffers - 703/710 (recycle/alloc) - 10/710 (fetch/transfer)
02-11 14:31:28.659  1014  1148 D BufferPoolAccessor2.0: evictor expired: 2, evicted: 1
02-11 14:31:28.673  4811  5244 I tflite  : Replacing 65 out of 65 node(s) with delegate (TfLiteXNNPackDelegate) node, yielding 1 partitions for the whole graph.
02-11 14:31:28.679  4811  5244 V FaceDetectorV2Jni: detectFacesImageByteBuffer.end()
02-11 14:31:28.679  4811  5244 V FaceDetectorV2Jni: detectFacesImageByteBufferMultiPlanes.start()
02-11 14:31:28.681  1199  2954 I SemWifiApDataUsage: handleMessage: 14
02-11 14:31:28.681  1199  2954 I SemWifiApEbpf: DATA_USAGE_STATS_START_POLL,mhs= true,upstream= 2,client size 2
02-11 14:31:28.682  1199  2954 D SemWifiApEbpf: getWifiApDataUsageForOverAllMhs():  overall data is43524457
02-11 14:31:28.682  1199  2954 I SemWifiApEbpf: updating the overall dataUsage , overall =43524457 , global = {mTotalDataBytes=43468095,mTotalDataIngressBytes=0,mTotalDataEgressBytes=0,mCellularBytes=43468095,mCurrentDayAndSimCellularBytes=43468095}
02-11 14:31:28.684  4811  5244 V FaceDetectorV2Jni: detectFacesImageByteBuffer.end()
02-11 14:31:28.686  4811  4811 D SimplifiedCamera: Diagnostics: Face=false, Match=false
02-11 14:31:28.697  4811  5249 V FaceDetectorV2Jni: detectFacesImageByteBufferMultiPlanes.start()
02-11 14:31:28.699  4811  5249 I tflite  : Replacing 65 out of 65 node(s) with delegate (TfLiteXNNPackDelegate) node, yielding 1 partitions for the whole graph.
02-11 14:31:28.718  4811  5249 I tflite  : Replacing 65 out of 65 node(s) with delegate (TfLiteXNNPackDelegate) node, yielding 1 partitions for the whole graph.
02-11 14:31:28.724  4811  5249 V FaceDetectorV2Jni: detectFacesImageByteBuffer.end()
02-11 14:31:28.724  4811  5249 V FaceDetectorV2Jni: detectFacesImageByteBufferMultiPlanes.start()
02-11 14:31:28.730  4811  5249 V FaceDetectorV2Jni: detectFacesImageByteBuffer.end()
02-11 14:31:28.732  4811  4811 D SimplifiedCamera: Diagnostics: Face=false, Match=false
02-11 14:31:28.745  4811  5254 V FaceDetectorV2Jni: detectFacesImageByteBufferMultiPlanes.start()
02-11 14:31:28.746  4811  5254 I tflite  : Replacing 65 out of 65 node(s) with delegate (TfLiteXNNPackDelegate) node, yielding 1 partitions for the whole graph.
02-11 14:31:28.764  4811  5254 I tflite  : Replacing 65 out of 65 node(s) with delegate (TfLiteXNNPackDelegate) node, yielding 1 partitions for the whole graph.
02-11 14:31:28.770  4811  5254 V FaceDetectorV2Jni: detectFacesImageByteBuffer.end()
02-11 14:31:28.770  4811  5254 V FaceDetectorV2Jni: detectFacesImageByteBufferMultiPlanes.start()
02-11 14:31:28.771   660  1206 E msys    : E[N mns]_OnDiskCacheGetData(632)=>Start post callback cache refresh DNS resolution
02-11 14:31:28.775  1199  1578 D NetdEventListenerService: DNS Requested by 306, 10363(com.instagram.android), 4(FAIL), isBlocked=true, 0ms
02-11 14:31:28.776  4811  5254 V FaceDetectorV2Jni: detectFacesImageByteBuffer.end()
02-11 14:31:28.777  4811  4811 D SimplifiedCamera: Diagnostics: Face=false, Match=false
02-11 14:31:28.786   839   889 E HeatmapThread: ECT Thread time in milliseconds: 1770800488
02-11 14:31:28.787   839   889 D HeatmapThread: !@ batteryplugType : 2
02-11 14:31:28.787   839   889 D HeatmapThread: !@ batteryLevel : 30  batteryTemperature : 348 
02-11 14:31:28.787   839   889 D HeatmapThread: !@ Heatmap currtime: 29513341
02-11 14:31:28.788   839   889 D HeatmapThread: !@ Heatmap prevtime: 29513312
02-11 14:31:28.788   839   889 D HeatmapThread: !@ Heatmap plugstarttime: 29513333
02-11 14:31:28.788   839   889 D HeatmapThread: !@ Heatmap prevv_dsoh_update_time: 29512197
02-11 14:31:28.788   839   889 E HeatmapThread: !@ CAM New BSOH: 100
02-11 14:31:28.788  4811  5255 V FaceDetectorV2Jni: detectFacesImageByteBufferMultiPlanes.start()
02-11 14:31:28.790  4811  5255 I tflite  : Replacing 65 out of 65 node(s) with delegate (TfLiteXNNPackDelegate) node, yielding 1 partitions for the whole graph.
02-11 14:31:28.799   660  1206 E msys    : E[N mns]_LogError(228)=>Failed to resolve using system DNS resolver, getaddrinfo(): No address associated with hostname
02-11 14:31:28.808  4811  5255 I tflite  : Replacing 65 out of 65 node(s) with delegate (TfLiteXNNPackDelegate) node, yielding 1 partitions for the whole graph.
02-11 14:31:28.813  4811  5255 V FaceDetectorV2Jni: detectFacesImageByteBuffer.end()
02-11 14:31:28.814  4811  5255 V FaceDetectorV2Jni: detectFacesImageByteBufferMultiPlanes.start()
02-11 14:31:28.819  4811  5255 V FaceDetectorV2Jni: detectFacesImageByteBuffer.end()
02-11 14:31:28.821  4811  4811 D SimplifiedCamera: Diagnostics: Face=false, Match=false
02-11 14:31:28.828  1199  1381 D SemInputMotionEventDispatcher: registerMotionEventListener: already registered: com.samsung.android.hardware.secinputdev.taas.ExternalApi$5@bbeb531
02-11 14:31:28.833  4811  4914 V FaceDetectorV2Jni: detectFacesImageByteBufferMultiPlanes.start()
02-11 14:31:28.834  4811  4914 I tflite  : Replacing 65 out of 65 node(s) with delegate (TfLiteXNNPackDelegate) node, yielding 1 partitions for the whole graph.
02-11 14:31:28.853  4811  4914 I tflite  : Replacing 65 out of 65 node(s) with delegate (TfLiteXNNPackDelegate) node, yielding 1 partitions for the whole graph.
02-11 14:31:28.858  4811  4914 V FaceDetectorV2Jni: detectFacesImageByteBuffer.end()
02-11 14:31:28.858  4811  4914 V FaceDetectorV2Jni: detectFacesImageByteBufferMultiPlanes.start()
02-11 14:31:28.860   660  3829 W LegacyTypeDispatch.h: Warning:  (function operator())
02-11 14:31:28.864  4811  4914 V FaceDetectorV2Jni: detectFacesImageByteBuffer.end()
02-11 14:31:28.866  4811  4811 D SimplifiedCamera: Diagnostics: Face=false, Match=false
02-11 14:31:28.877  4811  5228 V FaceDetectorV2Jni: detectFacesImageByteBufferMultiPlanes.start()
02-11 14:31:28.878  4811  5228 I tflite  : Replacing 65 out of 65 node(s) with delegate (TfLiteXNNPackDelegate) node, yielding 1 partitions for the whole graph.
02-11 14:31:28.885   660  3829 W MobileModuleQPLObserver.cpp: Ignored unsupported key type: string
02-11 14:31:28.891  1199  2965 I NSLocationMonitor: getGPSUsingApps() called
02-11 14:31:28.891  2975 18758 I NSLocationManager_FLP: getGPSUsingApps, No change
02-11 14:31:28.892   818  5111 I ENN_FRAMEWORK: 2.1.19: * ExecuteModel: 0x332B1000000
02-11 14:31:28.896  4811  5228 I tflite  : Replacing 65 out of 65 node(s) with delegate (TfLiteXNNPackDelegate) node, yielding 1 partitions for the whole graph.
02-11 14:31:28.902  4811  5228 V FaceDetectorV2Jni: detectFacesImageByteBuffer.end()
02-11 14:31:28.903  4811  5228 V FaceDetectorV2Jni: detectFacesImageByteBufferMultiPlanes.start()
02-11 14:31:28.905  1199  2965 D MARs:ActiveTrafficFilter: filter : com.whatsapp(0)
02-11 14:31:28.905  1199  2965 D FreecessHandler: freeze com.whatsapp(10329) result : 8
02-11 14:31:28.908  4811  5228 V FaceDetectorV2Jni: detectFacesImageByteBuffer.end()
02-11 14:31:28.910  4811  4811 D SimplifiedCamera: Diagnostics: Face=false, Match=false
02-11 14:31:28.920  4811  5242 V FaceDetectorV2Jni: detectFacesImageByteBufferMultiPlanes.start()
02-11 14:31:28.922  4811  5242 I tflite  : Replacing 65 out of 65 node(s) with delegate (TfLiteXNNPackDelegate) node, yielding 1 partitions for the whole graph.
02-11 14:31:28.941  4811  5242 I tflite  : Replacing 65 out of 65 node(s) with delegate (TfLiteXNNPackDelegate) node, yielding 1 partitions for the whole graph.
02-11 14:31:28.947  4811  5242 V FaceDetectorV2Jni: detectFacesImageByteBuffer.end()
02-11 14:31:28.947  4811  5242 V FaceDetectorV2Jni: detectFacesImageByteBufferMultiPlanes.start()
02-11 14:31:28.953  4811  5242 V FaceDetectorV2Jni: detectFacesImageByteBuffer.end()
02-11 14:31:28.954  4811  4811 D SimplifiedCamera: Diagnostics: Face=false, Match=false
02-11 14:31:28.969  4811  5243 V FaceDetectorV2Jni: detectFacesImageByteBufferMultiPlanes.start()
02-11 14:31:28.971  4811  5243 I tflite  : Replacing 65 out of 65 node(s) with delegate (TfLiteXNNPackDelegate) node, yielding 1 partitions for the whole graph.
02-11 14:31:28.984  1199  4767 D ConnectivityService: Returning BLOCKED NetworkInfo to uid=10326
02-11 14:31:28.990  4811  5243 I tflite  : Replacing 65 out of 65 node(s) with delegate (TfLiteXNNPackDelegate) node, yielding 1 partitions for the whole graph.
02-11 14:31:28.996  4811  5243 V FaceDetectorV2Jni: detectFacesImageByteBuffer.end()
02-11 14:31:28.997  4811  5243 V FaceDetectorV2Jni: detectFacesImageByteBufferMultiPlanes.start()
02-11 14:31:29.004  4811  5243 V FaceDetectorV2Jni: detectFacesImageByteBuffer.end()
02-11 14:31:29.005  4811  4811 D SimplifiedCamera: Diagnostics: Face=false, Match=false
02-11 14:31:29.017  4811  5244 V FaceDetectorV2Jni: detectFacesImageByteBufferMultiPlanes.start()
02-11 14:31:29.019  4811  5244 I tflite  : Replacing 65 out of 65 node(s) with delegate (TfLiteXNNPackDelegate) node, yielding 1 partitions for the whole graph.
02-11 14:31:29.037  4811  5244 I tflite  : Replacing 65 out of 65 node(s) with delegate (TfLiteXNNPackDelegate) node, yielding 1 partitions for the whole graph.
02-11 14:31:29.040   851   851 D SurfaceFlinger: GPIS:: requestGpisForClientComposition
02-11 14:31:29.042  4811  5244 V FaceDetectorV2Jni: detectFacesImageByteBuffer.end()
02-11 14:31:29.042  4811  5244 V FaceDetectorV2Jni: detectFacesImageByteBufferMultiPlanes.start()
02-11 14:31:29.047  4811  5244 V FaceDetectorV2Jni: detectFacesImageByteBuffer.end()
02-11 14:31:29.049  4811  4811 D SimplifiedCamera: Diagnostics: Face=false, Match=false
02-11 14:31:29.059  4811  5249 V FaceDetectorV2Jni: detectFacesImageByteBufferMultiPlanes.start()
02-11 14:31:29.061  4811  5249 I tflite  : Replacing 65 out of 65 node(s) with delegate (TfLiteXNNPackDelegate) node, yielding 1 partitions for the whole graph.
02-11 14:31:29.078  4811  5249 I tflite  : Replacing 65 out of 65 node(s) with delegate (TfLiteXNNPackDelegate) node, yielding 1 partitions for the whole graph.
02-11 14:31:29.083  4811  5249 V FaceDetectorV2Jni: detectFacesImageByteBuffer.end()
02-11 14:31:29.084  4811  5249 V FaceDetectorV2Jni: detectFacesImageByteBufferMultiPlanes.start()
02-11 14:31:29.089  4811  5249 V FaceDetectorV2Jni: detectFacesImageByteBuffer.end()
02-11 14:31:29.091  4811  4811 D SimplifiedCamera: Diagnostics: Face=false, Match=false
02-11 14:31:29.103  4811  5254 V FaceDetectorV2Jni: detectFacesImageByteBufferMultiPlanes.start()
02-11 14:31:29.104  4811  5254 I tflite  : Replacing 65 out of 65 node(s) with delegate (TfLiteXNNPackDelegate) node, yielding 1 partitions for the whole graph.
02-11 14:31:29.121  4811  5254 I tflite  : Replacing 65 out of 65 node(s) with delegate (TfLiteXNNPackDelegate) node, yielding 1 partitions for the whole graph.
02-11 14:31:29.127  4811  5254 V FaceDetectorV2Jni: detectFacesImageByteBuffer.end()
02-11 14:31:29.128  4811  5254 V FaceDetectorV2Jni: detectFacesImageByteBufferMultiPlanes.start()
02-11 14:31:29.133  4811  5254 V FaceDetectorV2Jni: detectFacesImageByteBuffer.end()
02-11 14:31:29.135  4811  4811 D SimplifiedCamera: Diagnostics: Face=false, Match=false
02-11 14:31:29.148  4811  5255 V FaceDetectorV2Jni: detectFacesImageByteBufferMultiPlanes.start()
02-11 14:31:29.149  1199  1508 D SemWifiTrafficPoller: getSoftApTotalTrafficInBytes:43524457
02-11 14:31:29.149  4811  5255 I tflite  : Replacing 65 out of 65 node(s) with delegate (TfLiteXNNPackDelegate) node, yielding 1 partitions for the whole graph.
02-11 14:31:29.167  4811  5255 I tflite  : Replacing 65 out of 65 node(s) with delegate (TfLiteXNNPackDelegate) node, yielding 1 partitions for the whole graph.
02-11 14:31:29.171  4811  5255 V FaceDetectorV2Jni: detectFacesImageByteBuffer.end()
02-11 14:31:29.173  4811  5255 V FaceDetectorV2Jni: detectFacesImageByteBufferMultiPlanes.start()
02-11 14:31:29.179  4811  5255 V FaceDetectorV2Jni: detectFacesImageByteBuffer.end()
02-11 14:31:29.180  4811  4811 D SimplifiedCamera: Diagnostics: Face=false, Match=false
02-11 14:31:29.191  4811  4914 V FaceDetectorV2Jni: detectFacesImageByteBufferMultiPlanes.start()
02-11 14:31:29.193  4811  4914 I tflite  : Replacing 65 out of 65 node(s) with delegate (TfLiteXNNPackDelegate) node, yielding 1 partitions for the whole graph.
02-11 14:31:29.212  4811  4914 I tflite  : Replacing 65 out of 65 node(s) with delegate (TfLiteXNNPackDelegate) node, yielding 1 partitions for the whole graph.
02-11 14:31:29.215  4811  5297 D ProfileInstaller: Installing profile for com.talkar.app
02-11 14:31:29.217  4811  4914 V FaceDetectorV2Jni: detectFacesImageByteBuffer.end()
02-11 14:31:29.218  4811  4914 V FaceDetectorV2Jni: detectFacesImageByteBufferMultiPlanes.start()
02-11 14:31:29.223  4811  4914 V FaceDetectorV2Jni: detectFacesImageByteBuffer.end()
02-11 14:31:29.225  4811  4811 D SimplifiedCamera: Diagnostics: Face=false, Match=false
02-11 14:31:29.241  4811  5228 V FaceDetectorV2Jni: detectFacesImageByteBufferMultiPlanes.start()
02-11 14:31:29.242  4811  5228 I tflite  : Replacing 65 out of 65 node(s) with delegate (TfLiteXNNPackDelegate) node, yielding 1 partitions for the whole graph.
02-11 14:31:29.260  4811  5228 I tflite  : Replacing 65 out of 65 node(s) with delegate (TfLiteXNNPackDelegate) node, yielding 1 partitions for the whole graph.
02-11 14:31:29.265  4811  5228 V FaceDetectorV2Jni: detectFacesImageByteBuffer.end()
02-11 14:31:29.266  4811  5228 V FaceDetectorV2Jni: detectFacesImageByteBufferMultiPlanes.start()
02-11 14:31:29.271  4811  5228 V FaceDetectorV2Jni: detectFacesImageByteBuffer.end()
02-11 14:31:29.273  4811  4811 D SimplifiedCamera: Diagnostics: Face=false, Match=false
02-11 14:31:29.283  4811  5242 V FaceDetectorV2Jni: detectFacesImageByteBufferMultiPlanes.start()
02-11 14:31:29.285  4811  5242 I tflite  : Replacing 65 out of 65 node(s) with delegate (TfLiteXNNPackDelegate) node, yielding 1 partitions for the whole graph.
02-11 14:31:29.303  4811  5242 I tflite  : Replacing 65 out of 65 node(s) with delegate (TfLiteXNNPackDelegate) node, yielding 1 partitions for the whole graph.
02-11 14:31:29.308  4811  5242 V FaceDetectorV2Jni: detectFacesImageByteBuffer.end()
02-11 14:31:29.308  4811  5242 V FaceDetectorV2Jni: detectFacesImageByteBufferMultiPlanes.start()
02-11 14:31:29.313  4811  5242 V FaceDetectorV2Jni: detectFacesImageByteBuffer.end()
02-11 14:31:29.315  4811  4811 D SimplifiedCamera: Diagnostics: Face=false, Match=false
02-11 14:31:29.326  4811  5243 V FaceDetectorV2Jni: detectFacesImageByteBufferMultiPlanes.start()
02-11 14:31:29.327  4811  5243 I tflite  : Replacing 65 out of 65 node(s) with delegate (TfLiteXNNPackDelegate) node, yielding 1 partitions for the whole graph.
02-11 14:31:29.330  1605  2284 D SatelliteController: isInCarrierRoamingNbIotNtn: satellite is disabled
