--------- beginning of main
02-11 14:31:25.380   818  4957 I exynos-libhwjpeg: CHWJpegV4L2Compressor Created: 0xb400007142197e10, FD 1085
02-11 14:31:25.380   818  5071 I ENN_FRAMEWORK: 2.1.19: * VS4L(BOOTUP) :: model_id(0x332B1000000), op_list_id(0x332B132B300)
02-11 14:31:25.383   818  5025 I IRTA    : [DICO:-I] Open[594]: [IRTA][S0][P0] ObjectCreate, OpenAwbRta done
02-11 14:31:25.383   818  4957 I exynos-libhwjpeg: Created thumbnail scaler: legacy V4L2 Scaler
02-11 14:31:25.384   818  4957 I exynos-libhwjpeg: ExynosJpegEncoderForCamera Created: 0xb4000070223db000, ION 0
02-11 14:31:25.385   818  4957 E exynos-libhwjpeg: Failed to open '/dev/video13' [No such file or directory]
02-11 14:31:25.385   818  5074 I WNC]Thread: [entry:82] Starting Thread [JpegEncoderSt] on ptid: 251a8c40 tid:5074 3, priority:0
02-11 14:31:25.385   818  4957 E exynos-libhwjpeg: Failed to query capability of /dev/video12 [Bad file descriptor]
02-11 14:31:25.385   818  4957 I exynos-libhwjpeg: CHWJpegV4L2Compressor Created: 0xb4000070223b3f98, FD -1
02-11 14:31:25.385   818  4957 E exynos-libhwjpeg: Failed to open '/dev/video13' [No such file or directory]
02-11 14:31:25.386   818  4957 E exynos-libhwjpeg: Failed to query capability of /dev/video12 [Bad file descriptor]
02-11 14:31:25.386   818  4957 I exynos-libhwjpeg: CHWJpegV4L2Compressor Created: 0xb40000714219f280, FD -1
02-11 14:31:25.386   818  4957 I exynos-libhwjpeg: Created thumbnail scaler: legacy V4L2 Scaler
02-11 14:31:25.386   818  4957 I exynos-libhwjpeg: ExynosJpegEncoderForCamera Created: 0xb4000070223b3f90, ION 0
02-11 14:31:25.386  5355  5355 I InputMethodService: removeImeSurface
02-11 14:31:25.386   818  4957 W WNC]HwJpegEncoder: [create:148] HWJpegEncoder node open fail: /dev/video13
02-11 14:31:25.386   818  4957 I exynos-libhwjpeg: CHWJpegV4L2Compressor Destroyed: 0xb40000714219f280, FD -1
02-11 14:31:25.386  5355  5355 I InputMethodService: cancelImeSurfaceRemoval: removeCallbacks
02-11 14:31:25.386   818  4957 I exynos-libhwjpeg: ExynosJpegEncoderForCamera Destroyed: 0xb4000070223b3f90, ION 0, ThumIMG -1
02-11 14:31:25.386   818  4957 I exynos-libhwjpeg: CHWJpegV4L2Compressor Destroyed: 0xb4000070223b3f98, FD -1
02-11 14:31:25.386   818  4957 I WNC]AutoTimer: [~AutoTimer:42] ProcessorGroupController start 0 ms
02-11 14:31:25.386   818  4957 I WNC]AutoTimer: [~AutoTimer:42] ProcessorGroupController initialize 19 ms
02-11 14:31:25.386   818  4955 I WNC]VendorCameraScenario: [preRequestCaptureInternal:5048] [Cam0][frN:0 in:0 out:(0/2) zoomRatio(1.000000) HQ(0) RS(0) T:0]  
02-11 14:31:25.386   818  4955 I WNC]HighResolutionCaptureHand: [onPreRequestCaptureInternal:137] [Cam0][frN:0 in:0 out:(0/2) zoomRatio(1.000000) HQ(0) RS(0) T:0]  
02-11 14:31:25.386   818  4955 I WNC]Camera: [setState:222]  CONFIGURED -> RUNNING
02-11 14:31:25.386   818  5065 I WNC]VendorCameraScenario: [requestCaptureInternal:5079] [Cam0][frN:0 in:0 out:(0/2) zoomRatio(1.000000) HQ(0) RS(0) T:0] ([m:0 s1:-1 s2:-1 s3:-1] Reprocess [m:0 s1:-1 s2:-1] intent:1, info:frN:0,in(0),outs(2):[(CALLBACK,stmidx:1,size:640x480),(PREVIEW,stmidx:0,size:1440x1080),])
02-11 14:31:25.386   818 31020 I WNC]Interface: [operator():380] [CAMSYSKPI][First Frame] [Cam0] HAL3_camera_device_process_capture_request (frN:0) ===== out
02-11 14:31:25.386   818 31020 I Unihal  : CameraDevice.cpp: ProcessCaptureRequest: 167: [UNIKPI][0] VndHAL->process_capture_request: X
02-11 14:31:25.386   818 31020 I Unihal  : UniHal3InterfaceEntry.cpp: uni_process_capture_request: 420: [UNIKPI][0] UniHAL->process_capture_request: X
02-11 14:31:25.387   818 31020 I Samsung_CameraDeviceSession_impl: [CAMKPI] camera3->process_capture_request : X
02-11 14:31:25.387   951  4976 D Camera3-Device: CameraPerf: sendRequestsBatch X (74ms)
02-11 14:31:25.388   818  5025 I IRTA    : [DICO:-I] Open[631]: [IRTA][S0][P0] Global variable init done
02-11 14:31:25.388   818  5025 I WNC]RtaProcessorImpl: [initialize:1132] [W_4_Preview] success, isReprocess:0
02-11 14:31:25.388   818  5025 I WNC]AutoTimer: [~AutoTimer:42] Performance RtaHWProcessor::initialize W_4_Preview 167 ms
02-11 14:31:25.388   818  5025 I WNC]Thread: [entry:90] Stopping Thread [FastAERtaOpen] on ptid: 4b1b7c40 tid:5025 7, priority:0
02-11 14:31:25.389   818  4965 I WNC]AutoTimer: [~AutoTimer:42] Performance SensorPreImageRtaHWProcessorGroup::initialize W 135 ms
02-11 14:31:25.389   818  4965 I WNC]ImageManagerFactory: [printInternalImageManagerConfiguration:43] createSensorMetaImageManager owner(SensorMeta) serviceCameraId(0) (32x64) format = pBAA initImage = 2 maxImage = 7 bufferMask = 1 bufferFlag = 0 allocMode = 1 useAdaptiveAlloc = 0 planeCount = 1 pixelCompression = 0 plane[0] = 4096 bytesPerLine[0] = 64
02-11 14:31:25.390   818  4965 I WNC]DeviceNode: [start:657] [W_9_Preview_BYRP:/dev/video120:0xb4000071922cfb10] start begin
02-11 14:31:25.390   818  4965 I WNC]DeviceNode: [start:660] [W_9_Preview_BYRP:/dev/video120:0xb4000071922cfb10] start end
02-11 14:31:25.391   818  4965 I WNC]DeviceNode: [start:657] [W_2_Preview_LME:/dev/video170:0xb4000070c21bd050] start begin
02-11 14:31:25.391   818  4965 I WNC]DeviceNode: [start:660] [W_2_Preview_LME:/dev/video170:0xb4000070c21bd050] start end
02-11 14:31:25.391   818  5076 I WNC]Thread: [entry:82] Starting Thread [IspRequest] on ptid: 2b6bdc40 tid:5076 0, priority:-8
02-11 14:31:25.391   818  4965 I WNC]RtaProcessorImpl: [start:1159] [W_4_Preview] HwInstanceId(0) processorType(0) processType(4) videoDevFd(105) isReprocess(0) Sensor(imx882) SensorSetfile(/vendor/firmware/setfile_imx882.bin) scenarioIdx(0)
02-11 14:31:25.391   818  4965 I IRTA    : [DICO:-I] Start[786]: [IRTA][S0] videoDevFd: 105
02-11 14:31:25.391   818  4965 I IRTA    : [DICO:-I] Start[800]: [IRTA][S0] calData: 0xb4000071821772e0, calDataSize: 22016
02-11 14:31:25.395   818  4965 I IRTA    : [DICO:-I] CreateGyro[1419]: Done (valid: 0, g_gyroLibRefCnt: 1)
02-11 14:31:25.395   818  4965 I IRTA    : [DICO:-I] SetSetFileParser[357]: [IRTA][S0] setfileFileName: /vendor/firmware/setfile_imx882.bin
02-11 14:31:25.396   818  5078 I WNC]Thread: [entry:82] Starting Thread [IspRequest] on ptid: 2b4c1c40 tid:5078 1, priority:-8
02-11 14:31:25.397   818  5075 I WNC]Thread: [entry:82] Starting Thread [ISPHWProcessor] on ptid: 4b1b7c40 tid:5075 7, priority:-8
02-11 14:31:25.400   818  5077 I WNC]Thread: [entry:82] Starting Thread [ISPHWProcessor] on ptid: 2b5bfc40 tid:5077 1, priority:-8
02-11 14:31:25.405  5070  5070 I ng.android.scpm: Using CollectorTypeCMC GC.
02-11 14:31:25.407   818  5071 I ENN_FRAMEWORK: 2.1.19: * VS4L(S_PARAM) :: model_id(0x332B1000000), op_list_id(0x332B132B300)
02-11 14:31:25.407   818  5071 I ENN_FRAMEWORK: 2.1.19: * VS4L(S_PARAM) DSP KERNEL :: model_id(0x332B1000000), op_list_id(0x332B132B300)
02-11 14:31:25.407   818  5071 I ENN_FRAMEWORK: 2.1.19: * VS4L(SCHED_PARAM) :: model_id(0x332B1000000), op_list_id(0x332B132B300)
02-11 14:31:25.407   818  5071 I ENN_FRAMEWORK: 2.1.19: * VS4L(S_GRAPH) :: model_id(0x332B1000000), op_list_id(0x332B132B300)
02-11 14:31:25.409  5070  5070 E ng.android.scpm: Not starting debugger since process cannot load the jdwp agent.
02-11 14:31:25.459   818  5071 I ENN_FRAMEWORK: 2.1.19: * VS4L(SFORMAT) :: model_id(0x332B1000000), op_list_id(0x332B132B300)
02-11 14:31:25.462   818  5071 I ENN_FRAMEWORK: 2.1.19: * VS4L(STREAM_ON) :: model_id(0x332B1000000), op_list_id(0x332B132B300)
02-11 14:31:25.462   818  5071 I ENN_FRAMEWORK: 2.1.19: * (-) NpuUserDriver::OpenSubGraph(), model_id(0x332B1000000), op_list_id(0x332B132B300)
02-11 14:31:25.468   818  5072 I ENN_FRAMEWORK: 2.1.19: * opr->code = 1019 (ENN_UNBINDING)
02-11 14:31:25.475   818  5072 I ENN_FRAMEWORK: 2.1.19: * opr->code = 6 (DEQUANTIZE)
02-11 14:31:25.479   818  5072 I ENN_FRAMEWORK: 2.1.19: * opr->code = 6 (DEQUANTIZE)
02-11 14:31:25.479   818  5072 I ENN_FRAMEWORK: 2.1.19: * opr->code = 6 (DEQUANTIZE)
02-11 14:31:25.479   818  5072 I ENN_FRAMEWORK: 2.1.19: * opr->code = 6 (DEQUANTIZE)
02-11 14:31:25.479   818  5072 I ENN_FRAMEWORK: 2.1.19: * opr->code = 6 (DEQUANTIZE)
02-11 14:31:25.479   818  5072 I ENN_FRAMEWORK: 2.1.19: * opr->code = 6 (DEQUANTIZE)
02-11 14:31:25.480   818  5072 I ENN_FRAMEWORK: 2.1.19: * opr->code = 6 (DEQUANTIZE)
02-11 14:31:25.480   818  5072 I ENN_FRAMEWORK: 2.1.19: * opr->code = 6 (DEQUANTIZE)
02-11 14:31:25.480   818  5072 I ENN_FRAMEWORK: 2.1.19: * opr->code = 6 (DEQUANTIZE)
02-11 14:31:25.480   818  5072 I ENN_FRAMEWORK: 2.1.19: * opr->code = 6 (DEQUANTIZE)
02-11 14:31:25.481   818  4987 I ENN_FRAMEWORK: 2.1.19: * Model(ID: 0x332B1000000) is added: ClientProcess[1], Model[1], ExecutableModel[0], ExecuteRequest[0]
02-11 14:31:25.483   818  4987 I ENN_FRAMEWORK: 2.1.19: * (-) Engine::EngineImpl::open_model->(0x332B1000000)
02-11 14:31:25.484   818  4987 I ENN_FRAMEWORK: 2.1.19: * EnnOpenModel Success(0x332B1000000)
02-11 14:31:25.484   818  4987 W ENN_FRAMEWORK: 2.1.19:    EnnGenerateBufferSpace() is deprecated. internally 16 sessions are generated.
02-11 14:31:25.484   818  4987 W ENN_FRAMEWORK: 2.1.19:    If you want to use this API, please use EnnGenerateBufferSpaceDev()
02-11 14:31:25.485   818  4965 I IRTA    : [DICO:-I] Start[878]: [IRTA][S0] SetFileParser Done
02-11 14:31:25.485   818  4965 I IRTA    : [DICO:-I] RunApplyTune[437]: [IRTA][S0] scenarioIdx: 0
02-11 14:31:25.485   818  4965 I IRTA    : [DICO:-I] RunApplyTune[453]: [IRTA][S0] setfileFileName: /vendor/firmware/setfile_imx882.bin
02-11 14:31:25.485   818  4965 I IRTA    : [DICO:-I] RunApplyTune[475]: [IRTA][S0] scenarioIdx: 0, ispSetfileIndex: 0, ispSetfileSize: 340560, meSetfileIndex: 0, meSetfileSize: 2504, setfileUpdatedTime: 1324606911
02-11 14:31:25.486   818  4987 I ENN_FRAMEWORK: 2.1.19: * Buffer Commit: model_id(0x332B1000000), session_id(0) (+)
02-11 14:31:25.486   818  4987 I ENN_FRAMEWORK: 2.1.19: * (+) Engine::EngineImpl::commit_execution_data->(0x332B1000000)
02-11 14:31:25.487   818  4987 I ENN_FRAMEWORK: 2.1.19: * An ExecutableModel(ID: 0x332B10000B1) from a Model(ID : 0x332B1000000) is created.
02-11 14:31:25.487   818  4987 I ENN_FRAMEWORK: 2.1.19: * (+) NpuUserDriver::CommitSubGraph(), model_id(0x332B1000000), op_list_id(0x332B132B300)
02-11 14:31:25.487   818  4987 I ENN_FRAMEWORK: 2.1.19: * NPU/DSP UD, validate_in_out(), model_id(0x332B1000000), op_list_id(0x332B132B300)
02-11 14:31:25.487   818  4987 I ENN_FRAMEWORK: 2.1.19: * NPU/DSP UD, validate_memory_set(), i(0), expected_size(230400), allocated_size(233472)
02-11 14:31:25.487   818  4987 I ENN_FRAMEWORK: 2.1.19: * NPU/DSP UD, validate_memory_set(), i(0), expected_size(244112), allocated_size(245760)
02-11 14:31:25.489   818  4987 I ENN_FRAMEWORK: 2.1.19: * (-) NpuUserDriver::CommitSubGraph(), model_id(0x332B1000000), op_list_id(0x332B132B300)
02-11 14:31:25.494   818  4987 I ENN_FRAMEWORK: 2.1.19: * ExecutableModel(ID: 0x332B10000B1) is added: ClientProcess[1], Model[1], ExecutableModel[1], ExecuteRequest[0]
02-11 14:31:25.494   818  4987 I ENN_FRAMEWORK: 2.1.19: * An ExecuteRequest from an ExecutableModel(ID: 0x332B10000B1) is created.
02-11 14:31:25.494   818  4987 I ENN_FRAMEWORK: 2.1.19: * ExecuteRequest from ExecutableModel(ID: 0x332B10000B1) is added: ClientProcess[1], Model[1], ExecutableModel[1], ExecuteRequest[1]
02-11 14:31:25.494   818  4987 I ENN_FRAMEWORK: 2.1.19: * (-) Engine::EngineImpl::commit_execution_data->(0x332B1000000)
02-11 14:31:25.494   818  4987 I ENN_FRAMEWORK: 2.1.19: * EnnBufferCommit: ExecModelID: 0x332B10000B1 from mID 0x332B1000000, 0(-)
02-11 14:31:25.494   818  4987 I VPL_Library: Input buffer (index 0): addr=0x6f43817000, size=230400 bytes
02-11 14:31:25.494   818  4987 I VPL_Library: Output buffer (index 1): addr=0x6f2a878000, size=537600 bytes
02-11 14:31:25.494   818  4987 I VPL_Library: Output buffer (index 2): addr=0x6f3fbb3000, size=192000 bytes
02-11 14:31:25.494   818  4987 I VPL_Library: Output buffer (index 3): addr=0x6f3dc01000, size=134400 bytes
02-11 14:31:25.494   818  4987 I VPL_Library: Output buffer (index 4): addr=0x6f6c36b000, size=48000 bytes
02-11 14:31:25.494   818  4987 I VPL_Library: Output buffer (index 5): addr=0x6f63e7c000, size=35840 bytes
02-11 14:31:25.494   818  4987 I VPL_Library: Output buffer (index 6): addr=0x7215878000, size=12800 bytes
02-11 14:31:25.494   818  4987 I VPL_Library: Output buffer (index 7): addr=0x721a200000, size=8960 bytes
02-11 14:31:25.494   818  4987 I VPL_Library: Output buffer (index 8): addr=0x721daa8000, size=3200 bytes
02-11 14:31:25.494   818  4987 I VPL_Library: Output buffer (index 9): addr=0x721da62000, size=2688 bytes
02-11 14:31:25.494   818  4987 I VPL_Library: Output buffer (index 10): addr=0x721da1e000, size=960 bytes
02-11 14:31:25.494   818  4987 I VPL_Library: EDEN Enn library Initialized successfully.  modelname = /system/vendor/firmware/OD_V2.4.3_05_11_QVGA_QUARTZ_ENN_RGB1P.nnc
02-11 14:31:25.494   818  4987 I VPL_Library: Loading EDEN model file: /system/vendor/firmware/OD_V2.5.2_05_11_VGA_QUARTZ_ENN_RGB1P.nnc, latency: 25000
02-11 14:31:25.494   818  4987 I ENN_FRAMEWORK: 2.1.19: * Model File: /system/vendor/firmware/OD_V2.5.2_05_11_VGA_QUARTZ_ENN_RGB1P.nnc load start
02-11 14:31:25.494   818  4965 I IRTA    : [DICO:-I] Start[889]: [IRTA][S0] RunApplyTune Done
02-11 14:31:25.494   818  4987 I ENN_FRAMEWORK: 2.1.19: *  # [0] Preset: 0x0, flag: 0
02-11 14:31:25.494   818  4987 I ENN_FRAMEWORK: 2.1.19: *  # [1] Preset: 0x0, flag: 1
02-11 14:31:25.494   818  4987 I ENN_FRAMEWORK: 2.1.19: *  # [2] Preset: 0x0, flag: 0
02-11 14:31:25.494   818  4987 I ENN_FRAMEWORK: 2.1.19: *  # [3] Preset: 0x1, flag: 0
02-11 14:31:25.494   818  4987 I ENN_FRAMEWORK: 2.1.19: *  # [4] Preset: 0xFFFFFFFF, flag: 0
02-11 14:31:25.494   818  4987 I ENN_FRAMEWORK: 2.1.19: *  # [5] Preset: 0x0, flag: 0
02-11 14:31:25.494   818  4987 I ENN_FRAMEWORK: 2.1.19: *  # [6] Preset: 0x0, flag: 0
02-11 14:31:25.494   818  4987 I ENN_FRAMEWORK: 2.1.19: *  # [7] Preset: 0x0, flag: 0
02-11 14:31:25.494   818  4987 I ENN_FRAMEWORK: 2.1.19: *  # [8] Preset: 0x0, flag: 0
02-11 14:31:25.494   818  4987 I ENN_FRAMEWORK: 2.1.19: *  # [9] Preset: 0x0, flag: 0
02-11 14:31:25.497   818  4987 I ENN_FRAMEWORK: 2.1.19: * [SUBMITTED] syscall_cpu_aff, value(0xF0), printable(true)
02-11 14:31:25.507   818  4987 I ENN_FRAMEWORK: 2.1.19: * (+) Engine::EngineImpl::open_model
02-11 14:31:25.507   818  4987 I ENN_FRAMEWORK: 2.1.19: * NNC Model addr: 0x6f2a77e000, size: 1024000, fd: 1161
02-11 14:31:25.507   818  4987 I ENN_FRAMEWORK: 2.1.19: * graph_version = 210, model_version = 100
02-11 14:31:25.509   818  5093 I ENN_FRAMEWORK: 2.1.19: * npu_options.size() : 14
02-11 14:31:25.510   818  5093 I ENN_FRAMEWORK: 2.1.19: *   [ 0] COMPILED_COMMAND: ./nncontainer-gen --caffemodel od_vga_quartz.caffemodel
02-11 14:31:25.510   818  5093 I ENN_FRAMEWORK: --prototxt od_vga_quartz.prototxt
02-11 14:31:25.510   818  5093 I ENN_FRAMEWORK: --protobin od_vga_quartz.protobin
02-11 14:31:25.510   818  5093 I ENN_FRAMEWORK: -o output --soc-type Quartz --input_conversion hw_cfu --output_conversion hw_icfu --compiler NPU --framework SCaffe --mo true --npupass O2.json
02-11 14:31:25.510   818  5093 I ENN_FRAMEWORK: --npuhw hardware_configuration.EVT0.xml
02-11 14:31:25.510   818  5093 I ENN_FRAMEWORK: --chip_version EVT1 --schema_version v2 
02-11 14:31:25.510   818  5093 I ENN_FRAMEWORK: 2.1.19: *   [ 1] FRAMEWORK: SCaffe
02-11 14:31:25.510   818  5093 I ENN_FRAMEWORK: 2.1.19: *   [ 2] HW_CFU: true
02-11 14:31:25.510   818  5093 I ENN_FRAMEWORK: 2.1.19: *   [ 3] MODEL: od_vga_quartz.caffemodel
02-11 14:31:25.510   818  5093 I ENN_FRAMEWORK: 2.1.19: *   [ 4] NAME: od_vga_quartz_ncp.bin
02-11 14:31:25.510   818  5093 I ENN_FRAMEWORK: 2.1.19: *   [ 5] NCP_VERSION: 26
02-11 14:31:25.510   818  5093 I ENN_FRAMEWORK: 2.1.19: *   [ 6] NPUC_VERSION: 
02-11 14:31:25.510   818  5093 I ENN_FRAMEWORK: 2.1.19: *   [ 7] OPT_LEVEL: 
02-11 14:31:25.510   818  5093 I ENN_FRAMEWORK: 2.1.19: *   [ 8] PROTOBIN: od_vga_quartz.protobin
02-11 14:31:25.510   818  5093 I ENN_FRAMEWORK: 2.1.19: *   [ 9] PROTOTXT: od_vga_quartz.prototxt
02-11 14:31:25.510   818  5093 I ENN_FRAMEWORK: 2.1.19: *   [10] QUANT_BW: 
02-11 14:31:25.510   818  5093 I ENN_FRAMEWORK: 2.1.19: *   [11] QUANT_DEV: 
02-11 14:31:25.510   818  5093 I ENN_FRAMEWORK: 2.1.19: *   [12] QUANT_MODE: 
02-11 14:31:25.510   818  5093 I ENN_FRAMEWORK: 2.1.19: *   [13] SOC_TYPE: Olympus
02-11 14:31:25.510   818  4987 I ENN_FRAMEWORK: 2.1.19: * Graph Info[0] name: od_vga_quartz, supported_accelerator: 5 [ NPU CPU ]
02-11 14:31:25.510   818  4987 I ENN_FRAMEWORK: 2.1.19: *   Inputs(1):
02-11 14:31:25.510   818  4987 I ENN_FRAMEWORK: 2.1.19: *     [  0] IFM [NHWC]
02-11 14:31:25.510   818  4987 I ENN_FRAMEWORK: 2.1.19: *   Outputs(2):
02-11 14:31:25.510   818  4987 I ENN_FRAMEWORK: 2.1.19: *     [  4] dequant_46_out [NCHW]
02-11 14:31:25.510   818  4987 I ENN_FRAMEWORK: 2.1.19: *     [  5] dequant_47_out [NCHW]
02-11 14:31:25.510   818  4987 I ENN_FRAMEWORK: 2.1.19: * Operator[ 0] (hw: 4) (code: 1013) ENN_NPU
02-11 14:31:25.510   818  4987 I ENN_FRAMEWORK: 2.1.19: * Operator[ 1] (hw: 1) (code: 1019) ENN_UNBINDING
02-11 14:31:25.510   818  4987 I ENN_FRAMEWORK: 2.1.19: * Operator[ 2] (hw: 1) (code:    6) DEQUANTIZE
02-11 14:31:25.510   818  4987 I ENN_FRAMEWORK: 2.1.19: * Operator[ 3] (hw: 1) (code:    6) DEQUANTIZE
02-11 14:31:25.512   818  4987 I ENN_FRAMEWORK: 2.1.19: * [SUBMITTED] syscall_cpu_aff, value(0xF0), printable(true)
02-11 14:31:25.512   818  4987 I ENN_FRAMEWORK: 2.1.19: * A Model(ID: 0x332B2000000) is created.
02-11 14:31:25.514   818  5106 I ENN_FRAMEWORK: 2.1.19: * (+) NpuUserDriver::OpenSubGraph(), model_id(0x332B2000000), op_list_id(0x332B232B500)
02-11 14:31:25.514   818  5106 I ENN_FRAMEWORK: 2.1.19: * VS4L(OPEN) :: model_id(0x332B2000000), op_list_id(0x332B232B500)
02-11 14:31:25.515   818  5108 I ENN_FRAMEWORK: 2.1.19: * opr->code = 1019 (ENN_UNBINDING)
02-11 14:31:25.515   818  5108 I ENN_FRAMEWORK: 2.1.19: * opr->code = 6 (DEQUANTIZE)
02-11 14:31:25.515   818  5108 I ENN_FRAMEWORK: 2.1.19: * opr->code = 6 (DEQUANTIZE)
02-11 14:31:25.516   818  5106 I ENN_FRAMEWORK: 2.1.19: * VS4L(BOOTUP) :: model_id(0x332B2000000), op_list_id(0x332B232B500)
02-11 14:31:25.516   818  5106 I ENN_FRAMEWORK: 2.1.19: * VS4L(S_PARAM) :: model_id(0x332B2000000), op_list_id(0x332B232B500)
02-11 14:31:25.516   818  5106 I ENN_FRAMEWORK: 2.1.19: * VS4L(S_PARAM) DSP KERNEL :: model_id(0x332B2000000), op_list_id(0x332B232B500)
02-11 14:31:25.516   818  5106 I ENN_FRAMEWORK: 2.1.19: * VS4L(SCHED_PARAM) :: model_id(0x332B2000000), op_list_id(0x332B232B500)
02-11 14:31:25.516   818  5106 I ENN_FRAMEWORK: 2.1.19: * VS4L(S_GRAPH) :: model_id(0x332B2000000), op_list_id(0x332B232B500)
02-11 14:31:25.517   818  5106 I ENN_FRAMEWORK: 2.1.19: * VS4L(SFORMAT) :: model_id(0x332B2000000), op_list_id(0x332B232B500)
02-11 14:31:25.518   818  5106 I ENN_FRAMEWORK: 2.1.19: * VS4L(STREAM_ON) :: model_id(0x332B2000000), op_list_id(0x332B232B500)
02-11 14:31:25.518   818  5106 I ENN_FRAMEWORK: 2.1.19: * (-) NpuUserDriver::OpenSubGraph(), model_id(0x332B2000000), op_list_id(0x332B232B500)
02-11 14:31:25.519   818  4987 I ENN_FRAMEWORK: 2.1.19: * Model(ID: 0x332B2000000) is added: ClientProcess[1], Model[2], ExecutableModel[1], ExecuteRequest[1]
02-11 14:31:25.519   818  4987 I ENN_FRAMEWORK: 2.1.19: * (-) Engine::EngineImpl::open_model->(0x332B2000000)
02-11 14:31:25.519   818  4987 I ENN_FRAMEWORK: 2.1.19: * EnnOpenModel Success(0x332B2000000)
02-11 14:31:25.519   818  4987 W ENN_FRAMEWORK: 2.1.19:    EnnGenerateBufferSpace() is deprecated. internally 16 sessions are generated.
02-11 14:31:25.519   818  4987 W ENN_FRAMEWORK: 2.1.19:    If you want to use this API, please use EnnGenerateBufferSpaceDev()
02-11 14:31:25.526   818  4987 I ENN_FRAMEWORK: 2.1.19: * Buffer Commit: model_id(0x332B2000000), session_id(0) (+)
02-11 14:31:25.526   818  4987 I ENN_FRAMEWORK: 2.1.19: * (+) Engine::EngineImpl::commit_execution_data->(0x332B2000000)
02-11 14:31:25.526   818  4987 I ENN_FRAMEWORK: 2.1.19: * An ExecutableModel(ID: 0x332B20000B2) from a Model(ID : 0x332B2000000) is created.
02-11 14:31:25.526   818  4987 I ENN_FRAMEWORK: 2.1.19: * (+) NpuUserDriver::CommitSubGraph(), model_id(0x332B2000000), op_list_id(0x332B232B500)
02-11 14:31:25.526   818  4987 I ENN_FRAMEWORK: 2.1.19: * NPU/DSP UD, validate_in_out(), model_id(0x332B2000000), op_list_id(0x332B232B500)
02-11 14:31:25.526   818  4987 I ENN_FRAMEWORK: 2.1.19: * NPU/DSP UD, validate_memory_set(), i(0), expected_size(921600), allocated_size(921600)
02-11 14:31:25.526   818  4987 I ENN_FRAMEWORK: 2.1.19: * NPU/DSP UD, validate_memory_set(), i(0), expected_size(374400), allocated_size(376832)
02-11 14:31:25.527   818  4987 I ENN_FRAMEWORK: 2.1.19: * (-) NpuUserDriver::CommitSubGraph(), model_id(0x332B2000000), op_list_id(0x332B232B500)
02-11 14:31:25.527   818  4987 I ENN_FRAMEWORK: 2.1.19: * ExecutableModel(ID: 0x332B20000B2) is added: ClientProcess[1], Model[2], ExecutableModel[2], ExecuteRequest[1]
02-11 14:31:25.527   818  4987 I ENN_FRAMEWORK: 2.1.19: * An ExecuteRequest from an ExecutableModel(ID: 0x332B20000B2) is created.
02-11 14:31:25.527   818  4987 I ENN_FRAMEWORK: 2.1.19: * ExecuteRequest from ExecutableModel(ID: 0x332B20000B2) is added: ClientProcess[1], Model[2], ExecutableModel[2], ExecuteRequest[2]
02-11 14:31:25.527   818  4987 I ENN_FRAMEWORK: 2.1.19: * (-) Engine::EngineImpl::commit_execution_data->(0x332B2000000)
02-11 14:31:25.527   818  4987 I ENN_FRAMEWORK: 2.1.19: * EnnBufferCommit: ExecModelID: 0x332B20000B2 from mID 0x332B2000000, 0(-)
02-11 14:31:25.527   818  4987 I VPL_Library: Input buffer (index 0): addr=0x6f251ca000, size=921600 bytes
02-11 14:31:25.527   818  4987 I VPL_Library: Output buffer (index 1): addr=0x6f233b1000, size=1152000 bytes
02-11 14:31:25.527   818  4987 I VPL_Library: Output buffer (index 2): addr=0x6f24cc3000, size=345600 bytes
02-11 14:31:25.527   818  4987 I VPL_Library: EDEN Enn library Initialized successfully.  modelname = /system/vendor/firmware/OD_V2.5.2_05_11_VGA_QUARTZ_ENN_RGB1P.nnc
02-11 14:31:25.527   818  4987 I WNC]FaceDetector: [operator():362] [CAMSYSKPI]FaceDetector::preLoad finish(isSecure:0)
02-11 14:31:25.527   818  5067 I VPL_Library: Creating new VPL handle 0xb4000070a2175e70
02-11 14:31:25.546   818  4965 I WNC]RtaProcessorImpl: [start:1177] [W_4_Preview] success, isReprocess:0
02-11 14:31:25.547   818  4965 I WNC]DeviceNode: [start:657] [W_0_Preview_REAR0_SENSOR:/dev/video101:0xb400007042214610] start begin
02-11 14:31:25.547   818  5112 I WNC]Thread: [entry:82] Starting Thread [RtaHWProcessor] on ptid: 23063c40 tid:5112 1, priority:0
02-11 14:31:25.549   818  4965 I WNC]DeviceNode: [start:660] [W_0_Preview_REAR0_SENSOR:/dev/video101:0xb400007042214610] start end
02-11 14:31:25.549   818  4965 I WNC]SensorStreamMonitor: [start:66] start()
02-11 14:31:25.549   818  5113 I WNC]Thread: [entry:82] Starting Thread [SensorHWProcess] on ptid: 22f65c40 tid:5113 3, priority:-8
02-11 14:31:25.549   818  5115 I WNC]Thread: [entry:82] Starting Thread [CameraSensorReq] on ptid: 22e67c40 tid:5115 0, priority:-8
02-11 14:31:25.550   818  5115 I WNC]SensorHWProcessorImpl: [printPerFrameInfo:555] [Cam0][senIdx:-1 frN:-1 Id:-1] [W_0_Preview] leader: vid(W_0_Preview_REAR0_SENSOR/101/SensorMeta.383216/0/1025,m1026,) req(0->1) oldCrop[0 0 0, 0 / 0, 0, 0, 0] -> newCrop[0 0 2040, 1532 / 0, 0, 2040, 1532] flag(0x0 -> 0x2) size(0 0 -> 0 0) BPL(0 -> 0) mode(0 -> 1) fmt( -> pBAA)pixelSize(0 -> 2) quantization(0 -> 1)
02-11 14:31:25.550   818  5115 I WNC]SensorHWProcessorImpl: [printPerFrameInfo:602] [Cam0][senIdx:-1 frN:-1 Id:-1] [W_0_Preview] capture[0]: vid(/300/) req(0->0) oldCrop[0 0 0, 0 / 0, 0, 0, 0] -> newCrop[0 0 2040, 1532 / 0, 0, 2040, 1532] flag(0x0 -> 0x1) size(0 0 -> 0 0) BPL(0 -> 0) mode(0 -> 1) fmt( -> pBAA) pixelSize(0 -> 1) quantization(0 -> 1)
02-11 14:31:25.551   818  4965 I WNC]VendorCameraScenario: [operator():834] fastAe Wait start(7)
02-11 14:31:25.551   818  5115 E WNC]SensorHWProcessorImpl: [acquire3aaPath:122] [W_0_Preview] reserved 0 is used for specific scednario(pip:1, single:0)
02-11 14:31:25.551   818  5115 I WNC]SensorHWProcessorImpl: [sensorStream:935] [CAMSYSKPI][W_0_Preview] begin V4L2_CID_IS_S_STREAM(fastAe:1, on:1)
02-11 14:31:25.559   791   899 I BTAudioHalDeviceProxyAIDL: Suspend: session_type=A2DP_SOFTWARE_ENCODING_DATAPATH, cookie=0x100, state=STARTED request
02-11 14:31:25.559  3188 15488 I BTAudioA2dpSehAIDL: system/audio_hal_interface/seh_aidl/a2dp/a2dp_encoding_aidl.cc:232 SuspendRequest: 
02-11 14:31:25.559  3188 15488 I bluetooth-a2dp: system/btif/src/btif_av.cc:4829 btif_av_stream_started_ready: active_peer=xx:xx:xx:xx:db:3a state=3 flags=0x0(None) ready=true
02-11 14:31:25.559  3188 15488 I bluetooth-a2dp: system/btif/src/btif_av.cc:4764 btif_av_stream_suspend: 
02-11 14:31:25.559  3188  3249 I bluetooth-a2dp: system/btif/src/btif_av.cc:4036 btif_av_handle_event: peer=xx:xx:xx:xx:db:3a handle=0x0 event=BTIF_AV_SUSPEND_STREAM_REQ_EVT(0x21)
02-11 14:31:25.560  3188  3249 I bluetooth-a2dp: system/btif/src/btif_av.cc:3287 ProcessEvent: state=Started peer=xx:xx:xx:xx:db:3a event=BTIF_AV_SUSPEND_STREAM_REQ_EVT(0x21) flags=0x0(None) active_peer=true
02-11 14:31:25.560  3188  3249 I bluetooth-a2dp: system/btif/src/btif_av.cc:3319 ProcessEvent: Peer xx:xx:xx:xx:db:3a : event=BTIF_AV_SUSPEND_STREAM_REQ_EVT(0x21) flags=0x0(None)
02-11 14:31:25.560  3188  3249 I bluetooth-a2dp: system/btif/src/btif_av.cc:5347 btif_av_big_data_report: event=BTIF_AV_BIG_DATA_REPORT(0x2a)
02-11 14:31:25.560  3188  3249 I bluetooth-a2dp: system/btif/src/btif_av.cc:5347 btif_av_big_data_report: event=BTIF_AV_BIG_DATA_REPORT(0x2a)
02-11 14:31:25.560  3188  3249 I bluetooth-a2dp: system/btif/src/btif_a2dp_source.cc:1164 btif_a2dp_source_set_tx_flush: enable=true state=STATE_RUNNING
02-11 14:31:25.560  3188  3274 I bluetooth-a2dp: system/btif/src/btif_av.cc:5330 btif_av_big_data_report_callback: 
02-11 14:31:25.560  3188  3249 I bluetooth-a2dp: system/bta/av/bta_av_api.cc:282 BTA_AvStop: bta_handle=0x41 suspend=true
02-11 14:31:25.560  3188  3274 I bluetooth-a2dp: system/btif/src/btif_av.cc:5330 btif_av_big_data_report_callback: 
02-11 14:31:25.560  5070  5070 W System.err: java.lang.NullPointerException: Attempt to invoke virtual method 'android.os.Bundle com.samsung.android.knox.SemEnterpriseDeviceManager.getApplicationRestrictions(java.lang.String, int)' on a null object reference
02-11 14:31:25.560  3188  3249 I bluetooth-a2dp: system/bta/av/bta_av_main.cc:1302 bta_av_hdl_event: bta_handle=0x41
02-11 14:31:25.560  3188  3274 I bluetooth-a2dp: android/app/jni/com_android_bluetooth_a2dp.cpp:243 bta2dp_big_data_callback: 
02-11 14:31:25.560  3188  3249 I bluetooth-a2dp: system/bta/av/bta_av_aact.cc:2050 bta_av_str_stopped: peer xx:xx:xx:xx:db:3a bta_handle:0x41 audio_open_cnt:1, p_data 0xb400007120cbf930 start:1
02-11 14:31:25.560  3188  3249 I bluetooth: system/bta/dm/bta_dm_pm.cc:968 bta_dm_pm_ssr: Found connected service:BTA_ID_AG app_id:0 peer:xx:xx:xx:xx:db:3a spec_name:sniff_capable
02-11 14:31:25.560  3188  3249 I bluetooth: system/bta/dm/bta_dm_pm.cc:968 bta_dm_pm_ssr: Found connected service:BTA_ID_AV app_id:0 peer:xx:xx:xx:xx:db:3a spec_name:sniff_capable
02-11 14:31:25.560  3188  3249 I bt_btm_pm: system/stack/acl/btm_pm.cc:353 BTM_SetSsrParams: Set sniff subrating state:immediate:active[0] max_latency:0x04b0 min_remote_timeout:0x0002 min_local_timeout:0x0002
02-11 14:31:25.560  5070  5070 W System.err: 	at Z0.f.b(Unknown Source:14)
02-11 14:31:25.560  5070  5070 W System.err: 	at D0.f.get(Unknown Source:90)
02-11 14:31:25.560  5070  5070 W System.err: 	at com.samsung.scsp.error.FaultBarrier.get(SourceFile:1)
02-11 14:31:25.560  5070  5070 W System.err: 	at com.samsung.scsp.error.FaultBarrier.get(SourceFile:4)
02-11 14:31:25.560  5070  5070 W System.err: 	at Z0.f.c(Unknown Source:9)
02-11 14:31:25.560  5070  5070 W System.err: 	at com.samsung.android.scpm.app.ScpmApplication.attachBaseContext(Unknown Source:3)
02-11 14:31:25.560  5070  5070 W System.err: 	at android.app.Application.attach(Application.java:365)
02-11 14:31:25.561  5070  5070 W System.err: 	at android.app.Instrumentation.newApplication(Instrumentation.java:1351)
02-11 14:31:25.561  5070  5070 W System.err: 	at android.app.LoadedApk.makeApplicationInner(LoadedApk.java:1601)
02-11 14:31:25.561  5070  5070 W System.err: 	at android.app.LoadedApk.makeApplicationInner(LoadedApk.java:1533)
02-11 14:31:25.561  5070  5070 W System.err: 	at android.app.ActivityThread.handleBindApplication(ActivityThread.java:8673)
02-11 14:31:25.561  5070  5070 W System.err: 	at android.app.ActivityThread.-$$Nest$mhandleBindApplication(Unknown Source:0)
02-11 14:31:25.561  5070  5070 W System.err: 	at android.app.ActivityThread$H.handleMessage(ActivityThread.java:2873)
02-11 14:31:25.561  5070  5070 W System.err: 	at android.os.Handler.dispatchMessage(Handler.java:110)
02-11 14:31:25.561  5070  5070 W System.err: 	at android.os.Looper.loopOnce(Looper.java:273)
02-11 14:31:25.561  5070  5070 W System.err: 	at android.os.Looper.loop(Looper.java:363)
02-11 14:31:25.561  5070  5070 W System.err: 	at android.app.ActivityThread.main(ActivityThread.java:10060)
02-11 14:31:25.561  5070  5070 W System.err: 	at java.lang.reflect.Method.invoke(Native Method)
02-11 14:31:25.561  5070  5070 W System.err: 	at com.android.internal.os.RuntimeInit$MethodAndArgsCaller.run(RuntimeInit.java:632)
02-11 14:31:25.561  5070  5070 W System.err: 	at com.android.internal.os.ZygoteInit.main(ZygoteInit.java:975)
02-11 14:31:25.561  3188  3274 I bluetooth-a2dp: android/app/jni/com_android_bluetooth_a2dp.cpp:243 bta2dp_big_data_callback: 
02-11 14:31:25.561  3188  3257 W bluetooth: system/gd/hci/acl_manager/round_robin_scheduler.cc:147 SetLinkPriority: SetLinkPriority hndl=0x3 priority=false
02-11 14:31:25.563  3188  3249 I bluetooth-a2dp: system/stack/avdt/avdt_api.cc:623 AVDT_SuspendReq: num_handles=1
02-11 14:31:25.563  3188  3249 W bluetooth-a2dp-avdt: system/stack/avdt/avdt_msg.cc:1198 avdt_msg_send: 0 CMD SUSPEND
02-11 14:31:25.563  3188  3249 E bt_btu_hcif: system/stack/btu/btu_hcif.cc:1315 btu_hcif_hdl_command_complete: Command complete for opcode:0x811 should not be handled here
02-11 14:31:25.563  3188  3249 E bt_btu_hcif: system/stack/btu/btu_hcif.cc:1315 btu_hcif_hdl_command_complete: Command complete for opcode:0x80d should not be handled here
02-11 14:31:25.565  3188  3257 W bluetooth: system/gd/hci/acl_manager/round_robin_scheduler.cc:242 buffer_packet: avdt_msg_send CMD SUSPEND
02-11 14:31:25.573  3188  3257 I bluetooth: system/main/shim/acl.cc:564 OnFlushOccurred: UNIMPLEMENTED
02-11 14:31:25.576  5070  5070 I FirebaseApp: Device unlocked: initializing all Firebase APIs for app [DEFAULT]
02-11 14:31:25.581  3188 15187 W bluetooth-a2dp: system/btif/src/btif_a2dp_source.cc:1367 btif_a2dp_source_enqueue_callback: tx suspended, discarded frame
02-11 14:31:25.582  5070  5070 I FirebaseInitProvider: FirebaseApp initialization successful
02-11 14:31:25.586  5070  5088 I [SCPMV2][RegistrationVerifier]: verify
02-11 14:31:25.587  5070  5088 I [SCPMV2][RegistrationVerifier]: callers : [com.samsung.android.dqagent, com.sec.android.app.factorykeystring, com.sec.android.CcInfo, com.samsung.android.aircommandmanager, com.sec.bcservice, com.skms.android.agent, com.samsung.logwriter, com.samsung.android.da.daagent, com.android.inputdevices, com.sec.android.iaft, com.samsung.android.fmm, com.sec.android.app.SecSetupWizard, android, com.sec.epdg, com.android.keychain, com.samsung.gpuwatchapp, com.android.providers.settings, com.sec.android.diagmonagent, com.samsung.sec.android.teegris.tui_service, com.samsung.android.app.omcagent, com.sec.android.app.hwmoduletest, com.samsung.android.bixby.wakeup, com.sec.android.soagent, com.samsung.android.motionphoto.app, com.samsung.android.vtcamerasettings, com.sec.android.app.personalization, com.samsung.sait.sohservice, com.samsung.android.bbc.bbcagent, com.sec.facatfunction, com.android.server.telecom, com.sec.android.app.servicemodeapp, com.samsung.android.knox.pushmanager, com.samsung.android.smartface, com.android.settings, com.samsung.android.themecenter, com.samsung.SMT, com.samsung.slsi.telephony.silentlogging, com.android.localtransport, com.samsung.android.biometrics.app.setting, com.sec.android.app.parser, com.samsung.android.knox.attestation, com.sec.mhs.smarttethering, com.sec.factory.camera, com.sec.android.app.RilPhoneNumberService, com.android.location.fused, com.sec.modem.settings, com.samsung.android.globalpostprocmgr, com.samsung.android.app.dressroom, com.samsung.android.svcagent, com.sec.app.RilErrorNotifier, com.samsung.android.emergency, com.sec.imsservice, com.samsung.android.brightnessbackupservice, com.samsung.oda.service, com.samsung.android.knox.mpos, com.samsung.android.photoremasterservice, com.sec.usbsettings, com.samsung.android.knox.zt.framework, com.sec.android.smartfpsadjuster, com.wssyncmldm, com.android.dynsystem, com.samsung.android.vexfwk.service, com.sec.automation, com.sec.android.sdhms, com.samsung.android.provider.filterprovider, com.samsung.android.wifi.ai, com.samsung.android.smartswitchassistant, com.samsung.android.providers.factory, com.samsung.aasaservice, com.samsung.android.cameraxservice, com.samsung.android.hdmapp, com.samsung.android.simagent, com.samsung.android.mdecservice, com.sec.android.app.quicktool, com.samsung.android.lool, com.sec.imslogger, com.samsung.accessibility, com.samsung.android.forest, com.sec.android.app.wlantest, com.sec.sve, com.samsung.android.stickercenter, com.sec.android.emergencylauncher]
02-11 14:31:25.588  5070  5088 I [SCPMV2][ScpmPermissionChecker]: permissionState for read scpm : true
02-11 14:31:25.588  5070  5070 I [SCSPSDK][ScpmApplication]: onCreate
02-11 14:31:25.590  5070  5116 E ashmem  : Pinning is deprecated since Android Q. Please use trim or other methods.
02-11 14:31:25.590  5070  5088 I [SCPMV2][ScpmDataBaseHelper]: scpm.database.name = scpmv2.db
02-11 14:31:25.590  5070  5088 I [SCPMV2][ScpmDataBaseHelper]: scpm.database.version = 6
02-11 14:31:25.591  5070  5121 I [SCPMV2][SmpUtil]: Firebase init
02-11 14:31:25.591  5070  5121 I SmpLog  : [SMP] init. D:false O:DEVICE_BASED S:true M:false P:SPP_ONLY_MODE A:a
02-11 14:31:25.591  5070  5070 I [SCPMV2][Scsp]: setUp
02-11 14:31:25.593  5070  5070 I [SCSPSDK][ScpmApplication]: ExecutorService: java.util.concurrent.ThreadPoolExecutor@4123e23[Running, pool size = 0, active threads = 0, queued tasks = 0, completed tasks = 0]
02-11 14:31:25.593  5070  5070 I [SCPMV2][DiagMonWrapper]: init
02-11 14:31:25.595  3188  3249 W bluetooth-a2dp-avdt: system/stack/avdt/avdt_msg.cc:1628 avdt_msg_ind: 0 RSP SUSPEND
02-11 14:31:25.595  3188  3249 I bluetooth-a2dp: system/bta/av/bta_av_main.cc:1302 bta_av_hdl_event: bta_handle=0x41
02-11 14:31:25.595  3188  3249 I bluetooth: system/bta/dm/bta_dm_pm.cc:968 bta_dm_pm_ssr: Found connected service:BTA_ID_AG app_id:0 peer:xx:xx:xx:xx:db:3a spec_name:sniff_capable
02-11 14:31:25.595  3188  3249 I bluetooth: system/bta/dm/bta_dm_pm.cc:968 bta_dm_pm_ssr: Found connected service:BTA_ID_AV app_id:0 peer:xx:xx:xx:xx:db:3a spec_name:sniff_capable
02-11 14:31:25.595  3188  3249 I bt_btm_pm: system/stack/acl/btm_pm.cc:353 BTM_SetSsrParams: Set sniff subrating state:immediate:active[0] max_latency:0x04b0 min_remote_timeout:0x0002 min_local_timeout:0x0002
02-11 14:31:25.596  5070  5070 I DIAGMON_SDK[605068]: DiagMonAgent type: 2
02-11 14:31:25.597  5070  5070 I DIAGMON_SDK[605068][4M0-399-5151102] : generated SR object
02-11 14:31:25.597  5070  5121 I SmpLog  : [SMP] get token : ...gZtnY (142)
02-11 14:31:25.597  5070  5121 I SmpLog  : [SMP] get push type : fcm
02-11 14:31:25.598  3188  3257 I bluetooth: system/main/shim/acl.cc:564 OnFlushOccurred: UNIMPLEMENTED
02-11 14:31:25.599  3188  3249 E bt_btu_hcif: system/stack/btu/btu_hcif.cc:1315 btu_hcif_hdl_command_complete: Command complete for opcode:0x811 should not be handled here
02-11 14:31:25.599  3188  3249 I bluetooth-a2dp: system/btif/src/btif_av.cc:4036 btif_av_handle_event: peer=00:00:00:00:00:00 handle=0x41 event=BTA_AV_SUSPEND_EVT(0xf)
02-11 14:31:25.599  3188  3249 I bluetooth-a2dp: system/btif/src/btif_av.cc:3287 ProcessEvent: state=Started peer=xx:xx:xx:xx:db:3a event=BTA_AV_SUSPEND_EVT(0xf) flags=0x1(LOCAL_SUSPEND_PENDING) active_peer=true
02-11 14:31:25.599  3188  3249 I bluetooth-a2dp: system/btif/src/btif_av.cc:3372 ProcessEvent: Peer xx:xx:xx:xx:db:3a : event=BTA_AV_SUSPEND_EVT(0xf) status=0 initiator=true flags=0x1(LOCAL_SUSPEND_PENDING)
02-11 14:31:25.599  3188  3249 I bluetooth-a2dp: system/btif/src/btif_a2dp.cc:154 btif_a2dp_on_suspended: ## ON A2DP SUSPENDED ## p_av_suspend=0xb400007140d1ea60
02-11 14:31:25.599  3188  3249 I bluetooth-a2dp: system/btif/src/btif_a2dp_source.cc:1134 btif_a2dp_source_on_suspended: state=STATE_RUNNING
02-11 14:31:25.601  5070  5124 I [SCPMV2][AnalyticsLogger]: init: Samsung Analytics Configuration, [SEP version 14.0]
02-11 14:31:25.602  3188 15187 W BTAudioClientSehAIDL: system/audio_hal_interface/seh_aidl/a2dp/client_interface_aidl.cc:418 ReadAudioData: 1764/1764 no data 10 ms
02-11 14:31:25.602  3188 15187 W bluetooth-a2dp: system/btif/src/btif_a2dp_source.cc:1336 btif_a2dp_source_read_callback: UNDERFLOW: ONLY READ 0 BYTES OUT OF 1764
02-11 14:31:25.602  3188 15187 E bluetooth: system/common/repeating_timer.cc:149 RunTask: Periodic task execution took 11421 microseconds, longer than interval 10000 microseconds
02-11 14:31:25.602  5070  5122 I SmpLog  : [SMP] Test mode: false, v:3.3.11.2, com.samsung.android.scpm
02-11 14:31:25.604  3188  3249 I bluetooth-a2dp: system/btif/src/btif_a2dp_source.cc:1009 btif_a2dp_source_stop_audio_req: state=STATE_RUNNING
02-11 14:31:25.604  3188  3249 I bluetooth-a2dp: system/btif/src/btif_av.cc:3851 btif_report_audio_state: peer=xx:xx:xx:xx:db:3a state=1
02-11 14:31:25.604  3188  3249 I bluetooth-a2dp: system/btif/src/btif_av.cc:3232 OnExit: state=Started peer=xx:xx:xx:xx:db:3a
02-11 14:31:25.604  3188  3274 I bluetooth-a2dp: android/app/jni/com_android_bluetooth_a2dp.cpp:110 bta2dp_audio_state_callback: xx:xx:xx:xx:db:3a: state: BTAV_AUDIO_STATE_STOPPED(0x1)
02-11 14:31:25.604  5070  5122 I SmpLog  : [SMP] ptype:fcm, token:...gZtnY (142), D:false, O:DEVICE_BASED, S:false, M:false, P:SPP_ONLY_MODE
02-11 14:31:25.604  3188  3249 I bluetooth-a2dp: system/btif/src/btif_av.cc:2597 OnEnter: state=Opened peer=xx:xx:xx:xx:db:3a
02-11 14:31:25.606  3188  3188 I A2dpStateMachine: Connected: stopped playing: XX:XX:XX:XX:DB:3A
02-11 14:31:25.606  3188  3249 E bt_btu_hcif: system/stack/btu/btu_hcif.cc:1315 btu_hcif_hdl_command_complete: Command complete for opcode:0x80d should not be handled here
02-11 14:31:25.606  3188  3188 W LeAudioService: getLeAudioService(): service is NULL
02-11 14:31:25.606  3188  3249 I bluetooth-a2dp: system/btif/src/btif_a2dp_source.cc:1218 btif_a2dp_source_audio_tx_stop_event: streaming true state=STATE_RUNNING offload_mode 0
02-11 14:31:25.607  5070  5125 I [SCPMV2][ScaWorkingPoliciesDownloader]: download : expiredTime = 12 Feb 2026 12:48:08 am
02-11 14:31:25.610  3188  3188 I AvrcpTargetService: setA2dpAudioState : 11
02-11 14:31:25.610  3188 15231 I bluetooth: system/btif/avrcp/avrcp_service.cc:597 SendMediaUpdate: track_changed=false :  play_state=true :  queue=false
02-11 14:31:25.610  5070  5122 I SmpLog  : [SMP] SEND BR : smp init success
02-11 14:31:25.613  3188 15187 W BTAudioClientSehAIDL: system/audio_hal_interface/seh_aidl/a2dp/client_interface_aidl.cc:418 ReadAudioData: 4096/4096 no data 10 ms
02-11 14:31:25.613  3188 15187 W bluetooth-a2dp: system/btif/src/btif_a2dp_source.cc:1336 btif_a2dp_source_read_callback: UNDERFLOW: ONLY READ 0 BYTES OUT OF 4096
02-11 14:31:25.613  3188 15187 W bluetooth-a2dp: system/stack/a2dp/a2dp_aac_encoder.cc:775 a2dp_aac_encode_frames: underflow 1
02-11 14:31:25.613  3188 15187 E bluetooth: system/common/repeating_timer.cc:149 RunTask: Periodic task execution took 11040 microseconds, longer than interval 10000 microseconds
02-11 14:31:25.616  5070  5070 I [SCPMV2][SystemMonitorReceiver]: onReceive: android.intent.action.BATTERY_CHANGED
02-11 14:31:25.617  5070  5125 I [SCPMV2][ScaWorkingPoliciesDownloader]: download : expiredTime = 12 Feb 2026 12:48:08 am
02-11 14:31:25.618  5070  5127 I [SCPMV2][PatchDevice]: execute
02-11 14:31:25.618  5070  5125 I [SCPMV2][ScaWorkingPoliciesDownloader]: download : expiredTime = 12 Feb 2026 12:48:08 am
02-11 14:31:25.620  5070  5125 I [SCPMV2][ScaWorkingPoliciesDownloader]: download : expiredTime = 12 Feb 2026 12:48:08 am
02-11 14:31:25.620  5070  5088 I [SCPMV2][RegistrationDataManager]: cursor count : 1
02-11 14:31:25.620  5070  5088 I [SCPMV2][RegistrationDataManager]: register: 0x0yorj6ns
02-11 14:31:25.620  5070  5088 I [SCPMV2][ConfigurationWhenRegister]: apply
02-11 14:31:25.620  5070  5125 I [SCPMV2][EscrowVaultInducement]: enqueue worker
02-11 14:31:25.621  5070  5125 I [SCPMV2][ScaWorkingPoliciesDownloader]: download : expiredTime = 12 Feb 2026 12:48:08 am
02-11 14:31:25.621  5070  5088 I [SCPMV2][ScpmPermissionChecker]: hasPermission : true
02-11 14:31:25.621  5070  5088 I [SCPMV2][ConfigurationDataManager]: initialize: appId = 0x0yorj6ns
02-11 14:31:25.621   527   527 I lmkd    : cached 3, sandbox(not0) 0
02-11 14:31:25.621   527   527 D lmkd    : No processes to kill with adj score >= 850
02-11 14:31:25.624  3188 15187 W BTAudioClientSehAIDL: system/audio_hal_interface/seh_aidl/a2dp/client_interface_aidl.cc:418 ReadAudioData: 4096/4096 no data 10 ms
02-11 14:31:25.624  3188 15187 W bluetooth-a2dp: system/btif/src/btif_a2dp_source.cc:1336 btif_a2dp_source_read_callback: UNDERFLOW: ONLY READ 0 BYTES OUT OF 4096
02-11 14:31:25.624  3188 15187 E bluetooth: system/common/repeating_timer.cc:149 RunTask: Periodic task execution took 11257 microseconds, longer than interval 10000 microseconds
02-11 14:31:25.624  4939  4939 I VSET/ScpmHelper: onRegistered: MSG_REGISTER_SUCCESS
02-11 14:31:25.624  4939  4939 I VSET/SALogCommon: init: setSAConfiguration
02-11 14:31:25.625  4939  4939 I SamsungAnalytics605079: Tracker start:6.05.079
02-11 14:31:25.625  5070  5125 W WM-WorkSpec: Backoff delay duration exceeds maximum value
02-11 14:31:25.625  4939  4939 I VSET/SALogCommon: registerSettingPref: already registered
02-11 14:31:25.626  4939  4939 I VSET/VTCameraSettingApplication: initializeCameraProxyWorker: 
02-11 14:31:25.629   818  5115 I WNC]SensorHWProcessorImpl: [sensorStream:946] [W_0_Preview] CameraSensor Stream On
02-11 14:31:25.629   818  5115 I WNC]SensorHWProcessorImpl: [sensorStream:950] [CAMSYSKPI][W_0_Preview] leave V4L2_CID_IS_S_STREAM(fastAe:1, on:1)
02-11 14:31:25.630   818  5113 I WNC]VendorCameraScenario: [operator():807] onCapture fastAe 0 camIndex:0, frame = -1 dm exposureTime:699000 retVal:1 
02-11 14:31:25.630   818  5113 I WNC]VendorCameraScenario: [operator():807] onCapture fastAe 0 camIndex:0, frame = -1 dm exposureTime:699000 retVal:1 
02-11 14:31:25.630   818  5112 I IRTA    : [DICO:-I] Execute[2230]: [IRTA][S0][P0][F000001] streamIdForSharedRegion: 0
02-11 14:31:25.630   818  5113 I WNC]VendorCameraScenario: [operator():807] onCapture fastAe 0 camIndex:0, frame = -1 dm exposureTime:7986000 retVal:1 
02-11 14:31:25.630   818  5113 I WNC]VendorCameraScenario: [operator():807] onCapture fastAe 0 camIndex:0, frame = -1 dm exposureTime:7986000 retVal:1 
02-11 14:31:25.630   818  5113 I WNC]VendorCameraScenario: [operator():807] onCapture fastAe 0 camIndex:0, frame = -1 dm exposureTime:7986000 retVal:1 
02-11 14:31:25.630   818  5112 I WNC]VendorCameraScenario: [operator():807] onCapture fastAe 0 camIndex:0, frame = -1 dm exposureTime:699000 retVal:1 
02-11 14:31:25.630   818  5113 I WNC]VendorCameraScenario: [operator():807] onCapture fastAe 0 camIndex:0, frame = -1 dm exposureTime:7986000 retVal:1 
02-11 14:31:25.631   818  4965 I WNC]VendorCameraScenario: [operator():844] fastAe Wait retry(92) end(0)
02-11 14:31:25.631   818  4965 I WNC]SensorStreamMonitor: [stop:78] stop()
02-11 14:31:25.631   818  5115 I WNC]Thread: [entry:90] Stopping Thread [CameraSensorReq] on ptid: 22e67c40 tid:5115 4, priority:-8
02-11 14:31:25.631  4939  4939 I CameraServiceWorkerCompat_V2: getCameraServiceWorker
02-11 14:31:25.632   818  5113 I WNC]Thread: [entry:90] Stopping Thread [SensorHWProcess] on ptid: 22f65c40 tid:5113 3, priority:-8
02-11 14:31:25.633   818  4965 I IRTA    : [DICO:-I] Stop[938]: [IRTA][S0][P0]
02-11 14:31:25.633   818  4965 I IRTA    : [DICO:-I] DestroyGyro[1445]: Done (valid: 0, g_gyroLibRefCnt: 0)
02-11 14:31:25.633   818  4965 I IRTA    : [DICO:-I] DICO_Stop[257]: [S0]
02-11 14:31:25.633   818  4965 I IRTA    : [DICO:-I] stopObject[3437]: [S0](LME) tuneContextId: 0
02-11 14:31:25.633   818  4965 I IRTA    : [DICO:-I] DICO_Stop[257]: [S0]
02-11 14:31:25.633   818  4965 I IRTA    : [DICO:-I] stopObject[3437]: [S0](YUVP) tuneContextId: 0
02-11 14:31:25.633   818  4965 I IRTA    : [DICO:-I] DICO_Stop[257]: [S0]
02-11 14:31:25.633   818  4965 I IRTA    : [DICO:-I] stopObject[3437]: [S0](MCFP) tuneContextId: 0
02-11 14:31:25.633   818  4965 I IRTA    : [DICO:-I] DICO_Stop[257]: [S0]
02-11 14:31:25.633   818  4965 I IRTA    : [DICO:-I] stopObject[3437]: [S0](RGBP) tuneContextId: 0
02-11 14:31:25.633   818  4965 I IRTA    : [DICO:-I] DICO_Stop[257]: [S0]
02-11 14:31:25.633   818  4965 I IRTA    : [DICO:-I] stopObject[3437]: [S0](BYRP) tuneContextId: 0
02-11 14:31:25.633   818  5112 I WNC]Thread: [entry:90] Stopping Thread [RtaHWProcessor] on ptid: 23063c40 tid:5112 3, priority:0
02-11 14:31:25.633   818  5078 I WNC]Thread: [entry:90] Stopping Thread [IspRequest] on ptid: 2b4c1c40 tid:5078 3, priority:-8
02-11 14:31:25.634   818  5077 I WNC]Thread: [entry:90] Stopping Thread [ISPHWProcessor] on ptid: 2b5bfc40 tid:5077 3, priority:-8
02-11 14:31:25.634   527   527 I lmkd    : cached 3, sandbox(not0) 0
02-11 14:31:25.634   527   527 D lmkd    : No processes to kill with adj score >= 850
02-11 14:31:25.634   818  5076 I WNC]Thread: [entry:90] Stopping Thread [IspRequest] on ptid: 2b6bdc40 tid:5076 3, priority:-8
02-11 14:31:25.635  4939  4939 I CameraServiceWorkerWrapper_V2: CameraServiceWorkerWrapperImpl_V2 Created.
02-11 14:31:25.635  4939  4939 I VSET/CameraProxyWorker: init: 
02-11 14:31:25.635  3188  3249 W BTAudioClientSehAIDL: system/audio_hal_interface/seh_aidl/a2dp/client_interface_aidl.cc:418 ReadAudioData: 28672/28672 no data 10 ms
02-11 14:31:25.635  4939  5020 I VSET/CameraUtil: getCameraCharacteristics: 1
02-11 14:31:25.635   818  5075 I WNC]Thread: [entry:90] Stopping Thread [ISPHWProcessor] on ptid: 4b1b7c40 tid:5075 3, priority:-8
02-11 14:31:25.635   818  5035 I WNC]Thread: [entry:90] Stopping Thread [RequestThread] on ptid: 4abc3c40 tid:5035 3, priority:0
02-11 14:31:25.636   818  4965 I WNC]DeviceNode: [clearBuffer:569] [W_0_Preview_REAR0_SENSOR:/dev/video101:0xb400007042214610] requestBuffer(0) begin
02-11 14:31:25.637   818  4965 I WNC]DeviceNode: [clearBuffer:571] [W_0_Preview_REAR0_SENSOR:/dev/video101:0xb400007042214610] requestBuffer(0) end
02-11 14:31:25.637   818  4965 I WNC]DeviceNode: [clearBuffer:569] [W_2_Preview_LME:/dev/video170:0xb4000070c21bd050] requestBuffer(0) begin
02-11 14:31:25.637   818  4965 I WNC]DeviceNode: [clearBuffer:571] [W_2_Preview_LME:/dev/video170:0xb4000070c21bd050] requestBuffer(0) end
02-11 14:31:25.637   818  4965 I WNC]DeviceNode: [clearBuffer:569] [W_9_Preview_BYRP:/dev/video120:0xb4000071922cfb10] requestBuffer(0) begin
02-11 14:31:25.638   818  4965 I WNC]DeviceNode: [clearBuffer:571] [W_9_Preview_BYRP:/dev/video120:0xb4000071922cfb10] requestBuffer(0) end
02-11 14:31:25.639  4939  4939 I VSET/CameraUtil: isSupportedVCEOnCoverScreenFully: false
02-11 14:31:25.639  4939  4939 I VSET/VTCameraSettingApplication: onCreate: E
02-11 14:31:25.639   818  4965 I WNC]InternalImageManager: [destroy:136] [INTERNAL] [Internal][Cam0][SensorMeta.383216] totalSize 214 KB (bufSize:30 KB 32x64), maxUse:7, maxAlloc:7, initReq:2, maxReq:7, format:pBAA, bufMask:system(0x1), bufFlag:noneCached(0x0), allocMode:1, planeSize:[4096,], bytePerLine:[64,] batchSize:1, pixelSize:2, pixelComp:0, mmap:1, meta:1,        (release time: 1)
02-11 14:31:25.639   818  4965 I WNC]VendorCameraScenario: [runSepFastAeStable:856] leave
02-11 14:31:25.639   818  4965 I WNC]VendorCameraScenario: [operator():4449] [CAMSYSKPI]leave runEarlySensorStartUp (camIndex:0)
02-11 14:31:25.639   818  4968 I WNC]VendorCameraScenario: [startSensorStream:4537] [CAMSYSKPI]enter startSensorStream (camIndex:0) W
02-11 14:31:25.639   818  4967 I WNC]VendorCameraScenario: [createStreamControllerRunnable:2730] [CAMSYSKPI]enter (camIndex:0) W : createSensorOption(1, 1, 1, 0)
02-11 14:31:25.639   818  4967 I WNC]VendorCameraScenario: [getReusedSensorHwProcessor:8504] initialSensorHWProcessor:0xb40000704220ba10
02-11 14:31:25.639   818  4967 I WNC]VendorCameraScenario: [getReusedIspHwProcessor:8509] initialISPHWProcessor:0xb4000070422265d0
02-11 14:31:25.639   818  4967 I WNC]VendorCameraScenario: [createStreamController:4233] createOption.reuseHwProcessor(1) sensorHwProcessor(0xb40000704220ba10)ispHwProcessor(0xb4000070422265d0)
02-11 14:31:25.640   818  4967 I WNC]ReprocessStreamController: [create:478] REPROCESS_STREAM_SUPPORT_MULTI_FRAME: 1
02-11 14:31:25.640   818  4967 I WNC]ReprocessStreamController: [createInternal:230] camIndex:0, processor:0, sensorSize:4080x3060, fps:30, reprocess:1, postProcess:1, requestedProcess:103
02-11 14:31:25.641   818  4967 W WNC]DummyMotionEstimationSWPr: [MotionEstimationSWProcessor:88] DummyMotionEstimationSWProcessor ctor
02-11 14:31:25.641   818  4967 I WNC]ISPHWProcessor: [createImpl:100] processorType 0 processType 2 isReprocess 1, W_2_Reprocess
02-11 14:31:25.641   818  5146 I WNC]Thread: [entry:82] Starting Thread [SensorStreamMon] on ptid: 4abc3c40 tid:5146 4, priority:-8
