02-11 14:31:25.762   818  5174 I WNC]SensorHWProcessorImpl: [printPerFrameInfo:602] [Cam-1][senIdx:0 frN:-1 Id:-1] [W_0_Preview] capture[0]: vid(/300/) req(0->0) oldCrop[0 0 0, 0 / 0, 0, 0, 0] -> newCrop[0 0 4080, 3060 / 0, 0, 4080, 3060] flag(0x0 -> 0x41) size(0 0 -> 0 0) BPL(0 -> 0) mode(0 -> 1) fmt( -> pBAA) pixelSize(0 -> 1) quantization(0 -> 1)
02-11 14:31:25.762   818  5174 I WNC]SensorHWProcessorImpl: [printPerFrameInfo:602] [Cam0][senIdx:0 frN:0 Id:0] [W_0_Preview] capture[0]: vid(BAYER/300/SensorBayer.700486/0/84,m86,) req(0->1) oldCrop[0 0 4080, 3060 / 0, 0, 4080, 3060] -> newCrop[0 0 4080, 3060 / 0, 0, 4080, 3060] flag(0x41 -> 0x42) size(0 0 -> 0 0) BPL(0 -> 0) mode(1 -> 1) fmt(pBAA -> pBAA) pixelSize(1 -> 2) quantization(0 -> 1)
02-11 14:31:25.762   818  5174 I WNC]SensorHWProcessorImpl: [printPerFrameInfo:602] [Cam0][senIdx:0 frN:0 Id:0] [W_0_Preview] capture[1]: vid(FD/502/SensorFd.588063/0/983,m986,) req(0->1) oldCrop[0 0 0, 0 / 0, 0, 0, 0] -> newCrop[0 0 2040, 1530 / 0, 0, 320, 240] flag(0x0 -> 0x0) size(0 0 -> 640 480) BPL(0 -> 0) mode(0 -> 1) fmt( -> R24I) pixelSize(0 -> 0) quantization(0 -> 1)
02-11 14:31:25.764   818  5174 I WNC]SensorHWProcessorImpl: [printPerFrameInfo:602] [Cam0][senIdx:0 frN:0 Id:0] [W_0_Preview] capture[2]: vid(DRC/505/SensorDrc.789063/0/330,m311,) req(0->1) oldCrop[0 0 0, 0 / 0, 0, 0, 0] -> newCrop[0 0 1024, 256 / 0, 0, 1024, 256] flag(0x0 -> 0x0) size(0 0 -> 0 0) BPL(0 -> 0) mode(0 -> 1) fmt( -> GREY) pixelSize(0 -> 0) quantization(0 -> 1)
02-11 14:31:25.765   818  5174 I WNC]SensorHWProcessorImpl: [printPerFrameInfo:602] [Cam0][senIdx:0 frN:0 Id:0] [W_0_Preview] capture[3]: vid(ORBC/500/SensorOrbc.520755/0/454,m462,) req(0->1) oldCrop[0 0 0, 0 / 0, 0, 0, 0] -> newCrop[0 0 1664, 1248 / 0, 0, 1664, 1248] flag(0x0 -> 0x0) size(0 0 -> 0 0) BPL(0 -> 0) mode(0 -> 1) fmt( -> GREY) pixelSize(0 -> 0) quantization(0 -> 1)
02-11 14:31:25.766   527   527 I lmkd    : cached 3, sandbox(not0) 0
02-11 14:31:25.766   527   527 D lmkd    : No processes to kill with adj score >= 850
02-11 14:31:25.766   818  5174 I WNC]SensorHWProcessorImpl: [sensorStream:935] [CAMSYSKPI][W_0_Preview] begin V4L2_CID_IS_S_STREAM(fastAe:0, on:1)
02-11 14:31:25.778   527   527 I lmkd    : cached 3, sandbox(not0) 0
02-11 14:31:25.778   527   527 D lmkd    : No processes to kill with adj score >= 850
02-11 14:31:25.780   818  5174 I WNC]SensorHWProcessorImpl: [sensorStream:946] [W_0_Preview] CameraSensor Stream On
02-11 14:31:25.780   818  5174 I WNC]SensorHWProcessorImpl: [sensorStream:950] [CAMSYSKPI][W_0_Preview] leave V4L2_CID_IS_S_STREAM(fastAe:0, on:1)
02-11 14:31:25.781   818  5174 I WNC]SensorHWProcessorImpl: [printPerFrameInfo:602] [Cam0][senIdx:0 frN:1 Id:1] [W_0_Preview] capture[4]: vid(LME/501/LmeDs.318755/0/57,m58,) req(0->1) oldCrop[0 0 0, 0 / 0, 0, 0, 0] -> newCrop[0 0 1040, 774 / 0, 0, 1040, 774] flag(0x0 -> 0x0) size(0 0 -> 0 0) BPL(0 -> 0) mode(0 -> 1) fmt( -> GREY) pixelSize(0 -> 0) quantization(0 -> 1)
02-11 14:31:25.786   839   889 E HeatmapThread: ECT Thread time in milliseconds: 1770800485
02-11 14:31:25.787   839   889 D HeatmapThread: !@ batteryplugType : 2
02-11 14:31:25.787   839   889 D HeatmapThread: !@ batteryLevel : 30  batteryTemperature : 348 
02-11 14:31:25.788   839   889 D HeatmapThread: !@ Heatmap currtime: 29513341
02-11 14:31:25.788   839   889 D HeatmapThread: !@ Heatmap prevtime: 29513312
02-11 14:31:25.788   839   889 D HeatmapThread: !@ Heatmap plugstarttime: 29513333
02-11 14:31:25.788   839   889 D HeatmapThread: !@ Heatmap prevv_dsoh_update_time: 29512197
02-11 14:31:25.788   839   889 E HeatmapThread: !@ CAM New BSOH: 100
02-11 14:31:25.789   527   527 I lmkd    : cached 3, sandbox(not0) 0
02-11 14:31:25.789   527   527 D lmkd    : No processes to kill with adj score >= 850
02-11 14:31:25.803   527   527 I lmkd    : cached 3, sandbox(not0) 0
02-11 14:31:25.803   527   527 D lmkd    : No processes to kill with adj score >= 850
02-11 14:31:25.813   527   527 I lmkd    : cached 3, sandbox(not0) 0
02-11 14:31:25.814   527   527 D lmkd    : No processes to kill with adj score >= 850
02-11 14:31:25.824   818  5065 I WNC]CaptureController: [onPartialComplete:1086] for isIgnoreInternal camIndex:0, frame = -1 retVal:1 
02-11 14:31:25.824  4939  4939 I VSET/ServerHelper: isUpdatedApp: last app : 600021000, installed app : 600021000
02-11 14:31:25.824   818  5164 I IRTA    : [DICO:-I] Execute[2230]: [IRTA][S0][P0][F000008] streamIdForSharedRegion: 0
02-11 14:31:25.824  4939  4939 I VSET/ServerHelper: isNeedUpdated: fast request
02-11 14:31:25.824  4939  4939 I VSET/ObserveCameraStateService: requestStopService
02-11 14:31:25.824   818  5065 I WNC]CaptureController: [onPartialComplete:1086] for isIgnoreInternal camIndex:0, frame = -1 retVal:1 
02-11 14:31:25.825   818  5065 I WNC]CaptureController: [onCapture:1144] for isIgnoreInternal camIndex:0, frame = -1 retVal:1 
02-11 14:31:25.825   527   527 I lmkd    : cached 3, sandbox(not0) 0
02-11 14:31:25.825   527   527 D lmkd    : No processes to kill with adj score >= 850
02-11 14:31:25.837   527   527 I lmkd    : cached 3, sandbox(not0) 0
02-11 14:31:25.837   527   527 D lmkd    : No processes to kill with adj score >= 850
02-11 14:31:25.850   527   527 I lmkd    : cached 3, sandbox(not0) 0
02-11 14:31:25.850   527   527 D lmkd    : No processes to kill with adj score >= 850
02-11 14:31:25.850  5070  5140 I [SCPMV2][AppDataClearChecker]: tag : DeviceServiceWorker_PERIODIC, workInfos size : 1
02-11 14:31:25.855   818  5065 I WNC]CaptureController: [onPartialComplete:1086] for isIgnoreInternal camIndex:0, frame = -1 retVal:1 
02-11 14:31:25.855   818  5065 I WNC]CaptureController: [onPartialComplete:1086] for isIgnoreInternal camIndex:0, frame = -1 retVal:1 
02-11 14:31:25.855   818  5065 I WNC]CaptureController: [onCapture:1144] for isIgnoreInternal camIndex:0, frame = -1 retVal:1 
02-11 14:31:25.855  1646  1646 D SystemEventChipAnimationController: Try to remove existing animationView=com.android.systemui.statusbar.events.SamsungBatteryStatusChip{a158e6a V.E...... ........ 808,27-1027,89}
02-11 14:31:25.862   527   527 I lmkd    : cached 3, sandbox(not0) 0
02-11 14:31:25.862   527   527 D lmkd    : No processes to kill with adj score >= 850
02-11 14:31:25.871   818  4969 I WNC]ImageManagerGroup: [allocImages:1036] [CAMSYSKPI]leave allocImage(internalSensor:0, internal:0, service:0, reprocess:1)
02-11 14:31:25.873   527   527 I lmkd    : cached 3, sandbox(not0) 0
02-11 14:31:25.874   527   527 D lmkd    : No processes to kill with adj score >= 850
02-11 14:31:25.877  1646  1646 I BLASTBufferQueue_Java: update, w= 1080 h= 91 mName = VRI[StatusBar]@e6e5879 mNativeObject= 0xb4000070e0dd14d0 sc.mNativeObject= 0xb4000071f0cb6590 format= -3 caller= android.view.ViewRootImpl.updateBlastSurfaceIfNeeded:3574 android.view.ViewRootImpl.relayoutWindow:11685 android.view.ViewRootImpl.performTraversals:4804 android.view.ViewRootImpl.doTraversal:3924 android.view.ViewRootImpl$TraversalRunnable.run:12903 android.view.Choreographer$CallbackRecord.run:1901 
02-11 14:31:25.877  1646  1646 I VRI[StatusBar]@e6e5879: Relayout returned: old=(0,0,1080,91) new=(0,0,1080,91) relayoutAsync=true req=(1080,91)0 dur=0 res=0x0 s={true 0xb4000071a0e3cf90} ch=false seqId=217
02-11 14:31:25.877  1199  2429 I WindowManager: Relayout Window{48754b7 u0 StatusBar}: viewVisibility=0 req=1080x91 ty=2000 d0
02-11 14:31:25.878  1646  1646 I VRI[StatusBar]@e6e5879: registerCallbackForPendingTransactions
02-11 14:31:25.878  1199  2429 D SurfaceComposerClient: setCornerRadius ## 716cab8 com.talkar.app/com.talkar.app.MainActivity#473394 cornerRadius=0.000000
--------- beginning of system
02-11 14:31:25.879  1199  2429 I WindowManager: Cancelling animation restarting=true, leash=Surface(name=Surface(name=48754b7 StatusBar)/@0x128ce30 - animation-leash of insets_animation)/@0xdb411fc
02-11 14:31:25.880  1199  2429 I WindowManager: Reparenting to original parent: Surface(name=WindowToken{adf0fb6 type=2000 android.os.BinderProxy@32d878})/@0x6529aa9, destroy=false, surface=Surface(name=48754b7 StatusBar)/@0x128ce30
02-11 14:31:25.880  1199  2429 I WindowManager: Reparenting to leash, surface=Surface(name=48754b7 StatusBar)/@0x128ce30, leashParent=Surface(name=WindowToken{adf0fb6 type=2000 android.os.BinderProxy@32d878})/@0x6529aa9
02-11 14:31:25.880   851  2486 I SurfaceFlinger: id=473404 createSurf, flag=24000, Surface(name=48754b7 StatusBar)/@0x128ce30 - animation-leash of insets_animation#473404
02-11 14:31:25.881  1646  2029 I VRI[StatusBar]@e6e5879: mWNT: t=0xb4000071e0dfcc10 mBlastBufferQueue=0xb4000070e0dd14d0 fn= 699803 HdrRenderState mRenderHdrSdrRatio=1.0 caller= android.view.ViewRootImpl$10.onFrameDraw:6536 android.view.ViewRootImpl$4.onFrameDraw:2489 android.view.ThreadedRenderer$1.onFrameDraw:718 
02-11 14:31:25.882  1199  2429 D WindowManager: makeSurface duration=2 leash=Surface(name=Surface(name=48754b7 StatusBar)/@0x128ce30 - animation-leash of insets_animation)/@0xae8cc9e
02-11 14:31:25.882  1199  2429 D InsetsSourceProvider: updateControlForTarget: control=InsetsSourceControl: {a1400000 mType=statusBars initiallyVisible mSurfacePosition=Point(0, 0) mInsetsHint=Insets{left=0, top=91, right=0, bottom=0}}, target=TransientControlTarget, from=com.android.server.wm.InsetsStateController.onControlTargetChanged:83 com.android.server.wm.InsetsPolicy.updateBarControlTarget:212 com.android.server.wm.DisplayPolicy.updateSystemBarAttributes:262 com.android.server.wm.DisplayPolicy.finishPostLayoutPolicyLw:17 com.android.server.wm.RootWindowContainer.applySurfaceChangesTransaction$1:195 
02-11 14:31:25.882  1199  2429 D InsetsSourceProvider: updateFakeControlTarget: fakeControl=InsetsSourceControl: {a1400000 mType=statusBars mSurfacePosition=Point(0, 0) mInsetsHint=Insets{left=0, top=0, right=0, bottom=0}}, fakeTarget=Window{716cab8 u0 com.talkar.app/com.talkar.app.MainActivity}
02-11 14:31:25.883  1199  2429 D SurfaceComposerClient: setCornerRadius ## 716cab8 com.talkar.app/com.talkar.app.MainActivity#473394 cornerRadius=0.000000
02-11 14:31:25.884  1199  2429 I WindowManager: Relayout hash=48754b7, pid=0, syncId=-1: mAttrs={(0,0)(fillx91) gr=TOP CENTER_VERTICAL sim={adjust=pan} layoutInDisplayCutoutMode=always ty=STATUS_BAR fmt=TRANSLUCENT
02-11 14:31:25.884  1199  2429 I WindowManager:   fl=81000008
02-11 14:31:25.884  1199  2429 I WindowManager:   pfl=11000000
02-11 14:31:25.884  1199  2429 I WindowManager:   bhv=1
02-11 14:31:25.884  1199  2429 I WindowManager:   providedInsets:
02-11 14:31:25.884  1199  2429 I WindowManager:     InsetsFrameProvider: {id=#a1400000, index=0, type=statusBars, source=FRAME, flags=[], insetsSize=Insets{left=0, top=91, right=0, bottom=0}}
02-11 14:31:25.884  1199  2429 I WindowManager:     InsetsFrameProvider: {id=#a1400006, index=0, type=tappableElement, source=FRAME, flags=[], insetsSize=Insets{left=0, top=91, right=0, bottom=0}}
02-11 14:31:25.884  1199  2429 I WindowManager:     InsetsFrameProvider: {id=#a1400005, index=0, type=mandatorySystemGestures, source=FRAME, flags=[], mMinimalInsetsSizeInDisplayCutoutSafe=Insets{left=0, top=34, right=0, bottom=0}}
02-11 14:31:25.884  1199  2429 I WindowManager:   forciblyShownTypes=statusBars
02-11 14:31:25.884  1199  2429 I WindowManager:   frameRateBoostOnTouch=true
02-11 14:31:25.884  1199  2429 I WindowManager:   dvrrWindowFrameRateHint=true
02-11 14:31:25.884  1199  2429 I WindowManager:   paramsForRotation:
02-11 14:31:25.884  1199  2429 I WindowManager:     ROTATION_0={(0,0)(fillx91) gr=TOP CENTER_VERTICAL layoutInDisplayCutoutMode=always ty=STATUS_BAR fmt=TRANSLUCENT
02-11 14:31:25.884  1199  2429 I WindowManager:       fl=80000008
02-11 14:31:25.884  1199  2429 I WindowManager:       pfl=11000000
02-11 14:31:25.884  1199  2429 I WindowManager:       bhv=1
02-11 14:31:25.884  1199  2429 I WindowManager:       providedInsets:
02-11 14:31:25.884  1199  2429 I WindowManager:         InsetsFrameProvider: {id=#a1400000, index=0, type=statusBars, source=FRAME, flags=[], insetsSize=Insets{left=0, top=91, right=0, bottom=0}}
02-11 14:31:25.884  1199  2429 I WindowManager:         InsetsFrameProvider: {id=#a1400006, index=0, type=tappableElement, source=FRAME, flags=[], insetsSize=Insets{left=0, top=91, right=0, bottom=0}}
02-11 14:31:25.884  1199  2429 I WindowManager:         InsetsFrameProvider: {id=#a1400005, index=0, type=mandatorySystemGestures, source=FRAME, flags=[], insetsSize=Insets{left=0, top=91, right=0, bottom=0}, mMinimalInsetsSizeInDisplayCutoutSafe=Insets{left=0, top=34, right=0, bottom=0}}
02-11 14:31:25.884  1199  2429 I WindowManager:       frameRateBoostOnTouch=true
02-11 14:31:25.884  1199  2429 I WindowManager:       dvrrWindowFrameRateHint=true naviIconColor=0}
02-11 14:31:25.884  1199  2429 I WindowManager:     ROTATION_90={(0,0)(fillx84) gr=TOP CENTER_VERTICAL layoutInDisplayCutoutMode=always ty=STATUS_BAR fmt=TRANSLUCENT
02-11 14:31:25.884  1199  2429 I WindowManager:       fl=80000008
02-11 14:31:25.884  1199  2429 I WindowManager:       pfl=11000000
02-11 14:31:25.884  1199  2429 I WindowManager:       bhv=1
02-11 14:31:25.884  1199  2429 I WindowManager:       providedInsets:
02-11 14:31:25.884  1199  2429 I WindowManager:         InsetsFrameProvider: {id=#a1400000, index=0, type=statusBars, source=FRAME, flags=[], insetsSize=Insets{left=0, top=84, right=0, bottom=0}}
02-11 14:31:25.884  1199  2429 I WindowManager:         InsetsFrameProvider: {id=#a1400006, index=0, type=tappableElement, source=FRAME, flags=[], insetsSize=Insets{left=0, top=84, right=0, bottom=0}}
02-11 14:31:25.884  1199  2429 I WindowManager:         InsetsFrameProvider: {id=#a1400005, index=0, type=mandatorySystemGestures, source=FRAME, flags=[], insetsSize=Insets{left=0, top=84, right=0, bottom=0}, mMinimalInsetsSizeInDisplayCutoutSafe=Insets{left=0, top=34, right=0, bottom=0}}
02-11 14:31:25.884  1199  2429 I WindowManager:       frameRateBoostOnTouch=true
02-11 14:31:25.884  1199  2429 I WindowManager:       dvrrWindowFrameRateHint=true naviIconColor=0}
02-11 14:31:25.884  1199  2429 I WindowManager:     ROTATION_180={(0,0)(fillx91) gr=TOP CENTER_VERTICAL layoutInDisplayCutoutMode=always ty=STATUS_BAR fmt=TRANSLUCENT
02-11 14:31:25.884  1199  2429 I WindowManager:       fl=80000008
02-11 14:31:25.884  1199  2429 I WindowManager:       pfl=11000000
02-11 14:31:25.884  1199  2429 I WindowManager:       bhv=1
02-11 14:31:25.884  1199  2429 I WindowManager:       providedInsets:
02-11 14:31:25.884  1199  2429 I WindowManager:         InsetsFrameProvider: {id=#a1400000, index=0, type=statusBars, source=FRAME, flags=[], insetsSize=Insets{left=0, top=91, right=0, bottom=0}}
02-11 14:31:25.884  1199  2429 I WindowManager:         InsetsFrameProvider: {id=#a1400006, index=0, type=tappableElement, source=FRAME, flags=[], insetsSize=Insets{left=0, top=91, right=0, bottom=0}}
02-11 14:31:25.884  1199  2429 I WindowManager:         InsetsFrameProvider: {id=#a1400005, index=0, type=mandatorySystemGestures, source=FRAME, flags=[], insetsSize=Insets{left=0, top=91, right=0, bottom=0}, mMinimalInsetsSizeInDisplayCutoutSafe=Insets{left=0, top=34, right=0, bottom=0}}
02-11 14:31:25.884  1199  2429 I WindowManager:       frameRateBoostOnTouch=true
02-11 14:31:25.884  1199  2429 I WindowManager:       dvrrWindowFrameRateHint=true naviIconColor=0}
02-11 14:31:25.884  1199  2429 I WindowManager:     ROTATION_270={(0,0)(fillx84) gr=TOP CENTER_VERTICAL layoutInDisplayCutoutMode=always ty=STATUS_BAR fmt=TRANSLUCENT
02-11 14:31:25.884  1199  2429 I WindowManager:       fl=80000008
02-11 14:31:25.884  1199  2429 I WindowManager:       pfl=11000000
02-11 14:31:25.884  1199  2429 I WindowManager:       bhv=1
02-11 14:31:25.884  1199  2429 I WindowManager:       providedInsets:
02-11 14:31:25.884  1199  2429 I WindowManager:         InsetsFrameProvider: {id=#a1400000, index=0, type=statusBars, source=FRAME, flags=[], insetsSize=Insets{left=0, top=84, right=0, bottom=0}}
02-11 14:31:25.884  1199  2429 I WindowManager:         InsetsFrameProvider: {id=#a1400006, index=0, type=tappableElement, source=FRAME, flags=[], insetsSize=Insets{left=0, top=84, right=0, bottom=0}}
02-11 14:31:25.884  1199  2429 I WindowManager:         InsetsFrameProvider: {id=#a1400005, index=0, type=mandatorySystemGestures, source=FRAME, flags=[], insetsSize=Insets{left=0, top=84, right=0, bottom=0}, mMinimalInsetsSizeInDisplayCutoutSafe=Insets{left=0, top=34, right=0, bottom=0}}
02-11 14:31:25.884  1199  2429 I WindowManager:       frameRateBoostOnTouch=true
02-11 14:31:25.884  1199  2429 I WindowManager:       dvrrWindowFrameRateHint=true naviIconColor=0} naviIconColor=0}
02-11 14:31:25.885   851   851 I SurfaceFlinger: [Surface(name=48754b7 StatusBar)/@0x128ce30 - animation-leash of insets_animation#473404] attach to parent LayerHierarchy{RequestedLayerState{WindowToken{adf0fb6 type=2000 android.os.BinderProxy@32d878}#95 parentId=17} 2 children}
02-11 14:31:25.887   527   527 I lmkd    : cached 3, sandbox(not0) 0
02-11 14:31:25.887   527   527 D lmkd    : No processes to kill with adj score >= 850
02-11 14:31:25.888   851   851 D SurfaceFlinger: GPIS:: requestGpisForClientComposition
02-11 14:31:25.888   818  5065 I WNC]CaptureController: [onPartialComplete:1086] for isIgnoreInternal camIndex:0, frame = -1 retVal:1 
02-11 14:31:25.889   818  5065 I WNC]CaptureController: [onPartialComplete:1086] for isIgnoreInternal camIndex:0, frame = -1 retVal:1 
02-11 14:31:25.889   818  5065 I WNC]CaptureController: [onCapture:1144] for isIgnoreInternal camIndex:0, frame = -1 retVal:1 
02-11 14:31:25.897   527   527 I lmkd    : cached 3, sandbox(not0) 0
02-11 14:31:25.898   527   527 D lmkd    : No processes to kill with adj score >= 850
02-11 14:31:25.902   851   851 I SurfaceFlinger: [LayerHierarchy{RequestedLayerState{48754b7 StatusBar#96 parentId=473404} 1 children}] reparent to LayerHierarchy{RequestedLayerState{Surface(name=48754b7 StatusBar)/@0x128ce30 - animation-leash of insets_animation#473404 parentId=95} 1 children}
02-11 14:31:25.902   851   851 I SurfaceFlinger: [LayerHierarchy{RequestedLayerState{Surface(name=48754b7 StatusBar)/@0x128ce30 - animation-leash of insets_animation#473397} no children}] reparent to OffscreenRoot
02-11 14:31:25.902   851   851 I SurfaceFlinger: [LayerHierarchy{RequestedLayerState{Surface(name=48754b7 StatusBar)/@0x128ce30 - animation-leash of insets_animation#473397} no children}] RelativeParent to null
02-11 14:31:25.907  1199  1225 I InsetsController: onStateChanged: host=TransientControlTarget, from=com.android.server.wm.InsetsPolicy$ControlTarget.run:18, state=InsetsState: {mDisplayFrame=Rect(0, 0 - 1080, 2340), mDisplayCutout=DisplayCutout{insets=Rect(0, 89 - 0, 0) waterfall=Insets{left=0, top=0, right=0, bottom=0} boundingRect={Bounds=[Rect(0, 0 - 0, 0), Rect(507, 0 - 573, 89), Rect(0, 0 - 0, 0), Rect(0, 0 - 0, 0)]} cutoutPathParserInfo={CutoutPathParserInfo{displayWidth=1080 displayHeight=2340 physicalDisplayWidth=1080 physicalDisplayHeight=2340 density={2.8125} cutoutSpec={M 0,0 M 0,8.177777777777778 a 11.73333333333333,11.73333333333333 0 1,0 0,23.46666666666667 a 11.73333333333333,11.73333333333333 0 1,0 0,-23.46666666666667 Z @dp} rotation={0} scale={1.0} physicalPixelDisplaySizeRatio={1.0}}} sideOverrides={}}, mRoundedCorners=RoundedCorners{[RoundedCorner{position=TopLeft, radius=113, center=Point(113, 113)}, RoundedCorner{position=TopRight, radius=113, center=Point(967, 113)}, RoundedCorner{position=BottomRight, radius=113, center=Point(967, 2227)}, RoundedCorner{position=BottomLeft, radius=113, center=Point(113, 2227)}]}  mRoundedCornerFrame=Rect(0, 0 - 0, 0), mPrivacyIndicatorBounds=PrivacyIndicatorBounds {static bounds=Rect(956, 0 - 1080, 91) rotation=0}, mDisplayShape=DisplayShape{ spec=-392560863 displayWidth=1080 displayHeight=2340 physicalPixelDisplaySizeRatio=1.0 rotation=0 offsetX=0 offsetY=0 scale=1.0}, mSources= { InsetsSource: {a1400000 mType=statusBars mFrame=[0,0][1080,91] mVisible=true mFlags= mSideHint=TOP mBoundingRects=null}, InsetsSource: {a1400005 mType=mandatorySystemGestures mFrame=[0,0][1080,123] mVisible=true mFlags= mSideHint=TOP mBoundingRects=null}, InsetsSource: {a1400006 mType=tappableElement mFrame=[0,0][1080,91] mVisible=true mFlags= mSideHint=TOP mBoundingRects=null}, InsetsSource: {d2b40001 mType=navigationBars mFrame=[0,0][0,0] mVisible=true mFlags=SUPPRESS_SCRIM mSideHint=NONE mBoundingRects=null}, InsetsSource: {d2b40004 mType=systemGestures mFrame=[0,0][84,2340] mVisible=true mFlags= mSideHint=LEFT mBoundingRects=null}, InsetsSource: {d2b40005 mType=mandatorySystemGestures mFrame=[0,2250][1080,2340] mVisible=true mFlags= mSideHint=BOTTOM mBoundingRects=null}, InsetsSource: {d2b40006 mType=tappableElement mFrame=[0,0][0,0] mVisible=true mFlags= mSideHint=NONE mBoundingRects=null}, InsetsSource: {d2b40024 mType=systemGestures mFrame=[996,0][1080,2340] mVisible=true mFlags= mSideHint=RIGHT mBoundingRects=null}, InsetsSource: {3 mType=ime mFrame=[0,0][0,0] mVisible=false mFlags= mSideHint=NONE mBoundingRects=null}, InsetsSource: {27 mType=displayCutout mFrame=[0,0][1080,89] mVisible=true mFlags= mSideHint=TOP mBoundingRects=null} }
02-11 14:31:25.907  1199  1225 I InsetsSourceConsumer: applyRequestedVisibilityToControl: visible=true, type=statusBars, host=TransientControlTarget
02-11 14:31:25.909  1199  1225 D SurfaceComposerClient: setCornerRadius ## 716cab8 com.talkar.app/com.talkar.app.MainActivity#473394 cornerRadius=0.000000
02-11 14:31:25.910   851   916 I SurfaceFlinger: id=473397 Removed Surface(name=48754b7 StatusBar)/@0x128ce30 - animation-leash of insets_animation#473397 (465)
02-11 14:31:25.910   527   527 I lmkd    : cached 3, sandbox(not0) 0
02-11 14:31:25.910   527   527 D lmkd    : No processes to kill with adj score >= 850
02-11 14:31:25.912  1646  1646 I VRI[StatusBar]@e6e5879: handleResized, frames=ClientWindowFrames{frame=[0,0][1080,91] display=[0,0][1080,2340] parentFrame=[0,0][0,0]} displayId=0 dragResizing=false compatScale=1.0 frameChanged=false attachedFrameChanged=false configChanged=false displayChanged=false compatScaleChanged=false dragResizingChanged=false
02-11 14:31:25.912  1646  1646 I VRI[NavigationBar0]@cf0dc7f: handleResized, frames=ClientWindowFrames{frame=[0,2205][1080,2340] display=[0,0][1080,2340] parentFrame=[0,0][0,0]} displayId=0 dragResizing=false compatScale=1.0 frameChanged=false attachedFrameChanged=false configChanged=false displayChanged=false compatScaleChanged=false dragResizingChanged=false
02-11 14:31:25.913  2462  2462 I VRI[CocktailBarService]@5be02e: handleResized, frames=ClientWindowFrames{frame=[1013,379][1080,725] display=[0,0][1080,2340] parentFrame=[0,0][0,0]} displayId=0 dragResizing=false compatScale=1.0 frameChanged=false attachedFrameChanged=false configChanged=false displayChanged=false compatScaleChanged=false dragResizingChanged=false
02-11 14:31:25.915 20809 20809 I VRI[]@603603a: handleResized, frames=ClientWindowFrames{frame=[540,1215][540,1215] display=[0,91][1080,2340] parentFrame=[0,0][0,0]} displayId=0 dragResizing=false compatScale=1.0 frameChanged=false attachedFrameChanged=false configChanged=false displayChanged=false compatScaleChanged=false dragResizingChanged=false
02-11 14:31:25.916  4811  4811 I VRI[MainActivity]@772cce: handleResized, frames=ClientWindowFrames{frame=[0,0][1080,2340] display=[0,0][1080,2340] parentFrame=[0,0][0,0]} displayId=0 dragResizing=false compatScale=1.0 frameChanged=false attachedFrameChanged=false configChanged=false displayChanged=false compatScaleChanged=false dragResizingChanged=false
02-11 14:31:25.916  5862  5862 I VRI[ThumbsUpHandler_L]@27b897e: handleResized, frames=ClientWindowFrames{frame=[0,0][61,2340] display=[0,0][1080,2340] parentFrame=[0,0][0,0]} displayId=0 dragResizing=false compatScale=1.0 frameChanged=false attachedFrameChanged=false configChanged=false displayChanged=false compatScaleChanged=false dragResizingChanged=false
02-11 14:31:25.917  5862  5862 I VRI[ThumbsUpHandler_R]@3dae5f5: handleResized, frames=ClientWindowFrames{frame=[1019,0][1080,2340] display=[0,0][1080,2340] parentFrame=[0,0][0,0]} displayId=0 dragResizing=false compatScale=1.0 frameChanged=false attachedFrameChanged=false configChanged=false displayChanged=false compatScaleChanged=false dragResizingChanged=false
02-11 14:31:25.919   851   851 I SurfaceFlinger: destroyed Surface(name=48754b7 StatusBar)/@0x128ce30 - animation-leash of insets_animation#473397
02-11 14:31:25.921   818  5065 I WNC]MetadataConverter: [convertDeviceToMetadata:222] [Cam0][(N) camIndex:0 frN:0 HwfrN:11 Id:0 T:0] [func:convertShotToMetadata, line:161] metaType:1, camIndex:0, isError:0
02-11 14:31:25.921   818  5065 I WNC]VendorCameraScenario: [onCapturePartialComplete:6154] [Cam0][(N) camIndex:0 frN:0 HwfrN:11 Id:0 T:2631184573] controllerId(10001) callbackId(0)
02-11 14:31:25.921   818  5065 I WNC]Scenario: [sendMetadataResult:541] [Cam0][(N) camIndex:0 frN:0 HwfrN:11 Id:0 T:2631184573] type = 8
02-11 14:31:25.921   818  5065 I WNC]ScenarioCore: [sendResult:343] [Cam0][(N) camIndex:0 frN:0 HwfrN:11 Id:0 T:2631184573] sendResult resultType = NEXT_REQUEST(8), buf:None(bufIdx:-1, streamIdx:-1)
02-11 14:31:25.921   851   851 I Layer   : id=473397 Destroyed Surface(name=48754b7 StatusBar)/@0x128ce30 - animation-leash of insets_animation#473397
02-11 14:31:25.921   527   527 I lmkd    : cached 3, sandbox(not0) 0
02-11 14:31:25.921   527   527 D lmkd    : No processes to kill with adj score >= 850
02-11 14:31:25.922   818  4955 I WNC]Camera: [onShotReceived:423] [Cam0][frN:0 in:0 out:(0/2) zoomRatio(1.000000) HQ(0) RS(0) T:0] [NEXT_REQUEST] camIndex:0, isMainCam:1, logicalCamIndex:-1, bufIdx:-1, metaEmpty:1, phyMapSize:0, result:[frN:0,shutter(unDone),partialCnt(0),phyMapSize(0),FD(0),allResult(unDone):[(CALLBACK,stmidx:1,state:unDone),(PREVIEW,stmidx:0,state:unDone),]]
02-11 14:31:25.922   818  4955 I WNC]RequestManager: [handleNextRequest:775] [Cam0][frN:0 in:0 out:(0/2) zoomRatio(1.000000) HQ(0) RS(0) T:0] [frN:0] NEXT_REQUEST
02-11 14:31:25.922   818  4955 W WNC]RequestManager: [warnPossibleProblem:1006] [Debug] -------------------------------------------------------
02-11 14:31:25.922   818  4955 W WNC]RequestManager: [warnPossibleProblem:1008] [Debug] CaptureRequest is stuck! Please check [frN:0,in(0),outs(2):[(CALLBACK,stmidx:1,size:640x480),(PREVIEW,stmidx:0,size:1440x1080),]]
02-11 14:31:25.922   818  4955 W WNC]RequestManager: [warnPossibleProblem:1012] [Debug] frN:0 | buffer 0/2 | partialComplete 0/2
02-11 14:31:25.922   818  4955 W WNC]RequestManager: [warnPossibleProblem:1014] [Debug] BufferCallbackCompleted: False
02-11 14:31:25.922   818  4955 W WNC]RequestManager: [warnPossibleProblem:1016] [Debug] NotifyShutterCompleted: False
02-11 14:31:25.922   818  4955 W WNC]RequestManager: [warnPossibleProblem:1018] [Debug] FaceDetectMetaReady: True useDeferedFaceDetectMeta:0
02-11 14:31:25.922   818  4955 W WNC]RequestManager: [warnPossibleProblem:1020] [Debug] NextRequestCompleted: True
02-11 14:31:25.922   818  4955 W WNC]RequestManager: [warnPossibleProblem:1022] [Debug] AllPhysMetaResultCallbackReady: True
02-11 14:31:25.922   818  4955 W WNC]RequestManager: [warnPossibleProblem:1023] [Debug] AllResultState: 0
02-11 14:31:25.922   818  4955 W WNC]RequestManager: [warnPossibleProblem:1024] [Debug] -------------------------------------------------------
02-11 14:31:25.923   951  4976 W AidlCamera3-Device: processBatchCaptureRequests: processCaptureRequest return time exceeds 100000us (505423)us
02-11 14:31:25.923   818  5111 I ENN_FRAMEWORK: 2.1.19: * ExecuteModel: 0x332B1000000
02-11 14:31:25.925   818  5065 I WNC]VendorCameraScenario: [startReprocessStreamFromFirstFrame:1376] [CAMSYSKPI][Cam0][(N) camIndex:0 frN:0 HwfrN:11 Id:0 T:2631184573] [First Frame] 3AA Done
02-11 14:31:25.925   818  5065 I WNC]VendorCameraScenario: [onCaptureFrame:6258] [Cam0][(N) camIndex:0 frN:0 HwfrN:11 Id:0 T:2631184573] start multiViewMode:0, frameType:1
02-11 14:31:25.925   818  5065 I WNC]RemosaicCropHandler: [processRemosaicCropState:303] [Cam0][(N) camIndex:0 frN:0 HwfrN:11 Id:0 T:2631184573] vendor_sensorAvailableState(1) vendor_sensorState(0)
02-11 14:31:25.925   818  5065 I WNC]Scenario: [sendMetadataResult:541] [Cam0][(N) camIndex:0 frN:0 HwfrN:11 Id:0 T:2631184573] type = 0
02-11 14:31:25.925   818  5065 I WNC]ScenarioCore: [sendResult:343] [Cam0][(N) camIndex:0 frN:0 HwfrN:11 Id:0 T:2631184573] sendResult resultType = NOTIFY_ONLY(0), buf:None(bufIdx:-1, streamIdx:-1)
02-11 14:31:25.926   818  4955 I WNC]Camera: [onShotReceived:423] [Cam0][frN:0 in:0 out:(0/2) zoomRatio(1.000000) HQ(0) RS(0) T:0] [NOTIFY_ONLY] camIndex:0, isMainCam:1, logicalCamIndex:-1, bufIdx:-1, metaEmpty:0, phyMapSize:0, result:[frN:0,shutter(unDone),partialCnt(0),phyMapSize(0),FD(0),allResult(unDone):[(CALLBACK,stmidx:1,state:unDone),(PREVIEW,stmidx:0,state:unDone),]]
02-11 14:31:25.926   818  4955 W WNC]RequestManager: [warnPossibleProblem:1006] [Debug] -------------------------------------------------------
02-11 14:31:25.926   818  4955 W WNC]RequestManager: [warnPossibleProblem:1008] [Debug] CaptureRequest is stuck! Please check [frN:0,in(0),outs(2):[(CALLBACK,stmidx:1,size:640x480),(PREVIEW,stmidx:0,size:1440x1080),]]
02-11 14:31:25.926   818  4955 W WNC]RequestManager: [warnPossibleProblem:1012] [Debug] frN:0 | buffer 0/2 | partialComplete 0/2
02-11 14:31:25.926   818  4955 W WNC]RequestManager: [warnPossibleProblem:1014] [Debug] BufferCallbackCompleted: False
02-11 14:31:25.926   818  4955 W WNC]RequestManager: [warnPossibleProblem:1016] [Debug] NotifyShutterCompleted: True
02-11 14:31:25.926   818  4955 W WNC]RequestManager: [warnPossibleProblem:1018] [Debug] FaceDetectMetaReady: True useDeferedFaceDetectMeta:0
02-11 14:31:25.926   818  4955 W WNC]RequestManager: [warnPossibleProblem:1020] [Debug] NextRequestCompleted: True
02-11 14:31:25.926   818  4955 W WNC]RequestManager: [warnPossibleProblem:1022] [Debug] AllPhysMetaResultCallbackReady: True
02-11 14:31:25.926   818  4955 W WNC]RequestManager: [warnPossibleProblem:1023] [Debug] AllResultState: 0
02-11 14:31:25.926   818  4955 W WNC]RequestManager: [warnPossibleProblem:1024] [Debug] -------------------------------------------------------
02-11 14:31:25.926   818  4959 I WNC]RequestManager: [resultCallback:1335] [Cam0][frN:0 in:0 out:(0/2) zoomRatio(1.000000) HQ(0) RS(0) T:2631184573] Type:NOTIFY_ONLY StreamId:-1 bufIdx:-1 [frN:0,shutter(done),partialCnt(0),phyMapSize(0),FD(0),allResult(unDone):[(CALLBACK,stmidx:1,state:unDone),(PREVIEW,stmidx:0,state:unDone),]]
02-11 14:31:25.927   818  5065 I WNC]Scenario: [sendMetadataResult:541] [Cam0][(N) camIndex:0 frN:0 HwfrN:11 Id:0 T:2631184573] type = 2
02-11 14:31:25.927   818  5065 I WNC]ScenarioCore: [sendResult:343] [Cam0][(N) camIndex:0 frN:0 HwfrN:11 Id:0 T:2631184573] sendResult resultType = PARTIAL_3AA(2), buf:None(bufIdx:-1, streamIdx:-1)
02-11 14:31:25.927   818  5065 I WNC]ProcessController: [requestCapture:191] [Cam0][(N) camIndex:0 frN:0 HwfrN:11 Id:0 T:2631184573] sourceFrameFrN:0
02-11 14:31:25.928   818  4955 I WNC]Camera: [onShotReceived:423] [Cam0][frN:0 in:0 out:(0/2) zoomRatio(1.000000) HQ(0) RS(0) T:2631184573] [PARTIAL_3AA] camIndex:0, isMainCam:1, logicalCamIndex:-1, bufIdx:-1, metaEmpty:0, phyMapSize:0, result:[frN:0,shutter(done),partialCnt(0),phyMapSize(0),FD(0),allResult(unDone):[(CALLBACK,stmidx:1,state:unDone),(PREVIEW,stmidx:0,state:unDone),]]
02-11 14:31:25.928   818  4955 W WNC]RequestManager: [warnPossibleProblem:1006] [Debug] -------------------------------------------------------
02-11 14:31:25.928   818  4955 W WNC]RequestManager: [warnPossibleProblem:1008] [Debug] CaptureRequest is stuck! Please check [frN:0,in(0),outs(2):[(CALLBACK,stmidx:1,size:640x480),(PREVIEW,stmidx:0,size:1440x1080),]]
02-11 14:31:25.928   818  4955 W WNC]RequestManager: [warnPossibleProblem:1012] [Debug] frN:0 | buffer 0/2 | partialComplete 1/2
02-11 14:31:25.928   818  4955 W WNC]RequestManager: [warnPossibleProblem:1014] [Debug] BufferCallbackCompleted: False
02-11 14:31:25.928   818  4955 W WNC]RequestManager: [warnPossibleProblem:1016] [Debug] NotifyShutterCompleted: True
02-11 14:31:25.928   818  4955 W WNC]RequestManager: [warnPossibleProblem:1018] [Debug] FaceDetectMetaReady: True useDeferedFaceDetectMeta:0
02-11 14:31:25.928   818  4955 W WNC]RequestManager: [warnPossibleProblem:1020] [Debug] NextRequestCompleted: True
02-11 14:31:25.928   818  4955 W WNC]RequestManager: [warnPossibleProblem:1022] [Debug] AllPhysMetaResultCallbackReady: True
02-11 14:31:25.928   818  4955 W WNC]RequestManager: [warnPossibleProblem:1023] [Debug] AllResultState: 0
02-11 14:31:25.928   818  4955 W WNC]RequestManager: [warnPossibleProblem:1024] [Debug] -------------------------------------------------------
02-11 14:31:25.928   818  4959 I WNC]RequestManager: [resultCallback:1335] [Cam0][frN:0 in:0 out:(0/2) zoomRatio(1.000000) HQ(0) RS(0) T:2631184573] Type:PARTIAL_3AA StreamId:-1 bufIdx:-1 [frN:0,shutter(done),partialCnt(1),phyMapSize(0),FD(0),allResult(unDone):[(CALLBACK,stmidx:1,state:unDone),(PREVIEW,stmidx:0,state:unDone),]]
02-11 14:31:25.928   818  5065 I WNC]ProcessController: [requestCapture:244] [Cam0][(N) camIndex:0 frN:0 HwfrN:11 Id:0 T:2631184573] sourceFrame frN:0 node, FrameImage::Type, image: {BYRPS_IN_LEADER, Preview, SensorBayer.700486/0/84,m86,}
02-11 14:31:25.928   818  5065 I WNC]ProcessController: [requestCapture:244] [Cam0][(N) camIndex:0 frN:0 HwfrN:11 Id:0 T:2631184573] sourceFrame frN:0 node, FrameImage::Type, image: {IDR_IN, Drc, SensorDrc.789063/0/330,m311,}
02-11 14:31:25.929   818  4959 I Unihal  : HalCaptureMediator.cpp: ProcessCaptureResult: 1318: [UNIKPI][0] VndHAL->process_capture_result: E
02-11 14:31:25.932   818  4959 I Unihal  : HalCaptureMediator.cpp: ProcessCaptureResult: 1318: [UNIKPI][0] VndHAL->process_capture_result: X
02-11 14:31:25.933   818  5065 I WNC]ProcessController: [requestCapture:307] [Cam0][(N) camIndex:0 frN:0 HwfrN:11 Id:0 T:2631184573] node, FrameImage::Type, image: {MXP0_OUT, Isp1, ServicePREVIEW2.005524/0/1057,1059,m196,} T3000, S:3001 nodeId(10501) mcscPort(0) alloc
02-11 14:31:25.933   818  5065 I WNC]ProcessController: [requestCapture:307] [Cam0][(N) camIndex:0 frN:0 HwfrN:11 Id:0 T:2631184573] node, FrameImage::Type, image: {MXP1_OUT, Isp0, ServiceCALLBACK5.166217/0/1051,m122,} T3001, S:3001 nodeId(10502) mcscPort(1) alloc
02-11 14:31:25.934   818  5159 I IRTA    : [DICO:-I] updateCtl[57]: [S0][F11][HW5][Edge] last mode = 0, mode: 2
02-11 14:31:25.934   527   527 I lmkd    : cached 3, sandbox(not0) 0
02-11 14:31:25.934   818  5159 I IRTA    : [DICO:-I] updateCtl[64]: [S0][F11][HW5][Edge] last strength = 0, strength = 5
02-11 14:31:25.934   818  5159 I IRTA    : [DICO:-I] updateCtl[56]: [S0][F11][HW5][SetNoiseReduction] last strength = 0, strength = 5
02-11 14:31:25.934   527   527 D lmkd    : No processes to kill with adj score >= 850
02-11 14:31:25.934   818  5159 I IRTA    : [DICO:-I] m_configureInputYuvp[1738]: [S0][F11][YUVP0] inputImage(2880 x 2160)
02-11 14:31:25.934   818  5159 I IRTA    : [DICO:-I] m_configureInputYuvp[1752]: [S0][F11][YUVP0] tnrProcessingMode: INVALID(-1) -> PREVIEW_POST_ON_0_MOTION(1)
02-11 14:31:25.934   818  5159 I IRTA    : [SDK:-I] SetIsrScheduleType[1480]: [S0][YUVP0] SetIsrScheduleType(3)
02-11 14:31:25.935   818  5159 I IRTA    : [SDK:-I] UpdateBlockConfig[412]: [S0][F000011] DRC prev GridStepMult 0 0   GridSize 0 0   GridStepBits 0 0
02-11 14:31:25.935   818  5159 I IRTA    : [SDK:-I] UpdateBlockConfig[416]: [S0][F000011] DRC curr GridStepMult 23211 23180   GridSize 256 192   GridStepBits 4 4
02-11 14:31:25.935   818  5159 I IRTA    : [S0][F11][YUVP0] TransitIsrState ABNORMAL  --(V SYNC   )--> V SYNC
02-11 14:31:25.935   818  5159 I IRTA    : [S0][F11][YUVP0] TransitIsrState V SYNC    --(FRAME END)--> FRAME END
02-11 14:31:25.935   818  5159 I IRTA    : [DICO:-I] updateCtl[57]: [S0][F11][HW3][Edge] last mode = 0, mode: 2
02-11 14:31:25.935   818  5159 I IRTA    : [DICO:-I] updateCtl[64]: [S0][F11][HW3][Edge] last strength = 0, strength = 5
02-11 14:31:25.935   818  5159 I IRTA    : [DICO:-I] updateCtl[56]: [S0][F11][HW3][SetNoiseReduction] last strength = 0, strength = 5
02-11 14:31:25.935   818  5159 I IRTA    : [DICO:-I] m_configureInputMcfp[1598]: [S0][F11][MCFP0] inputImage(2880 x 2160)
02-11 14:31:25.935   818  5159 I IRTA    : [DICO:-I] m_configureInputMcfp[1612]: [S0][F11][MCFP0] tnrProcessingMode: INVALID(-1) -> PREVIEW_POST_ON_0_MOTION(1)
02-11 14:31:25.935   818  5159 I IRTA    : [SDK:-I] SetIsrScheduleType[1480]: [S0][MCFP0] SetIsrScheduleType(3)
02-11 14:31:25.935   818  5159 I IRTA    : [SDK:-I] PrepareMcfpConfig[455]: [S0] MCFP mode init. by mode change: MCFP_MODE_PREPARE
02-11 14:31:25.935   818  5159 I IRTA    : [S0][F11][MCFP0] TransitIsrState ABNORMAL  --(V SYNC   )--> V SYNC
02-11 14:31:25.935   818  5159 I IRTA    : [S0][F11][MCFP0] TransitIsrState V SYNC    --(FRAME END)--> FRAME END
02-11 14:31:25.936   818  5159 I IRTA    : [DICO:-I] updateCtl[57]: [S0][F11][HW2][Edge] last mode = 0, mode: 2
02-11 14:31:25.936   818  5159 I IRTA    : [DICO:-I] updateCtl[64]: [S0][F11][HW2][Edge] last strength = 0, strength = 5
02-11 14:31:25.936   818  5159 I IRTA    : [DICO:-I] updateCtl[56]: [S0][F11][HW2][SetNoiseReduction] last strength = 0, strength = 5
02-11 14:31:25.936   818  5159 I IRTA    : [DICO:-I] m_configureInputRgbp[1522]: [S0][F11][RGBP0] inputImage(4080 x 3060), cropIn(0, 0 / 2880 x 2160), yuvSc(2880 x 2160)
02-11 14:31:25.936   818  5159 I IRTA    : [DICO:-I] m_configureInputRgbp[1542]: [S0][F11][RGBP0] tnrProcessingMode: INVALID(-1) -> PREVIEW_POST_ON_0_MOTION(1)
02-11 14:31:25.936   818  5159 I IRTA    : [SDK:-I] SetIsrScheduleType[1480]: [S0][RGBP0] SetIsrScheduleType(3)
02-11 14:31:25.936   818  5111 I VPL_Library: CalcFrameResolutionData Creating new resolution data for w:320 h:240
02-11 14:31:25.936   818  5159 I IRTA    : [S0][F11][RGBP0] TransitIsrState ABNORMAL  --(V SYNC   )--> V SYNC
02-11 14:31:25.936   818  5159 I IRTA    : [S0][F11][RGBP0] TransitIsrState V SYNC    --(FRAME END)--> FRAME END
02-11 14:31:25.936   818  5111 I VPL_Library: Calculating anchors h:240 w:320 size:51392. (minLevel:3, maxLevel:7, aspectRatios:4, numSubscales:2)
02-11 14:31:25.936   818  5159 I IRTA    : [DICO:-I] updateCtl[57]: [S0][F11][HW1][Edge] last mode = 0, mode: 2
02-11 14:31:25.936   818  5159 I IRTA    : [DICO:-I] updateCtl[64]: [S0][F11][HW1][Edge] last strength = 0, strength = 5
02-11 14:31:25.936   818  5159 I IRTA    : [DICO:-I] updateCtl[56]: [S0][F11][HW1][SetNoiseReduction] last strength = 0, strength = 5
02-11 14:31:25.936   818  5159 I IRTA    : [DICO:-I] m_configureInputByrp[1436]: [S0][F11][BYRP0] inputImage(4080 x 3060), cropIn(0, 0 / 4080 x 3060), cropDzoom(0, 0 / 4080 x 3060)
02-11 14:31:25.936   818  5159 I IRTA    : [DICO:-I] m_configureInputByrp[1456]: [S0][F11][BYRP0] tnrProcessingMode: INVALID(-1) -> PREVIEW_POST_ON_0_MOTION(1)
02-11 14:31:25.936   818  5159 I IRTA    : [SDK:-I] SetIsrScheduleType[1480]: [S0][BYRP0] SetIsrScheduleType(3)
02-11 14:31:25.936   818  5159 I IRTA    : [S0][F11][BYRP0] TransitIsrState ABNORMAL  --(V SYNC   )--> V SYNC
02-11 14:31:25.936   818  5159 I IRTA    : [S0][F11][BYRP0] TransitIsrState V SYNC    --(FRAME END)--> FRAME END
02-11 14:31:25.938   818  5159 I SEN_IF  : asensor id : 4, sampling : 10000, latency : 0, buffer size : 2000
02-11 14:31:25.938   818  5065 I WNC]VendorCameraScenario: [onFaceDetectComplete:7718] [Cam0][(N) camIndex:0 frN:0 HwfrN:11 Id:0 T:2631184573] start
02-11 14:31:25.938   818  5065 I IRTA    : [DICO:-I] SetVplResult[2422]: [IRTA][S0][F11][VPL] cstatInputSize: 4080 x 3060, cstatCropIn: (0, 0) 4080 x 3060, cstatCropDzoom: (0, 0) 4080 x 3060, cstatBnsSize: 2040 x 1530
02-11 14:31:25.938   818  5065 I IRTA    : [DICO:-I] SetVplResult[2430]: [IRTA][S0][F11][VPL] cstatCropBns: (0, 0) 2040 x 1530, cstatFdpigCrop: (0, 0) 2040 x 1530, vplSize: 640 x 480
02-11 14:31:25.938   818  5065 I WNC]VendorCameraScenario: [onFaceDetectComplete:7791] [Cam0][(N) camIndex:0 frN:0 HwfrN:11 Id:0 T:2631184573] FaceDetectMode: 0 VDIS:0 EIS:0 Zooming(0), ResultFlag(FD_ONLY: -1),hasPhysicalCameraIds(0) UsePhysicalFaceMeta(0)
02-11 14:31:25.943  1605  2284 D SatelliteController: isInCarrierRoamingNbIotNtn: satellite is disabled
02-11 14:31:25.943   803   803 I SensorsHub: queueBatch: handle=4 period=10000000 timeout=0
02-11 14:31:25.945   527   527 I lmkd    : cached 3, sandbox(not0) 0
02-11 14:31:25.945   527   527 D lmkd    : No processes to kill with adj score >= 850
02-11 14:31:25.950   803   803 I SensorsHub: flush: handle=4
02-11 14:31:25.951  1199  1480 E SensorService: BigData:Pakage) 4 already enabled. 
02-11 14:31:25.952   818  5159 I IRTA    : [DICO:-I] SetGyroSamplingPeriod[1524]: Done (valid: 1, samplingPeriodMs: 10, g_gyroLibRefCnt: 1)
02-11 14:31:25.952   803   904 E SensorsHub: GyroSensor : Meta event
02-11 14:31:25.954   818  5158 I WNC]ISP : [printPerFrameInfo:555] [Cam0][senIdx:0 frN:0 Id:0] [W_9_Preview] leader: vid(W_9_Preview_BYRP/120/SensorBayer.700486/0/84,m86,) req(0->1) oldCrop[0 0 0, 0 / 0, 0, 0, 0] -> newCrop[0 0 4080, 3060 / 0, 0, 2880, 2160] flag(0x0 -> 0x42) size(0 0 -> 0 0) BPL(0 -> 0) mode(0 -> 1) fmt( -> pBAA)pixelSize(0 -> 2) quantization(0 -> 1)
02-11 14:31:25.955   818  5158 I WNC]ISP : [printPerFrameInfo:602] [Cam0][senIdx:0 frN:0 Id:0] [W_9_Preview] capture[1]: vid(DRC_GRID/571/SensorDrc.789063/0/330,m311,) req(0->1) oldCrop[0 0 0, 0 / 0, 0, 0, 0] -> newCrop[0 0 1024, 256 / 0, 0, 1024, 256] flag(0x0 -> 0x0) size(0 0 -> 0 0) BPL(0 -> 0) mode(0 -> 1) fmt( -> GREY) pixelSize(0 -> 0) quantization(0 -> 1)
02-11 14:31:25.955   818  5158 I WNC]ISP : [printPerFrameInfo:602] [Cam0][senIdx:0 frN:0 Id:0] [W_9_Preview] capture[2]: vid(BYRP_CR/542/SensorProcessor::ByrpCr.381755/0/312,314,m315,) req(0->1) oldCrop[0 0 0, 0 / 0, 0, 0, 0] -> newCrop[0 0 7000, 1 / 0, 0, 7000, 1] flag(0x0 -> 0x0) size(0 0 -> 0 0) BPL(0 -> 0) mode(0 -> 1) fmt( -> ) pixelSize(0 -> 0) quantization(0 -> 1)
02-11 14:31:25.955   818  5158 I WNC]ISP : [printPerFrameInfo:602] [Cam0][senIdx:0 frN:0 Id:0] [W_9_Preview] capture[3]: vid(RGBP_CR/554/SensorProcessor::RgbpCr.131601/0/346,347,m348,) req(0->1) oldCrop[0 0 0, 0 / 0, 0, 0, 0] -> newCrop[0 0 7000, 1 / 0, 0, 7000, 1] flag(0x0 -> 0x0) size(0 0 -> 0 0) BPL(0 -> 0) mode(0 -> 1) fmt( -> ) pixelSize(0 -> 0) quantization(0 -> 1)
02-11 14:31:25.955   818  5158 I WNC]ISP : [printPerFrameInfo:602] [Cam0][senIdx:0 frN:0 Id:0] [W_9_Preview] capture[4]: vid(MCFP_CR/568/SensorProcessor::McfpCr.731486/0/375,377,m379,) req(0->1) oldCrop[0 0 0, 0 / 0, 0, 0, 0] -> newCrop[0 0 7000, 1 / 0, 0, 7000, 1] flag(0x0 -> 0x0) size(0 0 -> 0 0) BPL(0 -> 0) mode(0 -> 1) fmt( -> ) pixelSize(0 -> 0) quantization(0 -> 1)
02-11 14:31:25.955   818  5158 I WNC]ISP : [printPerFrameInfo:602] [Cam0][senIdx:0 frN:0 Id:0] [W_9_Preview] capture[5]: vid(YUVP_CR/574/SensorProcessor::YuvpCr.911217/0/429,434,m436,) req(0->1) oldCrop[0 0 0, 0 / 0, 0, 0, 0] -> newCrop[0 0 7000, 1 / 0, 0, 7000, 1] flag(0x0 -> 0x0) size(0 0 -> 0 0) BPL(0 -> 0) mode(0 -> 1) fmt( -> ) pixelSize(0 -> 0) quantization(0 -> 1)
02-11 14:31:25.955   818  5158 I WNC]ISP : [printPerFrameInfo:602] [Cam0][senIdx:0 frN:0 Id:0] [W_9_Preview] capture[6]: vid(MCSC0/580/ServicePREVIEW2.005524/0/1057,1059,m196,) req(0->3) oldCrop[0 0 0, 0 / 0, 0, 0, 0] -> newCrop[0 0 2880, 2160 / 0, 0, 1440, 1080] flag(0x0 -> 0x0) size(0 0 -> 1440 1080) BPL(0 -> 1440) mode(0 -> 1) fmt( -> NM21) pixelSize(0 -> 0) quantization(0 -> 1)
02-11 14:31:25.955   818  5158 I WNC]ISP : [printPerFrameInfo:602] [Cam0][senIdx:0 frN:0 Id:0] [W_9_Preview] capture[7]: vid(MCSC1/581/ServiceCALLBACK5.166217/0/1051,m122,) req(0->3) oldCrop[0 0 0, 0 / 0, 0, 0, 0] -> newCrop[0 0 2880, 2160 / 0, 0, 640, 480] flag(0x0 -> 0x0) size(0 0 -> 640 480) BPL(0 -> 640) mode(0 -> 1) fmt( -> NV21) pixelSize(0 -> 0) quantization(0 -> 1)
02-11 14:31:25.955   818  5158 I WNC]ISP : [printPerFrameInfo:602] [Cam0][senIdx:0 frN:0 Id:0] [W_9_Preview] capture[12]: vid(MCFP_YUV/567/) req(0->1) oldCrop[0 0 0, 0 / 0, 0, 0, 0] -> newCrop[0 0 2880, 2160 / 0, 0, 2880, 2160] flag(0x0 -> 0xc2) size(0 0 -> 0 0) BPL(0 -> 0) mode(0 -> 0) fmt( -> PM16) pixelSize(0 -> 2) quantization(0 -> 1)
02-11 14:31:25.958   818  5164 I IRTA    : [DICO:-I] updateCtl[57]: [S0][F12][HW6][Edge] last mode = 0, mode: 2
02-11 14:31:25.958   818  5164 I IRTA    : [DICO:-I] updateCtl[64]: [S0][F12][HW6][Edge] last strength = 0, strength = 5
02-11 14:31:25.958   818  5164 I IRTA    : [DICO:-I] updateCtl[56]: [S0][F12][HW6][SetNoiseReduction] last strength = 0, strength = 5
02-11 14:31:25.958   818  5164 I IRTA    : [DICO:-I] m_configureInputLme[1813]: [S0][F12][LME0] inputImage(672 x 496)
02-11 14:31:25.958   818  5164 I IRTA    : [DICO:-I] m_configureInputLme[1827]: [S0][F12][LME0] tnrProcessingMode: INVALID(-1) -> PREVIEW_POST_ON(0)
02-11 14:31:25.958   818  5164 I IRTA    : [SDK:-I] SetIsrScheduleType[1480]: [S0][LME0] SetIsrScheduleType(3)
02-11 14:31:25.958   818  5164 I IRTA    : [S0][F12][LME0] TransitIsrState ABNORMAL  --(V SYNC   )--> V SYNC
02-11 14:31:25.958   818  5164 I IRTA    : [S0][F12][LME0] TransitIsrState V SYNC    --(FRAME END)--> FRAME END
02-11 14:31:25.958   818  5164 E IRTA    : [DICO:-E] GetGyroData[1545]: return value(0) of g_gyroLibHandle->Read() is wrong
02-11 14:31:25.958  1199  2429 D ConnectivityService: Returning BLOCKED NetworkInfo to uid=10363
02-11 14:31:25.958   818  5164 E IRTA    : [ME_RTA:-E] EstimateRotationAngleFromAngVelHistory[147]: Gyro history size(0) is too small
02-11 14:31:25.958   818  5164 E IRTA    : [ME_RTA:-E] CalculateGyroMagFromGyroHistory[432]: Gyro history size(0) is too small
02-11 14:31:25.958   527   527 I lmkd    : cached 3, sandbox(not0) 0
02-11 14:31:25.958   527   527 D lmkd    : No processes to kill with adj score >= 850
02-11 14:31:25.959   818  5153 E WNC]LmeMcscPreviewHWProcessor: [handleLmePrevImage:203] [W_104_Preview] lmePrevQueue is empty.
02-11 14:31:25.960   818  5163 I WNC]ISP : [printPerFrameInfo:555] [Cam0][senIdx:0 frN:1 Id:1] [W_2_Preview] leader: vid(W_2_Preview_LME/170/LmeDs.318755/0/57,m58,) req(0->1) oldCrop[0 0 0, 0 / 0, 0, 0, 0] -> newCrop[0 0 1040, 774 / 0, 0, 1040, 774] flag(0x0 -> 0x0) size(0 0 -> 0 0) BPL(0 -> 0) mode(0 -> 1) fmt( -> GREY)pixelSize(0 -> 0) quantization(0 -> 1)
02-11 14:31:25.960   818  5163 I WNC]ISP : [printPerFrameInfo:602] [Cam0][senIdx:0 frN:1 Id:1] [W_2_Preview] capture[0]: vid(LME_COSTDST/595/SensorProcessor::LmeCostDst.533640/0/293,m294,) req(0->1) oldCrop[0 0 0, 0 / 0, 0, 0, 0] -> newCrop[0 0 378, 189 / 0, 0, 378, 189] flag(0x0 -> 0x0) size(0 0 -> 0 0) BPL(0 -> 0) mode(0 -> 1) fmt( -> GREY) pixelSize(0 -> 0) quantization(0 -> 1)
02-11 14:31:25.960   818  5163 I WNC]ISP : [printPerFrameInfo:602] [Cam0][senIdx:0 frN:1 Id:1] [W_2_Preview] capture[1]: vid(LME_DST/591/SensorProcessor::LmeDst.812909/0/279,m280,) req(0->1) oldCrop[0 0 0, 0 / 0, 0, 0, 0] -> newCrop[0 0 504, 189 / 0, 0, 504, 189] flag(0x0 -> 0x0) size(0 0 -> 0 0) BPL(0 -> 0) mode(0 -> 1) fmt( -> GREY) pixelSize(0 -> 0) quantization(0 -> 1)
02-11 14:31:25.960   818  5163 I WNC]ISP : [printPerFrameInfo:602] [Cam0][senIdx:0 frN:1 Id:1] [W_2_Preview] capture[2]: vid(LME_CR/596/SensorLmeControlReg.423563/0/39,40,m41,) req(0->1) oldCrop[0 0 0, 0 / 0, 0, 0, 0] -> newCrop[0 0 7000, 1 / 0, 0, 7000, 1] flag(0x0 -> 0x0) size(0 0 -> 0 0) BPL(0 -> 0) mode(0 -> 1) fmt( -> ) pixelSize(0 -> 0) quantization(0 -> 1)
02-11 14:31:25.965   818  5159 I IRTA    : [ME_RTA:-I] SetMeRtaConfigParam[273]: Scenario index is changed(-1 -> 71)
02-11 14:31:25.965   818  5159 I IRTA    : [ME_RTA:-I] SetMeRtaConfigParam[318]: (MERTA) mcfp w: 2880, h: 2160, meDsInput w: 2040, h: 1530
02-11 14:31:25.965   818  5159 I IRTA    : [ME_RTA:-I] SetMeRtaConfigParam[321]: (MERTA) lv0 w: 1020, h: 765, lv1 w: 672, h: 496
02-11 14:31:25.969   818  5159 I IRTA    : [DICO:-I] m_configureInputYuvp[1752]: [S0][F12][YUVP0] tnrProcessingMode: PREVIEW_POST_ON_0_MOTION(1) -> PREVIEW_POST_ON(0)
02-11 14:31:25.970   818  5159 I IRTA    : [DICO:-I] m_configureInputMcfp[1612]: [S0][F12][MCFP0] tnrProcessingMode: PREVIEW_POST_ON_0_MOTION(1) -> PREVIEW_POST_ON(0)
02-11 14:31:25.970   527   527 I lmkd    : cached 3, sandbox(not0) 0
02-11 14:31:25.970   527   527 D lmkd    : No processes to kill with adj score >= 850
02-11 14:31:25.970   818  5159 I IRTA    : [DICO:-I] m_configureInputRgbp[1542]: [S0][F12][RGBP0] tnrProcessingMode: PREVIEW_POST_ON_0_MOTION(1) -> PREVIEW_POST_ON(0)
02-11 14:31:25.970   818  5159 I IRTA    : [DICO:-I] m_configureInputByrp[1456]: [S0][F12][BYRP0] tnrProcessingMode: PREVIEW_POST_ON_0_MOTION(1) -> PREVIEW_POST_ON(0)
02-11 14:31:25.971   818  5158 I WNC]ISP : [printPerFrameInfo:602] [Cam0][senIdx:0 frN:1 Id:1] [W_9_Preview] capture[0]: vid(ISP_LME/564/SensorProcessor::LmeSwDst.261755/0/334,m335,) req(0->1) oldCrop[0 0 0, 0 / 0, 0, 0, 0] -> newCrop[0 0 512, 192 / 0, 0, 512, 192] flag(0x0 -> 0x0) size(0 0 -> 0 0) BPL(0 -> 0) mode(0 -> 1) fmt( -> GREY) pixelSize(0 -> 0) quantization(0 -> 1)
02-11 14:31:25.983   527   527 I lmkd    : cached 3, sandbox(not0) 0
02-11 14:31:25.983   527   527 D lmkd    : No processes to kill with adj score >= 850
02-11 14:31:25.994   527   527 I lmkd    : cached 3, sandbox(not0) 0
02-11 14:31:25.994   818  5065 I WNC]ProcessController: [onProcessComplete:617] [Cam0][(N) camIndex:0 frN:0 HwfrN:11 Id:0 T:2631184573] start (camIndex:0 ret:1 requestFrame:0xb4000072152964a0 batch:0x0 batchSize:1)
02-11 14:31:25.994   527   527 D lmkd    : No processes to kill with adj score >= 850
02-11 14:31:25.994   818  5065 I WNC]MetadataConverter: [convertDeviceToMetadata:222] [Cam0][(N) camIndex:0 frN:0 HwfrN:11 Id:0 T:2631184573] [func:onProcessComplete, line:632] metaType:0, camIndex:0, isError:0
