02-11 14:31:25.641   818  5145 I WNC]Thread: [entry:82] Starting Thread [SensorStreamMon] on ptid: 4b1b7c40 tid:5145 1, priority:-8
02-11 14:31:25.642   818  4967 I WNC]RtaHWProcessor: [createImpl:113] processorType 0 processType 4 isReprocess 1, W_4_Reprocess
02-11 14:31:25.642   818  4967 I WNC]ImageRta: [preLoad:236] begin (count: 3)
02-11 14:31:25.642   818  4967 I WNC]RtaHWProcessor: [createImpl:113] processorType 0 processType 7 isReprocess 1, W_7_Reprocess
02-11 14:31:25.642   818  4967 I WNC]ImageRta: [preLoad:236] begin (count: 4)
02-11 14:31:25.642   818  4967 I WNC]RtaHWProcessor: [createImpl:113] processorType 0 processType 8 isReprocess 1, W_8_Reprocess
02-11 14:31:25.642   818  4967 I WNC]ImageRta: [preLoad:236] begin (count: 5)
02-11 14:31:25.642   818  4967 I WNC]ISPHWProcessor: [createImpl:100] processorType 0 processType 10 isReprocess 1, W_10_Reprocess
02-11 14:31:25.643   818  5147 I WNC]Thread: [entry:82] Starting Thread [SensorStreamMon] on ptid: 2b6bdc40 tid:5147 3, priority:-8
02-11 14:31:25.645   818  4967 I WNC]ISPHWProcessor: [createImpl:100] processorType 0 processType 11 isReprocess 1, W_11_Reprocess
02-11 14:31:25.645  3188 15187 W BTAudioClientSehAIDL: system/audio_hal_interface/seh_aidl/a2dp/client_interface_aidl.cc:418 ReadAudioData: 4096/4096 no data 10 ms
02-11 14:31:25.646  3188 15187 W bluetooth-a2dp: system/btif/src/btif_a2dp_source.cc:1336 btif_a2dp_source_read_callback: UNDERFLOW: ONLY READ 0 BYTES OUT OF 4096
02-11 14:31:25.646  3188 15187 E bluetooth: system/common/repeating_timer.cc:149 RunTask: Periodic task execution took 21536 microseconds, longer than interval 10000 microseconds
02-11 14:31:25.646  3188  3249 I BTAudioA2dpSehAIDL: system/audio_hal_interface/seh_aidl/a2dp/a2dp_encoding_aidl.cc:772 ack_stream_suspended: result=0
02-11 14:31:25.646   791   800 I BTAudioProviderStub: sehStreamSuspended - SessionType=A2DP_SOFTWARE_ENCODING_DATAPATH, status=SUCCESS
02-11 14:31:25.646   791   800 I BTAudioSessionAidl: ReportControlStatus - status=SUCCESS for SehSessionType=A2DP_SOFTWARE_ENCODING_DATAPATH, bluetooth_audio=0x0100 suspended
02-11 14:31:25.646   791   800 I BTAudioHalDeviceProxyAIDL: control_result_cb: session_type=A2DP_SOFTWARE_ENCODING_DATAPATH, cookie=0x100, previous_state=SUSPENDING, status=SUCCESS
02-11 14:31:25.646  3188  3249 I bluetooth-a2dp: system/stack/a2dp/a2dp_aac_encoder.cc:514 a2dp_aac_feeding_reset: PCM bytes 1764 per tick 10 ms
02-11 14:31:25.647  3188  3249 I avrcp   : system/profile/avrcp/device.cc:2551 SendMediaUpdate: Metadata=false : play_status= true : queue=false : is_silence=false
02-11 14:31:25.647  3188  3249 I avrcp   : system/profile/avrcp/device.cc:2779 HandlePlayPosUpdate: 
02-11 14:31:25.647  3188  3249 I avrcp   : system/profile/avrcp/device.cc:2598 HandlePlayStatusUpdate: 
02-11 14:31:25.647   527   527 I lmkd    : cached 3, sandbox(not0) 0
02-11 14:31:25.647   791   899 I BTAudioHalDeviceProxyAIDL: Suspend: session_type=A2DP_SOFTWARE_ENCODING_DATAPATH, cookie=0x100, state=STANDBY done
02-11 14:31:25.647   527   527 D lmkd    : No processes to kill with adj score >= 850
02-11 14:31:25.649  3188  3249 W avrcp   : system/profile/avrcp/device.cc:1365 PlaybackPosNotificationResponse: Device not registered for update
02-11 14:31:25.651  4939  4939 I Choreographer: Skipped 31 frames!  The application may be doing too much work on its main thread.
02-11 14:31:25.652  3188  3249 I avrcp   : system/profile/avrcp/device.cc:1269 PlaybackStatusNotificationResponse:  0
02-11 14:31:25.652  3188  3249 E BTAudioA2dpSehAIDL: system/audio_hal_interface/seh_aidl/a2dp/a2dp_encoding_aidl.cc:884 is_stream_started_by_hal: false
02-11 14:31:25.653  4939  4939 W VSET/ObserveCameraStateService: onCreate
02-11 14:31:25.653  4939  4939 I VSET/ObserveCameraStateService: initAppRepository 
02-11 14:31:25.653  4939  4939 I VSET/ScpmHelper: registerScpm: 
02-11 14:31:25.653  3188  3249 I avrcp   : system/profile/avrcp/device.cc:1319 PlaybackStatusNotificationResponse: Update PlaybackStatus 1 -> 0
02-11 14:31:25.653  3188  3249 I avrcp   : system/profile/avrcp/connection_handler.cc:837 SendMessage: SendMessage to handle=0x1
02-11 14:31:25.654  5070  5088 I [SCPMV2][RegistrationVerifier]: verify
02-11 14:31:25.654  5070  5088 I [SCPMV2][RegistrationVerifier]: callers : [com.samsung.android.dqagent, com.sec.android.app.factorykeystring, com.sec.android.CcInfo, com.samsung.android.aircommandmanager, com.sec.bcservice, com.skms.android.agent, com.samsung.logwriter, com.samsung.android.da.daagent, com.android.inputdevices, com.sec.android.iaft, com.samsung.android.fmm, com.sec.android.app.SecSetupWizard, android, com.sec.epdg, com.android.keychain, com.samsung.gpuwatchapp, com.android.providers.settings, com.sec.android.diagmonagent, com.samsung.sec.android.teegris.tui_service, com.samsung.android.app.omcagent, com.sec.android.app.hwmoduletest, com.samsung.android.bixby.wakeup, com.sec.android.soagent, com.samsung.android.motionphoto.app, com.samsung.android.vtcamerasettings, com.sec.android.app.personalization, com.samsung.sait.sohservice, com.samsung.android.bbc.bbcagent, com.sec.facatfunction, com.android.server.telecom, com.sec.android.app.servicemodeapp, com.samsung.android.knox.pushmanager, com.samsung.android.smartface, com.android.settings, com.samsung.android.themecenter, com.samsung.SMT, com.samsung.slsi.telephony.silentlogging, com.android.localtransport, com.samsung.android.biometrics.app.setting, com.sec.android.app.parser, com.samsung.android.knox.attestation, com.sec.mhs.smarttethering, com.sec.factory.camera, com.sec.android.app.RilPhoneNumberService, com.android.location.fused, com.sec.modem.settings, com.samsung.android.globalpostprocmgr, com.samsung.android.app.dressroom, com.samsung.android.svcagent, com.sec.app.RilErrorNotifier, com.samsung.android.emergency, com.sec.imsservice, com.samsung.android.brightnessbackupservice, com.samsung.oda.service, com.samsung.android.knox.mpos, com.samsung.android.photoremasterservice, com.sec.usbsettings, com.samsung.android.knox.zt.framework, com.sec.android.smartfpsadjuster, com.wssyncmldm, com.android.dynsystem, com.samsung.android.vexfwk.service, com.sec.automation, com.sec.android.sdhms, com.samsung.android.provider.filterprovider, com.samsung.android.wifi.ai, com.samsung.android.smartswitchassistant, com.samsung.android.providers.factory, com.samsung.aasaservice, com.samsung.android.cameraxservice, com.samsung.android.hdmapp, com.samsung.android.simagent, com.samsung.android.mdecservice, com.sec.android.app.quicktool, com.samsung.android.lool, com.sec.imslogger, com.samsung.accessibility, com.samsung.android.forest, com.sec.android.app.wlantest, com.sec.sve, com.samsung.android.stickercenter, com.sec.android.emergencylauncher]
02-11 14:31:25.654  5070  5088 I [SCPMV2][ScpmPermissionChecker]: permissionState for read scpm : true
02-11 14:31:25.655  5070  5088 I [SCPMV2][RegistrationDataManager]: cursor count : 1
02-11 14:31:25.655  5070  5088 I [SCPMV2][RegistrationDataManager]: register: 0x0yorj6ns
02-11 14:31:25.655  5070  5088 I [SCPMV2][ConfigurationWhenRegister]: apply
02-11 14:31:25.655  5070  5088 I [SCPMV2][ScpmPermissionChecker]: hasPermission : true
02-11 14:31:25.655  5070  5088 I [SCPMV2][ConfigurationDataManager]: initialize: appId = 0x0yorj6ns
02-11 14:31:25.655   818  4967 I cac::main::: SSL version 5.4.4.1 quartz_evt0 0456631a 2023-09-27T09:32:00
02-11 14:31:25.655  4939  4939 I VSET/ScpmHelper: onRegistered: MSG_REGISTER_SUCCESS
02-11 14:31:25.657   818  4967 I cac::main::: ssl_init:57 ssl_counter_init 0
02-11 14:31:25.657  4939  4939 I VSET/VSETFeature: isDefaultOffCounty: IN
02-11 14:31:25.657  4939  4939 I VSET/VSETPreference: getVSETEnabled: update first lunch time false
02-11 14:31:25.657  4939  4939 I VSET/VSETFeature: isDefaultOffCounty: IN
02-11 14:31:25.657  4939  4939 I VSET/VSETPreference: getVSETEnabled: update first lunch time false
02-11 14:31:25.658   527   527 I lmkd    : cached 3, sandbox(not0) 0
02-11 14:31:25.658   527   527 D lmkd    : No processes to kill with adj score >= 850
02-11 14:31:25.658  4939  4939 I VSET/FloatingMenuStatusPreferenceLiveData: setPreferenceValue: 4
02-11 14:31:25.659  4939  4939 I VSET/ObserveCameraStateService: initViewModels: X
02-11 14:31:25.660   818  4967 I WNC]VendorCameraScenario: [createStreamControllerRunnable:2784] [CAMSYSKPI]leave (camIndex:0) W
02-11 14:31:25.660  4939  4939 I VSET/AudioStateManagerImpl: start: 
02-11 14:31:25.660  4939  4939 I VSET/AudioStateManagerImpl: isInitialized: not initialized. 
02-11 14:31:25.660   818  5149 I cac::pipeline::: operator():69 init pp tid: 5149
02-11 14:31:25.661   818  5150 I cac::pipeline::: operator():113 init nn tid: 5150
02-11 14:31:25.661  4939  4939 I VSET/ObserveCameraStateService: registerBroadcastReceiver: 
02-11 14:31:25.663   818  4968 I WNC]VendorCameraScenario: [clearReusedHwProcessors:8514] 
02-11 14:31:25.663   818  4968 I WNC]SensorStreamController: [initialize:412] SensorHWProcessor 0 0 0xb40000704220ba10 initialize (w:4080 h:3060 rate:30) max (w:4080 h:3060), extendSensor(mode:0, extra:0, format:0), depth:0(0x0)
02-11 14:31:25.663   818  4968 I WNC]SensorHWProcessorImpl: [setSensorSize:453] [W_0_Preview] Changing sensor size width[4080] height[3060] frameRate[30]
02-11 14:31:25.663   818  4968 I WNC]SensorHWProcessorImpl: [setSensorSize:796] [W_0_Preview] setSensorSize w[4080] h[3060]
02-11 14:31:25.664   818  5149 I cac::pipeline::: initialize:300 TIME[cl_get_oclM_properties]=0.00369235
02-11 14:31:25.664   818  4968 I WNC]SensorHWProcessorImpl: [initialize:442] [W_0_Preview] 4080x3060@30fps, warmUp:5, setfile:47, sensor(mode:0, extra:0, format:0), format(pBAA, pixelSize:2, comp:1)
02-11 14:31:25.664   818  4968 I WNC]ImageRta: [waitPreLoadFinish:266] begin (count: 6)
02-11 14:31:25.664   818  4968 I WNC]ImageRta: [waitPreLoadFinish:278] end (count: 6)
02-11 14:31:25.664   818  4968 I WNC]RtaProcessorImpl: [initialize:1115] [W_4_Preview] initialize isReprocess:0
02-11 14:31:25.664   818  4968 I WNC]RtaProcessorImpl: [initialize:1132] [W_4_Preview] success, isReprocess:0
02-11 14:31:25.664   818  4968 I WNC]AutoTimer: [~AutoTimer:42] Performance RtaHWProcessor::initialize W_4_Preview 0 ms
02-11 14:31:25.664  4939  4939 I VSET/ObserveCameraStateService: onCreate : unihal 3.01
02-11 14:31:25.665   818  4968 I WNC]AutoTimer: [~AutoTimer:42] Performance SensorPreImageRtaHWProcessorGroup::initialize W 2 ms
02-11 14:31:25.665   818  5150 I ENN_FRAMEWORK: 2.1.19: * Context(0x6f6eb9d728) ref_cnt(0x6f6eb9d728)=2, Commit [2.1.18:1:gce30e745], Version [2.1.19], Lib-mode 
02-11 14:31:25.665   818  4968 I WNC]SensorStreamController: [initialize:475] ISPHWProcessor 0 0 0xb4000070422265d0 initialize (w:4080 h:3060 setfile:71) quantization:1, initHf:0, batchSize:1, sbwcVotf(3,0)
02-11 14:31:25.665   818  5150 I ENN_FRAMEWORK: 2.1.19: * Initialized, set handler with signal 53
02-11 14:31:25.665   818  4968 I WNC]ISP : [setDvfsScenario:271] [W_2_Preview] setDvfsScenario. scenarioMode 0x1 videoSize 0 x 0
02-11 14:31:25.665   818  5150 I cac::pipeline::: initializeEden:50 blobs - Loading MSL.nnc file from memory 
02-11 14:31:25.665   818  5150 I ENN_FRAMEWORK: 2.1.19: * Model File loaded from buffer 0x6f6ecc7868
02-11 14:31:25.665   818  5150 I ENN_FRAMEWORK: 2.1.19: *  # [0] Preset: 0x0, flag: 0
02-11 14:31:25.665   818  5150 I ENN_FRAMEWORK: 2.1.19: *  # [1] Preset: 0x7, flag: 1
02-11 14:31:25.665   818  5150 I ENN_FRAMEWORK: 2.1.19: *  # [2] Preset: 0x1F40, flag: 1
02-11 14:31:25.665   818  5150 I ENN_FRAMEWORK: 2.1.19: *  # [3] Preset: 0x1, flag: 0
02-11 14:31:25.665   818  5150 I ENN_FRAMEWORK: 2.1.19: *  # [4] Preset: 0xFFFFFFFF, flag: 0
02-11 14:31:25.665   818  5150 I ENN_FRAMEWORK: 2.1.19: *  # [5] Preset: 0x0, flag: 0
02-11 14:31:25.665   818  5150 I ENN_FRAMEWORK: 2.1.19: *  # [6] Preset: 0x0, flag: 0
02-11 14:31:25.665   818  5150 I ENN_FRAMEWORK: 2.1.19: *  # [7] Preset: 0x0, flag: 0
02-11 14:31:25.665   818  5150 I ENN_FRAMEWORK: 2.1.19: *  # [8] Preset: 0x0, flag: 0
02-11 14:31:25.665   818  5150 I ENN_FRAMEWORK: 2.1.19: *  # [9] Preset: 0x0, flag: 0
02-11 14:31:25.666   818  4968 I WNC]ISP : [initialize:223] [W_2_Preview] initialize. (1040 x 774) setFile 0(0x0), isReprocess(0) quantization(0)
02-11 14:31:25.666  4939  4939 I VSET/ObserveCameraStateService: onStartCommand: 1
02-11 14:31:25.666   818  4968 I WNC]ImageRta: [waitPreLoadFinish:266] begin (count: 6)
02-11 14:31:25.666   818  4968 I WNC]ImageRta: [waitPreLoadFinish:278] end (count: 6)
02-11 14:31:25.666   818  4968 I WNC]RtaProcessorImpl: [initialize:1115] [W_8_Preview] initialize isReprocess:0
02-11 14:31:25.666   818  4968 I WNC]RtaProcessorImpl: [initialize:1132] [W_8_Preview] success, isReprocess:0
02-11 14:31:25.666   818  4968 I WNC]AutoTimer: [~AutoTimer:42] Performance RtaHWProcessor::initialize W_8_Preview 0 ms
02-11 14:31:25.666   818  4968 I WNC]ISP : [setDvfsScenario:271] [W_9_Preview] setDvfsScenario. scenarioMode 0x1 videoSize 4080 x 3060
02-11 14:31:25.666  4939  4939 I VSET/RemoteCameraStatusPreferenceLiveData: updatePreferenceValue: !!!
02-11 14:31:25.667  4939  4939 I VSET/ObserveCameraStateService: getRemoteCameraStatusPreferenceLiveData: null
02-11 14:31:25.667  4939  4939 W VSET/ObserveCameraStateService: getRemoteCameraStatusPreferenceLiveData: maybe not ready.
02-11 14:31:25.667  4939  4939 I VSET/RemoteCameraStatusPreferenceLiveData: setPreferenceValue: null
02-11 14:31:25.667   818  4968 I WNC]ISP : [initialize:223] [W_9_Preview] initialize. (4080 x 3060) setFile 71(0x47), isReprocess(0) quantization(1)
02-11 14:31:25.669   527   527 I lmkd    : cached 3, sandbox(not0) 0
02-11 14:31:25.669   527   527 D lmkd    : No processes to kill with adj score >= 850
02-11 14:31:25.670   818  5150 I ENN_FRAMEWORK: 2.1.19: * [SUBMITTED] vs4l_param[0], target(0x880002), raw_value(3172000), value(3172000), printable(true)
02-11 14:31:25.670   818  5150 I ENN_FRAMEWORK: 2.1.19: * [SUBMITTED] vs4l_param[1], target(0x880003), raw_value(533000), value(533000), printable(true)
02-11 14:31:25.670   818  5150 I ENN_FRAMEWORK: 2.1.19: * [SUBMITTED] vs4l_param[2], target(0x890001), raw_value(2515200), value(2515200), printable(true)
02-11 14:31:25.670   818  5150 I ENN_FRAMEWORK: 2.1.19: * [SUBMITTED] syscall_cpu_aff, value(0xF0), printable(true)
02-11 14:31:25.671  4939  4939 W VSET/RemoteCameraStatusPreferenceLiveData: onActive failed start observer java.lang.SecurityException: Failed to find provider com.samsung.android.hwresourceshare.RemoteCameraInfoProvider for user 0; expected to find a valid ContentProvider for this authority
02-11 14:31:25.671  4939  4939 I VSET/ObserveCameraStateService: getEffectActivateStatusLivedata: false
02-11 14:31:25.672  4939  4939 I VSET/VSETFeature: isDefaultOffCounty: IN
02-11 14:31:25.673  4939  4939 I VSET/VSETPreference: getVSETEnabled: update first lunch time false
02-11 14:31:25.673  4939  4939 E VSET/CameraStateManagerImpl: isCameraFacingFront : failed to get camera characteristics Attempt to invoke virtual method 'java.lang.Object android.hardware.camera2.CameraCharacteristics.get(android.hardware.camera2.CameraCharacteristics$Key)' on a null object reference
02-11 14:31:25.674  4939  4939 I VSET/CameraStateManagerImpl: isCameraFacingFront: facing : true, large cover : false
02-11 14:31:25.674  4939  4939 I VSET/VSETFeature: isDefaultOffCounty: IN
02-11 14:31:25.674  4939  4939 I VSET/VSETPreference: getVSETEnabled: update first lunch time false
02-11 14:31:25.674  4939  4939 I VSET/CameraProxyWorker: applyOptimizedFpsRange: true
02-11 14:31:25.674  4939  4939 W VSET/CameraProxyWorker: applyOptimizedFpsRange: not supported
02-11 14:31:25.674  4939  4939 I VSET/VSETFeature: isDefaultOffCounty: IN
02-11 14:31:25.674   818  5149 I cac::pipeline::: initialize:304 TIME[cl_create_context]=0.00988235
02-11 14:31:25.674  4939  4939 I VSET/VSETPreference: getVSETEnabled: update first lunch time false
02-11 14:31:25.674  4939  4939 I VSET/ObserveCameraStateService: observe segmentationEnabled: true
02-11 14:31:25.674  4939  4939 I VSET/ObserveCameraStateService: cancelNotification: 
02-11 14:31:25.674   818  4968 I WNC]AutoTimer: [~AutoTimer:42] Performance LmeMcscPreviewHWProcessorGroup::initialize W_104_Preview 10 ms
02-11 14:31:25.674   818  4968 I WNC]ISP : [setMaxYuvSize:455] [W_9_Preview] setYuvSize w[2880] h[2160]
02-11 14:31:25.674   818  4968 I WNC]SensorStreamController: [initialize:490] [0] MCFP / TNR : BufSize: BDS(2880, 2160)
02-11 14:31:25.674   818  4968 I WNC]QosController: [checkStaticQosScenario:193] [QOS - Static] shotMode = 0, scenario = 16, epicSubMode = 0
02-11 14:31:25.675  4939  4939 I VSET/ObserveCameraStateService: getFloatingViewStatusLiveData: 4
02-11 14:31:25.675  4939  4939 I VSET/ObserveCameraStateService: onStartCommand: run 1
02-11 14:31:25.675  4939  4939 I VSET/ObserveCameraStateService: onStartCommand : unihal 3.01
02-11 14:31:25.675  4939  4939 I VSET/ObserveCameraStateService: initAppRepository is created already
02-11 14:31:25.675   818  4968 I WNC]QosController: [setQosControl:397] [QOS EPIC] EPIC_HAL_CAMERA_SUBMODE(0)
02-11 14:31:25.676   818  5153 I WNC]Thread: [entry:82] Starting Thread [RequestThread] on ptid: 22f65c40 tid:5153 4, priority:0
02-11 14:31:25.676   808   846 I HYPER-HAL: [RequestManager.cpp]acquire(): Acquired ID : 8182216  [818 / 3226]    HINT : CAMERA_UCLAMP    list : [TIMEOUT / 5000] 
02-11 14:31:25.676  4939  4939 I VSET/ObserveCameraStateService: onStartCommand: true
02-11 14:31:25.676   818  4968 I WNC]VendorCameraProperty: [getMaxBufferSize:3292] W:4864,H:3648
02-11 14:31:25.676   818  4968 I WNC]ISP : [setMaxSize:448] [W_9_Preview] setMaxSize w[4864] h[3648]
02-11 14:31:25.676   818  4968 I WNC]DeviceNode: [start:657] [W_9_Preview_BYRP:/dev/video120:0xb4000071922cfb10] start begin
02-11 14:31:25.676   818  4968 I WNC]DeviceNode: [start:660] [W_9_Preview_BYRP:/dev/video120:0xb4000071922cfb10] start end
02-11 14:31:25.677   818  4968 I WNC]RtaProcessorImpl: [start:1159] [W_8_Preview] HwInstanceId(0) processorType(0) processType(8) videoDevFd(433) isReprocess(0) Sensor(imx882) SensorSetfile(/vendor/firmware/setfile_imx882.bin) scenarioIdx(71)
02-11 14:31:25.677   818  4968 I WNC]RtaProcessorImpl: [start:1177] [W_8_Preview] success, isReprocess:0
02-11 14:31:25.677   818  4968 I WNC]DeviceNode: [start:657] [W_2_Preview_LME:/dev/video170:0xb4000070c21bd050] start begin
02-11 14:31:25.677   818  4968 I WNC]DeviceNode: [start:660] [W_2_Preview_LME:/dev/video170:0xb4000070c21bd050] start end
02-11 14:31:25.677   818  4968 I WNC]RtaProcessorImpl: [start:1159] [W_4_Preview] HwInstanceId(0) processorType(0) processType(4) videoDevFd(105) isReprocess(0) Sensor(imx882) SensorSetfile(/vendor/firmware/setfile_imx882.bin) scenarioIdx(71)
02-11 14:31:25.677   818  4968 I IRTA    : [DICO:-I] Start[786]: [IRTA][S0] videoDevFd: 105
02-11 14:31:25.677   818  4968 I IRTA    : [DICO:-I] Start[800]: [IRTA][S0] calData: 0xb4000071821772e0, calDataSize: 22016
02-11 14:31:25.677   818  4968 I IRTA    : [DICO:-I] CreateGyro[1419]: Done (valid: 0, g_gyroLibRefCnt: 1)
02-11 14:31:25.677   818  4968 I IRTA    : [DICO:-I] SetSetFileParser[357]: [IRTA][S0] setfileFileName: /vendor/firmware/setfile_imx882.bin
02-11 14:31:25.677   818  4968 I IRTA    : [DICO:-I] Start[878]: [IRTA][S0] SetFileParser Done
02-11 14:31:25.677   818  4968 I IRTA    : [DICO:-I] RunApplyTune[437]: [IRTA][S0] scenarioIdx: 71
02-11 14:31:25.677   818  4968 I IRTA    : [DICO:-I] RunApplyTune[453]: [IRTA][S0] setfileFileName: /vendor/firmware/setfile_imx882.bin
02-11 14:31:25.677   818  4968 I IRTA    : [DICO:-I] RunApplyTune[475]: [IRTA][S0] scenarioIdx: 71, ispSetfileIndex: 19, ispSetfileSize: 340560, meSetfileIndex: 0, meSetfileSize: 2504, setfileUpdatedTime: 1324703152
02-11 14:31:25.678   818  5159 I WNC]Thread: [entry:82] Starting Thread [RtaHWProcessor] on ptid: 22c6bc40 tid:5159 4, priority:0
02-11 14:31:25.678   818  4968 I IRTA    : [DICO:-I] Start[889]: [IRTA][S0] RunApplyTune Done
02-11 14:31:25.678   818  5149 I cac::pipeline::: initialize:307 TIME[cl_create_queue]=0.00431219
02-11 14:31:25.679  4939  4939 I VSET/SettingsActivity: ActivateSettingActivityForSupportedCases: true / maintenanceModefalse
02-11 14:31:25.679   818  5157 I WNC]Thread: [entry:82] Starting Thread [ISPHWProcessor] on ptid: 22e67c40 tid:5157 3, priority:-8
02-11 14:31:25.680   818  5161 I WNC]Thread: [entry:82] Starting Thread [ISPHWProcessor] on ptid: 22933c40 tid:5161 4, priority:-8
02-11 14:31:25.680  1199  1216 D PackageManager: setEnabledSetting : userId = 0 packageName = com.samsung.android.vtcamerasettings cmp = com.samsung.android.vtcamerasettings.settings.SettingsActivity newState = 1 callingPackage = com.samsung.android.vtcamerasettings
02-11 14:31:25.680   818  5158 I WNC]Thread: [entry:82] Starting Thread [IspRequest] on ptid: 22d69c40 tid:5158 4, priority:-8
02-11 14:31:25.681   818  5163 I WNC]Thread: [entry:82] Starting Thread [IspRequest] on ptid: 22835c40 tid:5163 4, priority:-8
02-11 14:31:25.681  1199  1216 D ApplicationPolicy: getApplicationStateEnabled : pkg = com.samsung.android.vtcamerasettings userId : 0
02-11 14:31:25.682  1199  1216 D ApplicationPolicy: getApplicationComponentState : pkg = com.samsung.android.vtcamerasettings userId : 0
02-11 14:31:25.682   818  5149 I cac::pipeline::: preallocateBuffers:205 Memory Pool Manager allocated: 995472 buff 0xb400007122178c10 size 995472 refcnt 1 err 0 0
02-11 14:31:25.683   527   527 I lmkd    : cached 3, sandbox(not0) 0
02-11 14:31:25.683   527   527 D lmkd    : No processes to kill with adj score >= 850
02-11 14:31:25.683   818  5149 I cac::pipeline::: preallocateBuffers:205 Memory Pool Manager allocated: 571536 buff 0xb400007122179010 size 571536 refcnt 1 err 0 0
02-11 14:31:25.683   818  5149 I cac::pipeline::: preallocateBuffers:205 Memory Pool Manager allocated: 134400 buff 0xb400007122179410 size 134400 refcnt 1 err 0 0
02-11 14:31:25.683   818  5149 I cac::pipeline::: preallocateBuffers:205 Memory Pool Manager allocated: 76800 buff 0xb400007122179810 size 76800 refcnt 1 err 0 0
02-11 14:31:25.683   818  5149 I cac::pipeline::: preallocateBuffers:205 Memory Pool Manager allocated: 19200 buff 0xb400007122179c10 size 19200 refcnt 1 err 0 0
02-11 14:31:25.683   818  5149 I cac::pipeline::: preallocateBuffers:211 TIME[cl_preallocateBuffers]=0.00129715
02-11 14:31:25.690   818  5149 I cac::pp::postprocessing::: buildProgram:628 TIME[cl_kernel_extraction]=0.00307823
02-11 14:31:25.692   818  4968 I WNC]RtaProcessorImpl: [start:1177] [W_4_Preview] success, isReprocess:0
02-11 14:31:25.692   818  4968 I WNC]DeviceNode: [start:657] [W_0_Preview_REAR0_SENSOR:/dev/video101:0xb400007042214610] start begin
02-11 14:31:25.692  4939  4939 I VSET/ObserveCameraStateService: onStartCommand: update SALogging status
02-11 14:31:25.692   818  5164 I WNC]Thread: [entry:82] Starting Thread [RtaHWProcessor] on ptid: 2b5bfc40 tid:5164 4, priority:0
02-11 14:31:25.693  4939  4939 I VSET/VSETFeature: isDefaultOffCounty: IN
02-11 14:31:25.693  4939  4939 I VSET/VSETPreference: getVSETEnabled: update first lunch time false
02-11 14:31:25.693  4939  4939 I VSET/ObserveCameraStateService: processDeviceInjectorIntent: not supported device injector
02-11 14:31:25.693   527   527 I lmkd    : cached 3, sandbox(not0) 0
02-11 14:31:25.693   527   527 D lmkd    : No processes to kill with adj score >= 850
02-11 14:31:25.698   818  5150 I ENN_FRAMEWORK: 2.1.19: * (+) Engine::EngineImpl::open_model
02-11 14:31:25.698   818  5150 I ENN_FRAMEWORK: 2.1.19: * NNC Model addr: 0x6f118e7000, size: 5369856, fd: 1164
02-11 14:31:25.698   818  5150 I ENN_FRAMEWORK: 2.1.19: * graph_version = 209, model_version = 100
02-11 14:31:25.698   818  5165 I ENN_FRAMEWORK: 2.1.19: * npu_options.size() : 14
02-11 14:31:25.699   818  5165 I ENN_FRAMEWORK: 2.1.19: *   [ 0] COMPILED_COMMAND: ./nncontainer-gen --prototxt Q_CAC_Mosaic_7class_YUV_SACv28.prototxt
02-11 14:31:25.699   818  5165 I ENN_FRAMEWORK: --caffemodel Q_CAC_Mosaic_7class_YUV_SACv28.caffemodel
02-11 14:31:25.699   818  5165 I ENN_FRAMEWORK: --protobin Q_CAC_Mosaic_7class_YUV_SACv28.protobin
02-11 14:31:25.699   818  5165 I ENN_FRAMEWORK: -c NPU -f SCaffe --chip_version=EVT1 --outdir 
02-11 14:31:25.699   818  5165 I ENN_FRAMEWORK: --soc-type Quartz --schema_version v2 --input_conversion hw_cfu --output_conversion hw_icfu --multicore false --npupass O2.json
02-11 14:31:25.699   818  5165 I ENN_FRAMEWORK: --npuhw hardware_configuration.EVT0.xml
02-11 14:31:25.699   818  5165 I ENN_FRAMEWORK: --mi 1 
02-11 14:31:25.699   818  5165 I ENN_FRAMEWORK: 2.1.19: *   [ 1] FRAMEWORK: SCaffe
02-11 14:31:25.699   818  5165 I ENN_FRAMEWORK: 2.1.19: *   [ 2] HW_CFU: true
02-11 14:31:25.699   818  5165 I ENN_FRAMEWORK: 2.1.19: *   [ 3] MODEL: Q_CAC_Mosaic_7class_YUV_SACv28.caffemodel
02-11 14:31:25.699   818  5165 I ENN_FRAMEWORK: 2.1.19: *   [ 4] NAME: CAC_Mosaic_7class_YUV_SACv28_ncp.bin
02-11 14:31:25.699   818  5165 I ENN_FRAMEWORK: 2.1.19: *   [ 5] NCP_VERSION: 26
02-11 14:31:25.699   818  5165 I ENN_FRAMEWORK: 2.1.19: *   [ 6] NPUC_VERSION: HEAD_v2.0.0.b-1729-gf0d27e276
02-11 14:31:25.699   818  5165 I ENN_FRAMEWORK: 2.1.19: *   [ 7] OPT_LEVEL: 
02-11 14:31:25.699   818  5165 I ENN_FRAMEWORK: 2.1.19: *   [ 8] PROTOBIN: Q_CAC_Mosaic_7class_YUV_SACv28.protobin
02-11 14:31:25.699   818  5165 I ENN_FRAMEWORK: 2.1.19: *   [ 9] PROTOTXT: Q_CAC_Mosaic_7class_YUV_SACv28.prototxt
02-11 14:31:25.699   818  5165 I ENN_FRAMEWORK: 2.1.19: *   [10] QUANT_BW: bit_width_a=8 bit_width_w=8 bit_width_bias=48 bit_width_NFU=16 bit_width_c=16
02-11 14:31:25.699   818  5165 I ENN_FRAMEWORK: 2.1.19: *   [11] QUANT_DEV: OLYMPUS
02-11 14:31:25.699   818  5165 I ENN_FRAMEWORK: 2.1.19: *   [12] QUANT_MODE: HYB
02-11 14:31:25.699   818  5165 I ENN_FRAMEWORK: 2.1.19: *   [13] SOC_TYPE: Olympus
02-11 14:31:25.699   818  5150 I ENN_FRAMEWORK: 2.1.19: * Graph Info[0] name: CAC_Mosaic_7class_YUV_SACv28, supported_accelerator: 5 [ NPU CPU ]
02-11 14:31:25.699   818  5150 I ENN_FRAMEWORK: 2.1.19: *   Inputs(2):
02-11 14:31:25.699   818  5150 I ENN_FRAMEWORK: 2.1.19: *     [  0] IFM [NCHW]
02-11 14:31:25.699   818  5150 I ENN_FRAMEWORK: 2.1.19: *     [  1] IFM [NCHW]
02-11 14:31:25.699   818  5150 I ENN_FRAMEWORK: 2.1.19: *   Outputs(1):
02-11 14:31:25.699   818  5150 I ENN_FRAMEWORK: 2.1.19: *     [  3] decoder/0/decoder_final_conv_remapped_7classes/weights_114 [NCHW]
02-11 14:31:25.699   818  5150 I ENN_FRAMEWORK: 2.1.19: * Operator[ 0] (hw: 1) (code: 1018) ENN_BINDING
02-11 14:31:25.699   818  5150 I ENN_FRAMEWORK: 2.1.19: * Operator[ 1] (hw: 4) (code: 1013) ENN_NPU
02-11 14:31:25.699   818  5150 I ENN_FRAMEWORK: 2.1.19: * [SUBMITTED] vs4l_param[0], target(0x880002), raw_value(3172000), value(3172000), printable(true)
02-11 14:31:25.699   818  5150 I ENN_FRAMEWORK: 2.1.19: * [SUBMITTED] vs4l_param[1], target(0x880003), raw_value(533000), value(533000), printable(true)
02-11 14:31:25.699   818  5150 I ENN_FRAMEWORK: 2.1.19: * [SUBMITTED] vs4l_param[2], target(0x890001), raw_value(2515200), value(2515200), printable(true)
02-11 14:31:25.699   818  5150 I ENN_FRAMEWORK: 2.1.19: * [SUBMITTED] vs4l_param[3], target(0x900003), raw_value(4096), value(4096), printable(true)
02-11 14:31:25.699   818  5150 I ENN_FRAMEWORK: 2.1.19: * [SUBMITTED] vs4l_param[4], target(0x900005), raw_value(1), value(1), printable(true)
02-11 14:31:25.699   818  5150 I ENN_FRAMEWORK: 2.1.19: * [SUBMITTED] syscall_cpu_aff, value(0xF0), printable(true)
02-11 14:31:25.700   818  5150 I ENN_FRAMEWORK: 2.1.19: * A Model(ID: 0x332B3000000) is created.
02-11 14:31:25.700   818  4968 I WNC]DeviceNode: [start:660] [W_0_Preview_REAR0_SENSOR:/dev/video101:0xb400007042214610] start end
02-11 14:31:25.700   818  4968 I WNC]SensorStreamMonitor: [start:66] start()
02-11 14:31:25.700   818  4968 I WNC]VendorCameraScenario: [startSensorStream:4666] [CAMSYSKPI]leave startSensorStream (camIndex:0) W
02-11 14:31:25.700   818  5173 I WNC]Thread: [entry:82] Starting Thread [SensorHWProcess] on ptid: 22737c40 tid:5173 3, priority:-8
02-11 14:31:25.700   818  4969 I WNC]ImageManagerGroup: [allocImages:983] [CAMSYSKPI]enter allocImage(internalSensor:0, internal:0, service:0, reprocess:1)
02-11 14:31:25.700   818  5174 I WNC]Thread: [entry:82] Starting Thread [CameraSensorReq] on ptid: 22639c40 tid:5174 3, priority:-8
02-11 14:31:25.703   818  5176 I ENN_FRAMEWORK: 2.1.19: * (+) NpuUserDriver::OpenSubGraph(), model_id(0x332B3000000), op_list_id(0x332B332B800)
02-11 14:31:25.703   818  5176 I ENN_FRAMEWORK: 2.1.19: * VS4L(OPEN) :: model_id(0x332B3000000), op_list_id(0x332B332B800)
02-11 14:31:25.703   818  4968 I WNC]VendorCameraScenario: [startReprocessStream:4795] start camIndex:0
02-11 14:31:25.703   818  4968 I WNC]ReprocessStreamController: [initializeInternal:311] REPROCESS_STREAM_SUPPORT_MULTI_FRAME: 1
02-11 14:31:25.703   818  4968 I WNC]ReprocessStreamController: [initializeInternal:384] REPROCESS_STREAM_CAPTURE_CONTENT_AWARE: (0, 1)
02-11 14:31:25.703   818  4968 I WNC]ISP : [setDvfsScenario:271] [W_2_Reprocess] setDvfsScenario. scenarioMode 0x1 videoSize 0 x 0
02-11 14:31:25.705  3188  3249 I avrcp   : system/profile/avrcp/connection_handler.cc:643 MessageCb: Message received on handle 1
02-11 14:31:25.705  3188  3249 I avrcp   : system/profile/avrcp/device.cc:1548 MessageReceived: opcode=Opcode::VENDOR
02-11 14:31:25.705  3188  3249 I avrcp   : system/profile/avrcp/device.cc:200 VendorPacketHandler: pdu=CommandPdu::REGISTER_NOTIFICATION
02-11 14:31:25.705  3188  3249 I avrcp   : system/profile/avrcp/device.cc:831 HandleNotification: event=Event::PLAYBACK_STATUS_CHANGED
02-11 14:31:25.705  3188  3249 I avrcp   : system/profile/avrcp/connection_handler.cc:837 SendMessage: SendMessage to handle=0x1
02-11 14:31:25.706   818  5176 I ENN_FRAMEWORK: 2.1.19: * VS4L(BOOTUP) :: model_id(0x332B3000000), op_list_id(0x332B332B800)
02-11 14:31:25.706   818  4968 I WNC]ISP : [initialize:223] [W_2_Reprocess] initialize. (1664 x 1248) setFile 0(0x0), isReprocess(1) quantization(0)
02-11 14:31:25.706   527   527 I lmkd    : cached 3, sandbox(not0) 0
02-11 14:31:25.706   818  5176 I ENN_FRAMEWORK: 2.1.19: * VS4L(S_PARAM) :: model_id(0x332B3000000), op_list_id(0x332B332B800)
02-11 14:31:25.706   527   527 D lmkd    : No processes to kill with adj score >= 850
02-11 14:31:25.706   818  4968 I WNC]ImageRta: [waitPreLoadFinish:266] begin (count: 6)
02-11 14:31:25.706   818  4968 I WNC]ImageRta: [waitPreLoadFinish:278] end (count: 6)
02-11 14:31:25.706   818  4968 I WNC]RtaProcessorImpl: [initialize:1115] [W_4_Reprocess] initialize isReprocess:1
02-11 14:31:25.706   818  4968 I IRTA    : [DICO:-I] Open[532]: [IRTA][S1][P0] reprocessinigFlag: 1
02-11 14:31:25.706   818  4968 I IRTA    : [DICO:-I] Open[540]: [IRTA][S1][P0] Open() start
02-11 14:31:25.706   818  4968 I IRTA    : [DICO:-I] DICO_Object_Create[30]: [S1] hwType(6), hwId(0), reprocessingFlag(1), sensorPlace(0), hdrFrameType(0)
02-11 14:31:25.706   818  4968 I IRTA    : [DICO:-I] Metadata[19]: new
02-11 14:31:25.706   818  4968 I IRTA    : [DICO:-I] StreamInterface[418]:
02-11 14:31:25.706   818  4968 I IRTA    : [DICO:-I] init[487]: [S1]StreamInterface
02-11 14:31:25.706   818  5176 I ENN_FRAMEWORK: 2.1.19: * VS4L(S_PARAM) DSP KERNEL :: model_id(0x332B3000000), op_list_id(0x332B332B800)
02-11 14:31:25.706   818  5176 I ENN_FRAMEWORK: 2.1.19: * VS4L(SCHED_PARAM) :: model_id(0x332B3000000), op_list_id(0x332B332B800)
02-11 14:31:25.706   818  5176 I ENN_FRAMEWORK: 2.1.19: * VS4L(S_GRAPH) :: model_id(0x332B3000000), op_list_id(0x332B332B800)
02-11 14:31:25.706   818  4968 I IRTA    : [DICO:-I] init[532]: [S1] SIRCSDK_CreateConfigHandler call (mConfigHandler[0]: 0xb4000070c21f8250)
02-11 14:31:25.706   818  4968 I IRTA    : [DICO:-I] init[29]: [S1]
02-11 14:31:25.706   818  4968 I IRTA    : [DICO:-I] createChain[819]: mInstanceId(1) hType(6) hwId(0)
02-11 14:31:25.706   818  4968 I IRTA    : [DICO:-I] createChain[854]: LME 0
02-11 14:31:25.706   818  4968 I IRTA    : [SDK:-I] ISP_FimcChainFactory_GetChain[290]: Creating chain successfully. (chainType: 5, isVersion: 1, chain: 0xb4000071221d80b0)
02-11 14:31:25.706   818  4968 I IRTA    : [SDK:-I] SwReset[142]: SwReset
02-11 14:31:25.706   818  4968 I IRTA    : [DICO:-I] createObject[4054]: [S1] hwType(LME) hwId(0), hdrFrameType(0), sensorPlace(0), reprocessingFlag(1)
02-11 14:31:25.707   818  4968 I IRTA    : [SDK:-I] ISP_FimcChainFactory_GetChain[290]: Creating chain successfully. (chainType: 5, isVersion: 1, chain: 0xb400007122368240)
02-11 14:31:25.707  4939  4939 I VSET/AppInfoRepository: isSupportedP: ---, false
02-11 14:31:25.707  4939  4939 I VSET/ObserveCameraStateService: updateAppInfoRepository: E 
02-11 14:31:25.707  4939  4939 I VSET/ObserveCameraStateService: initAppRepository is created already
02-11 14:31:25.708   818  5176 I ENN_FRAMEWORK: 2.1.19: * VS4L(SFORMAT) :: model_id(0x332B3000000), op_list_id(0x332B332B800)
02-11 14:31:25.709   818  4968 I IRTA    : [DICO:-I] DICO_Object_Create[30]: [S1] hwType(5), hwId(0), reprocessingFlag(1), sensorPlace(0), hdrFrameType(0)
02-11 14:31:25.709   818  4968 I IRTA    : [DICO:-I] createChain[819]: mInstanceId(1) hType(5) hwId(0)
02-11 14:31:25.709   818  4968 I IRTA    : [DICO:-I] createChain[849]: YUVP 0
02-11 14:31:25.709   818  4968 I IRTA    : [SDK:-I] ISP_FimcChainFactory_GetChain[290]: Creating chain successfully. (chainType: 4, isVersion: 1, chain: 0xb4000071223f82d0)
02-11 14:31:25.709   818  4968 I IRTA    : [SDK:-I] SwReset[201]: [CHAIN] ISP_FimcYuvpChainV1p20p0::SwReset()
02-11 14:31:25.709   818  4968 I IRTA    : [DICO:-I] createObject[4054]: [S1] hwType(YUVP) hwId(0), hdrFrameType(0), sensorPlace(0), reprocessingFlag(1)
02-11 14:31:25.709   818  4968 I IRTA    : [SDK:-I] ISP_FimcChainFactory_GetChain[290]: Creating chain successfully. (chainType: 4, isVersion: 1, chain: 0xb400007122348220)
02-11 14:31:25.710   818  4968 I IRTA    : [AE:-I] ISP_DrcTmcProcessor[104]: tuningValues_ addr 0x0xb4000070021dc7d0
02-11 14:31:25.710   818  5175 I ENN_FRAMEWORK: 2.1.19: * opr->code = 1018 (ENN_BINDING)
02-11 14:31:25.710   818  4968 I IRTA    : [DICO:-I] DICO_Object_Create[30]: [S1] hwType(3), hwId(0), reprocessingFlag(1), sensorPlace(0), hdrFrameType(0)
02-11 14:31:25.710   818  4968 I IRTA    : [DICO:-I] createChain[819]: mInstanceId(1) hType(3) hwId(0)
02-11 14:31:25.710   818  4968 I IRTA    : [DICO:-I] createChain[839]: MCFP 0
02-11 14:31:25.710   818  4968 I IRTA    : [SDK:-I] ISP_FimcChainFactory_GetChain[290]: Creating chain successfully. (chainType: 3, isVersion: 1, chain: 0xb400007122358230)
02-11 14:31:25.710   818  4968 I IRTA    : [SDK:-I] SwReset[157]: [CHAIN] ISP_FimcMcfpChainV11p20p0::SwReset()
02-11 14:31:25.710   818  4968 I IRTA    : [DICO:-I] createObject[4054]: [S1] hwType(MCFP) hwId(0), hdrFrameType(0), sensorPlace(0), reprocessingFlag(1)
02-11 14:31:25.710   818  4968 I IRTA    : [SDK:-I] ISP_FimcChainFactory_GetChain[290]: Creating chain successfully. (chainType: 3, isVersion: 1, chain: 0xb4000071225083e0)
02-11 14:31:25.712   818  4968 I IRTA    : [DICO:-I] DICO_Object_Create[30]: [S1] hwType(2), hwId(0), reprocessingFlag(1), sensorPlace(0), hdrFrameType(0)
02-11 14:31:25.712   818  4968 I IRTA    : [DICO:-I] createChain[819]: mInstanceId(1) hType(2) hwId(0)
02-11 14:31:25.712   818  4968 I IRTA    : [DICO:-I] createChain[834]: RGBP 0
02-11 14:31:25.712   818  4968 I IRTA    : [SDK:-I] ISP_FimcChainFactory_GetChain[290]: Creating chain successfully. (chainType: 2, isVersion: 1, chain: 0xb4000071224a8380)
02-11 14:31:25.712   818  4968 I IRTA    : [SDK:-I] SwReset[207]: [CHAIN] ISP_FimcRgbpChainV1p20p0::SwReset()
02-11 14:31:25.712   818  4968 I IRTA    : [DICO:-I] createObject[4054]: [S1] hwType(RGBP) hwId(0), hdrFrameType(0), sensorPlace(0), reprocessingFlag(1)
02-11 14:31:25.712   818  4968 I IRTA    : [SDK:-I] ISP_FimcChainFactory_GetChain[290]: Creating chain successfully. (chainType: 2, isVersion: 1, chain: 0xb400007122468340)
02-11 14:31:25.712   818  5176 I ENN_FRAMEWORK: 2.1.19: * VS4L(STREAM_ON) :: model_id(0x332B3000000), op_list_id(0x332B332B800)
02-11 14:31:25.713   818  4968 I IRTA    : [DICO:-I] DICO_Object_Create[30]: [S1] hwType(1), hwId(0), reprocessingFlag(1), sensorPlace(0), hdrFrameType(0)
02-11 14:31:25.713   818  4968 I IRTA    : [DICO:-I] createChain[819]: mInstanceId(1) hType(1) hwId(0)
02-11 14:31:25.713   818  4968 I IRTA    : [DICO:-I] createChain[829]: BYRP 0
02-11 14:31:25.713   818  4968 I IRTA    : [SDK:-I] ISP_FimcChainFactory_GetChain[290]: Creating chain successfully. (chainType: 1, isVersion: 1, chain: 0xb4000071224b8390)
02-11 14:31:25.713   818  4968 I IRTA    : [SDK:-I] SwReset[233]: [CHAIN] ISP_FimcByrpChainV1p20p0::SwReset()
02-11 14:31:25.713   818  4968 I IRTA    : [DICO:-I] createObject[4054]: [S1] hwType(BYRP) hwId(0), hdrFrameType(0), sensorPlace(0), reprocessingFlag(1)
02-11 14:31:25.714   818  4968 I IRTA    : [SDK:-I] ISP_FimcChainFactory_GetChain[290]: Creating chain successfully. (chainType: 1, isVersion: 1, chain: 0xb400007122458330)
02-11 14:31:25.714   818  5176 I ENN_FRAMEWORK: 2.1.19: * (-) NpuUserDriver::OpenSubGraph(), model_id(0x332B3000000), op_list_id(0x332B332B800)
02-11 14:31:25.714   818  5150 I ENN_FRAMEWORK: 2.1.19: * Model(ID: 0x332B3000000) is added: ClientProcess[1], Model[3], ExecutableModel[2], ExecuteRequest[2]
02-11 14:31:25.714   818  5150 I ENN_FRAMEWORK: 2.1.19: * (-) Engine::EngineImpl::open_model->(0x332B3000000)
02-11 14:31:25.714   818  5150 I ENN_FRAMEWORK: 2.1.19: * EnnOpenModel Success(0x332B3000000)
02-11 14:31:25.715   818  5150 I ENN_FRAMEWORK: 2.1.19: * Buffer Commit: model_id(0x332B3000000), session_id(0) (+)
02-11 14:31:25.716   818  5150 I ENN_FRAMEWORK: 2.1.19: * (+) Engine::EngineImpl::commit_execution_data->(0x332B3000000)
02-11 14:31:25.716   818  5150 I ENN_FRAMEWORK: 2.1.19: * An ExecutableModel(ID: 0x332B30000B3) from a Model(ID : 0x332B3000000) is created.
02-11 14:31:25.717   818  5150 I ENN_FRAMEWORK: 2.1.19: * (+) NpuUserDriver::CommitSubGraph(), model_id(0x332B3000000), op_list_id(0x332B332B800)
02-11 14:31:25.717   818  5150 I ENN_FRAMEWORK: 2.1.19: * NPU/DSP UD, validate_in_out(), model_id(0x332B3000000), op_list_id(0x332B332B800)
02-11 14:31:25.717   818  5150 I ENN_FRAMEWORK: 2.1.19: * NPU/DSP UD, validate_memory_set(), i(0), expected_size(460800), allocated_size(462848)
02-11 14:31:25.717   818  5150 I ENN_FRAMEWORK: 2.1.19: * NPU/DSP UD, validate_memory_set(), i(0), expected_size(134400), allocated_size(135168)
02-11 14:31:25.718   818  5150 I ENN_FRAMEWORK: 2.1.19: * (-) NpuUserDriver::CommitSubGraph(), model_id(0x332B3000000), op_list_id(0x332B332B800)
02-11 14:31:25.718   527   527 I lmkd    : cached 3, sandbox(not0) 0
02-11 14:31:25.718   527   527 D lmkd    : No processes to kill with adj score >= 850
02-11 14:31:25.719   818  5150 I ENN_FRAMEWORK: 2.1.19: * ExecutableModel(ID: 0x332B30000B3) is added: ClientProcess[1], Model[3], ExecutableModel[3], ExecuteRequest[2]
02-11 14:31:25.719   818  5150 I ENN_FRAMEWORK: 2.1.19: * An ExecuteRequest from an ExecutableModel(ID: 0x332B30000B3) is created.
02-11 14:31:25.719   818  5150 I ENN_FRAMEWORK: 2.1.19: * ExecuteRequest from ExecutableModel(ID: 0x332B30000B3) is added: ClientProcess[1], Model[3], ExecutableModel[3], ExecuteRequest[3]
02-11 14:31:25.719   818  4968 I IRTA    : [DICO:-I] Open[594]: [IRTA][S1][P0] ObjectCreate, OpenAwbRta done
02-11 14:31:25.719   818  5150 I ENN_FRAMEWORK: 2.1.19: * (-) Engine::EngineImpl::commit_execution_data->(0x332B3000000)
02-11 14:31:25.719   818  5150 I ENN_FRAMEWORK: 2.1.19: * EnnBufferCommit: ExecModelID: 0x332B30000B3 from mID 0x332B3000000, 0(-)
02-11 14:31:25.720   818  4968 I IRTA    : [DICO:-I] Open[631]: [IRTA][S1][P0] Global variable init done
02-11 14:31:25.720   818  4968 I WNC]RtaProcessorImpl: [initialize:1132] [W_4_Reprocess] success, isReprocess:1
02-11 14:31:25.720   818  4968 I WNC]AutoTimer: [~AutoTimer:42] Performance RtaHWProcessor::initialize W_4_Reprocess 14 ms
02-11 14:31:25.720   818  4968 I WNC]ImageRta: [waitPreLoadFinish:266] begin (count: 6)
02-11 14:31:25.720   818  4968 I WNC]ImageRta: [waitPreLoadFinish:278] end (count: 6)
02-11 14:31:25.720   818  4968 I WNC]RtaProcessorImpl: [initialize:1115] [W_7_Reprocess] initialize isReprocess:1
02-11 14:31:25.720   818  4968 I WNC]RtaProcessorImpl: [initialize:1132] [W_7_Reprocess] success, isReprocess:1
02-11 14:31:25.720   818  4968 I WNC]AutoTimer: [~AutoTimer:42] Performance RtaHWProcessor::initialize W_7_Reprocess 0 ms
02-11 14:31:25.720   818  4968 I WNC]ImageRta: [waitPreLoadFinish:266] begin (count: 6)
02-11 14:31:25.720   818  4968 I WNC]ImageRta: [waitPreLoadFinish:278] end (count: 6)
02-11 14:31:25.720   818  4968 I WNC]RtaProcessorImpl: [initialize:1115] [W_8_Reprocess] initialize isReprocess:1
02-11 14:31:25.720   818  4968 I WNC]RtaProcessorImpl: [initialize:1132] [W_8_Reprocess] success, isReprocess:1
02-11 14:31:25.720   818  4968 I WNC]AutoTimer: [~AutoTimer:42] Performance RtaHWProcessor::initialize W_8_Reprocess 0 ms
02-11 14:31:25.720   818  4968 I WNC]ISP : [setDvfsScenario:271] [W_10_Reprocess] setDvfsScenario. scenarioMode 0x1 videoSize 4080 x 3060
02-11 14:31:25.722   818  4968 I WNC]ISP : [initialize:223] [W_10_Reprocess] initialize. (4080 x 3060) setFile 0(0x0), isReprocess(1) quantization(1)
02-11 14:31:25.722   818  4968 I WNC]ISP : [setDvfsScenario:271] [W_11_Reprocess] setDvfsScenario. scenarioMode 0x1 videoSize 4080 x 3060
02-11 14:31:25.729   527   527 I lmkd    : cached 3, sandbox(not0) 0
02-11 14:31:25.729   527   527 D lmkd    : No processes to kill with adj score >= 850
02-11 14:31:25.731   818  4968 I WNC]ISP : [initialize:223] [W_11_Reprocess] initialize. (4080 x 3060) setFile 0(0x0), isReprocess(1) quantization(1)
02-11 14:31:25.732   818  5181 I WNC]Thread: [entry:82] Starting Thread [LmeMcscReproces] on ptid: 2b4c1c40 tid:5181 3, priority:0
02-11 14:31:25.732   818  4968 I WNC]AutoTimer: [~AutoTimer:42] Performance ISPHWProcessor::initialize W_103_Reprocess 28 ms
02-11 14:31:25.732   818  5184 I WNC]Thread: [entry:82] Starting Thread [mcfpThread] on ptid: ddfbc40 tid:5184 5, priority:0
02-11 14:31:25.732   818  4968 I WNC]DeviceNode: [start:657] [W_11_Reprocess_MCFP:/dev/video140:0xb4000070421c07d0] start begin
02-11 14:31:25.732   818  4968 I WNC]DeviceNode: [start:660] [W_11_Reprocess_MCFP:/dev/video140:0xb4000070421c07d0] start end
02-11 14:31:25.733   818  4968 I WNC]DeviceNode: [start:657] [W_10_Reprocess_BYRP:/dev/video120:0xb400007032217940] start begin
02-11 14:31:25.733   818  4968 I WNC]DeviceNode: [start:660] [W_10_Reprocess_BYRP:/dev/video120:0xb400007032217940] start end
02-11 14:31:25.733   818  4968 I WNC]RtaProcessorImpl: [start:1159] [W_4_Reprocess] HwInstanceId(1) processorType(0) processType(4) videoDevFd(1027) isReprocess(1) Sensor(imx882) SensorSetfile(/vendor/firmware/setfile_imx882.bin) scenarioIdx(0)
02-11 14:31:25.733   818  4968 I IRTA    : [DICO:-I] Start[786]: [IRTA][S1] videoDevFd: 1027
02-11 14:31:25.733   818  4968 I IRTA    : [DICO:-I] Start[800]: [IRTA][S1] calData: 0xb4000071821772e0, calDataSize: 22016
02-11 14:31:25.733   818  4968 I IRTA    : [DICO:-I] SetSetFileParser[357]: [IRTA][S1] setfileFileName: /vendor/firmware/setfile_imx882.bin
02-11 14:31:25.733   818  4968 I IRTA    : [DICO:-I] Start[878]: [IRTA][S1] SetFileParser Done
02-11 14:31:25.733   818  4968 I IRTA    : [DICO:-I] RunApplyTune[437]: [IRTA][S1] scenarioIdx: 0
02-11 14:31:25.733   818  4968 I IRTA    : [DICO:-I] RunApplyTune[453]: [IRTA][S1] setfileFileName: /vendor/firmware/setfile_imx882.bin
02-11 14:31:25.733   818  4968 I IRTA    : [DICO:-I] RunApplyTune[475]: [IRTA][S1] scenarioIdx: 0, ispSetfileIndex: 0, ispSetfileSize: 340560, meSetfileIndex: 0, meSetfileSize: 2504, setfileUpdatedTime: 1324730897
02-11 14:31:25.733   818  4968 I IRTA    : [DICO:-I] Start[889]: [IRTA][S1] RunApplyTune Done
02-11 14:31:25.734   818  5193 I WNC]Thread: [entry:82] Starting Thread [IspRequest] on ptid: f4caac40 tid:5193 7, priority:0
02-11 14:31:25.734   818  5192 I WNC]Thread: [entry:82] Starting Thread [ISPHWProcessor] on ptid: f4da8c40 tid:5192 7, priority:0
02-11 14:31:25.734   818  5191 I WNC]Thread: [entry:82] Starting Thread [SemanticSegment] on ptid: f4ea6c40 tid:5191 7, priority:0
02-11 14:31:25.734   818  5188 I WNC]Thread: [entry:82] Starting Thread [IspRequest] on ptid: f4fa4c40 tid:5188 7, priority:0
02-11 14:31:25.734   818  5186 I WNC]Thread: [entry:82] Starting Thread [cacThread] on ptid: f51a0c40 tid:5186 7, priority:0
02-11 14:31:25.734   818  5183 I WNC]Thread: [entry:82] Starting Thread [bayerThread] on ptid: 111bcc40 tid:5183 7, priority:0
02-11 14:31:25.734   818  5187 I WNC]Thread: [entry:82] Starting Thread [ISPHWProcessor] on ptid: f50a2c40 tid:5187 3, priority:0
02-11 14:31:25.736  5070  5140 I [SCPMV2][AppDataClearChecker]: tag : ConfigurationPeriodicWorker, workInfos size : 1
02-11 14:31:25.743   527   527 I lmkd    : cached 3, sandbox(not0) 0
02-11 14:31:25.743   527   527 D lmkd    : No processes to kill with adj score >= 850
02-11 14:31:25.745   818  4968 I WNC]RtaProcessorImpl: [start:1177] [W_4_Reprocess] success, isReprocess:1
02-11 14:31:25.746   818  4968 I WNC]RtaProcessorImpl: [start:1159] [W_7_Reprocess] HwInstanceId(1) processorType(0) processType(7) videoDevFd(1027) isReprocess(1) Sensor(imx882) SensorSetfile(/vendor/firmware/setfile_imx882.bin) scenarioIdx(0)
02-11 14:31:25.746   818  4968 I WNC]RtaProcessorImpl: [start:1177] [W_7_Reprocess] success, isReprocess:1
02-11 14:31:25.746   818  4968 I WNC]RtaProcessorImpl: [start:1159] [W_8_Reprocess] HwInstanceId(1) processorType(0) processType(8) videoDevFd(1027) isReprocess(1) Sensor(imx882) SensorSetfile(/vendor/firmware/setfile_imx882.bin) scenarioIdx(0)
02-11 14:31:25.746   818  4968 I WNC]RtaProcessorImpl: [start:1177] [W_8_Reprocess] success, isReprocess:1
02-11 14:31:25.746   818  5195 I WNC]Thread: [entry:82] Starting Thread [RtaHWProcessor] on ptid: f4aaec40 tid:5195 3, priority:0
02-11 14:31:25.747   818  4968 I WNC]DeviceNode: [start:657] [W_2_Reprocess_LME:/dev/video170:0xb4000070c2161bd0] start begin
02-11 14:31:25.747   818  4968 I WNC]DeviceNode: [start:660] [W_2_Reprocess_LME:/dev/video170:0xb4000070c2161bd0] start end
02-11 14:31:25.747   818  5194 I WNC]Thread: [entry:82] Starting Thread [RtaHWProcessor] on ptid: f4bacc40 tid:5194 3, priority:0
02-11 14:31:25.747   818  4968 I WNC]VendorCameraScenario: [startReprocessStream:4828] end camIndex:0
02-11 14:31:25.748   818  5207 I WNC]Thread: [entry:82] Starting Thread [IspRequest] on ptid: f47b4c40 tid:5207 3, priority:0
02-11 14:31:25.748   818  5199 I WNC]Thread: [entry:82] Starting Thread [ISPHWProcessor] on ptid: f48b2c40 tid:5199 7, priority:0
02-11 14:31:25.748   818  5196 I WNC]Thread: [entry:82] Starting Thread [RtaHWProcessor] on ptid: f49b0c40 tid:5196 7, priority:0
02-11 14:31:25.749   818  5065 I WNC]BufferSizeTable: [getHwBayerCropRegion:159] [Cam0][(N) camIndex:0 frN:0 HwfrN:0 Id:0 T:0] [BCROP] BCROP_REGION(0,0,4080x3060)
02-11 14:31:25.749   818  5065 I WNC]BufferSizeTable: [getHwBayerCropRegion:159] [Cam0][(N) camIndex:0 frN:0 HwfrN:0 Id:0 T:0] [BCROP] BCROP_REGION(0,0,4080x3060)
02-11 14:31:25.753   818  5065 I WNC]CaptureController: [requestCapture:207] [Cam0][(N) camIndex:0 frN:0 HwfrN:0 Id:0 T:0] camIndex:0, remainMessageCount:4, mSensorCaptureRequestCount = 3 remainRequestQueue:0 mainsenIdx:0
02-11 14:31:25.754   818  5065 I WNC]FlashActivity: [updateRequestMetadata:497] [Cam0][(N) camIndex:0 frN:0 HwfrN:0 Id:0 T:0] ctl.aa.aemode=100 / uctl.flashMode=0 / flashReq=0 / mAeMode=1
02-11 14:31:25.754   818  5065 I WNC]FlashActivity: [updateRequestMetadata:513] [Cam0][(N) camIndex:0 frN:0 HwfrN:0 Id:0 T:0] mOverrideFlashControl=0, shotExt.shot.ctl.flash.flashMode=1 m->mFlashReq=0, m->mFlashStatus=0, m->mFlashStep=0, m->mAeState=1 afTrigger=0, aePrecaptureTrigger=0,captureIntent=1
02-11 14:31:25.754   818  5065 I WNC]FlashActivity: [updateRequestMetadata:650] [Cam0][(N) camIndex:0 frN:0 HwfrN:0 Id:0 T:0] vendor_aeflashMode(1), flashMode (1), firingTime (0), firingPower(0)afTrigger(0)
02-11 14:31:25.754   818  5065 I WNC]CaptureController: [requestPeriodicCapture:844] [Cam0][(N) camIndex:0 frN:0 HwfrN:0 Id:0 T:0] node, FrameImage::Type, image: {TXO_OUT, Orbc, SensorOrbc.520755/0/454,m462,}
02-11 14:31:25.754   818  5065 I WNC]CaptureController: [requestPeriodicCapture:844] [Cam0][(N) camIndex:0 frN:0 HwfrN:0 Id:0 T:0] node, FrameImage::Type, image: {SSXVC0_OUT, Preview, SensorBayer.700486/0/84,m86,}
02-11 14:31:25.754   818  5065 I WNC]CaptureController: [requestPeriodicCapture:844] [Cam0][(N) camIndex:0 frN:0 HwfrN:0 Id:0 T:0] node, FrameImage::Type, image: {TXD_OUT, Drc, SensorDrc.789063/0/330,m311,}
02-11 14:31:25.754   818  5065 I WNC]CaptureController: [requestPeriodicCapture:844] [Cam0][(N) camIndex:0 frN:0 HwfrN:0 Id:0 T:0] node, FrameImage::Type, image: {TXF_OUT, Fd, SensorFd.588063/0/983,m986,}
02-11 14:31:25.754   527   527 I lmkd    : cached 3, sandbox(not0) 0
02-11 14:31:25.754   527   527 D lmkd    : No processes to kill with adj score >= 850
02-11 14:31:25.761   818  5174 E WNC]SensorHWProcessorImpl: [acquire3aaPath:122] [W_0_Preview] reserved 0 is used for specific scednario(pip:1, single:0)
02-11 14:31:25.761   818  5174 I WNC]SensorHWProcessorImpl: [printPerFrameInfo:555] [Cam-1][senIdx:0 frN:-1 Id:-1] [W_0_Preview] leader: vid(W_0_Preview_REAR0_SENSOR/101/SensorMeta.248409/0/103,m104,) req(0->1) oldCrop[0 0 0, 0 / 0, 0, 0, 0] -> newCrop[0 0 4080, 3060 / 0, 0, 4080, 3060] flag(0x0 -> 0x2) size(0 0 -> 0 0) BPL(0 -> 0) mode(0 -> 1) fmt( -> pBAA)pixelSize(0 -> 2) quantization(0 -> 1)
